Component: ARM Compiler 5.06 update 3 (build 300) Tool: armlink [4d35c9]

==============================================================================

Section Cross References

    main.o(i.init) refers to ultrasonic.o(i.Ultrasonic_Init) for Ultrasonic_Init
    main.o(i.init) refers to ultrasonic.o(i.Ultrasonic_Trigger_Timer_Init) for Ultrasonic_Trigger_Timer_Init
    main.o(i.init) refers to timer.o(i.Ultrasonic_Capture_Timer_Init) for Ultrasonic_Capture_Timer_Init
    main.o(i.init) refers to ultrasonic.o(i.Ultrasonic_Start_Trigger_Timer) for Ultrasonic_Start_Trigger_Timer
    main.o(i.init) refers to lcd.o(i.LCD_Init) for LCD_Init
    main.o(i.init) refers to lcd.o(i.LCD_clearDisplay) for LCD_clearDisplay
    main.o(i.init) refers to lcd.o(i.LCD_write) for LCD_write
    main.o(i.init) refers to lcd.o(i.LCD_data) for LCD_data
    main.o(i.init) refers to serial.o(i.Serial_Init) for Serial_Init
    main.o(i.main) refers to main.o(i.init) for init
    main.o(i.main) refers to printfa.o(i.__0sprintf) for __2sprintf
    main.o(i.main) refers to serial.o(i.Serial_WriteData) for Serial_WriteData
    main.o(i.main) refers to main.o(i.update) for update
    main.o(i.main) refers to main.o(.bss) for stringValue
    main.o(i.main) refers to serial.o(.data) for serialTransmitData
    main.o(i.update) refers to dfltui.o(.text) for __aeabi_ui2d
    main.o(i.update) refers to ddiv.o(.text) for __aeabi_ddiv
    main.o(i.update) refers to d2f.o(.text) for __aeabi_d2f
    main.o(i.update) refers to lcd.o(i.LCD_setCursorPositionFirstLine) for LCD_setCursorPositionFirstLine
    main.o(i.update) refers to lcd.o(i.LCD_data) for LCD_data
    main.o(i.update) refers to f2d.o(.text) for __aeabi_f2d
    main.o(i.update) refers to printfa.o(i.__0sprintf) for __2sprintf
    main.o(i.update) refers to serial.o(i.Serial_WriteData) for Serial_WriteData
    main.o(i.update) refers to ultrasonic.o(.data) for ultrasonicSensorNewDataAvailable
    main.o(i.update) refers to main.o(.data) for distance
    main.o(i.update) refers to main.o(.bss) for stringValue
    main.o(i.update) refers to serial.o(.data) for serialTransmitData
    ultrasonic.o(i.TIMER2_IRQHandler) refers to ultrasonic.o(.data) for ultrasonicSensorTriggerStart
    timer.o(i.TIMER3_IRQHandler) refers to ultrasonic.o(.data) for ultrasonicSensorCaptureRisingEdge
    lcd.o(i.LCD_Init) refers to lcd.o(i.LCD_command) for LCD_command
    lcd.o(i.LCD_Init) refers to lcd.o(i.LCD_cursorBlinking) for LCD_cursorBlinking
    lcd.o(i.LCD_Init) refers to lcd.o(i.LCD_cursorAutoIncrement) for LCD_cursorAutoIncrement
    lcd.o(i.LCD_Init) refers to lcd.o(i.LCD_clearDisplay) for LCD_clearDisplay
    lcd.o(i.LCD_Init) refers to lcd.o(i.LCD_setCursorHome) for LCD_setCursorHome
    lcd.o(i.LCD_clearDisplay) refers to lcd.o(i.LCD_command) for LCD_command
    lcd.o(i.LCD_clearDisplayWithoutRAM) refers to lcd.o(i.LCD_command) for LCD_command
    lcd.o(i.LCD_command) refers to gpio.o(i.GPIO_PIN_Write) for GPIO_PIN_Write
    lcd.o(i.LCD_command) refers to lcd.o(i.LCD_toogle) for LCD_toogle
    lcd.o(i.LCD_cursorAutoIncrement) refers to lcd.o(i.LCD_command) for LCD_command
    lcd.o(i.LCD_cursorBlinking) refers to lcd.o(i.LCD_command) for LCD_command
    lcd.o(i.LCD_cursorOFF) refers to lcd.o(i.LCD_command) for LCD_command
    lcd.o(i.LCD_cursorON) refers to lcd.o(i.LCD_command) for LCD_command
    lcd.o(i.LCD_data) refers to gpio.o(i.GPIO_PIN_Write) for GPIO_PIN_Write
    lcd.o(i.LCD_data) refers to lcd.o(i.LCD_toogle) for LCD_toogle
    lcd.o(i.LCD_moveCursorLeft) refers to lcd.o(i.LCD_command) for LCD_command
    lcd.o(i.LCD_moveCursorRight) refers to lcd.o(i.LCD_command) for LCD_command
    lcd.o(i.LCD_setCursorHome) refers to lcd.o(i.LCD_command) for LCD_command
    lcd.o(i.LCD_setCursorPositionFirstLine) refers to lcd.o(i.LCD_command) for LCD_command
    lcd.o(i.LCD_setCursorPositionSecondLine) refers to lcd.o(i.LCD_command) for LCD_command
    lcd.o(i.LCD_shiftLeft) refers to lcd.o(i.LCD_command) for LCD_command
    lcd.o(i.LCD_shiftRight) refers to lcd.o(i.LCD_command) for LCD_command
    lcd.o(i.LCD_toogle) refers to wait.o(i.wait) for wait
    lcd.o(i.LCD_write) refers to lcd.o(i.LCD_data) for LCD_data
    serial.o(i.Serial_WriteData) refers to serial.o(.data) for serialTransmitCompleted
    serial.o(i.UART0_IRQHandler) refers to serial.o(i.Serial_ReadData) for Serial_ReadData
    serial.o(i.UART0_IRQHandler) refers to serial.o(i.Serial_WriteData) for Serial_WriteData
    serial.o(i.UART0_IRQHandler) refers to serial.o(.data) for serialReceivedCharacter
    startup_lpc407x_8x_177x_8x.o(RESET) refers to startup_lpc407x_8x_177x_8x.o(STACK) for __initial_sp
    startup_lpc407x_8x_177x_8x.o(RESET) refers to startup_lpc407x_8x_177x_8x.o(.text) for Reset_Handler
    startup_lpc407x_8x_177x_8x.o(RESET) refers to ultrasonic.o(i.TIMER2_IRQHandler) for TIMER2_IRQHandler
    startup_lpc407x_8x_177x_8x.o(RESET) refers to timer.o(i.TIMER3_IRQHandler) for TIMER3_IRQHandler
    startup_lpc407x_8x_177x_8x.o(RESET) refers to serial.o(i.UART0_IRQHandler) for UART0_IRQHandler
    startup_lpc407x_8x_177x_8x.o(.text) refers to system_lpc407x_8x_177x_8x.o(i.SystemInit) for SystemInit
    startup_lpc407x_8x_177x_8x.o(.text) refers to entry.o(.ARM.Collect$$$$00000000) for __main
    system_lpc407x_8x_177x_8x.o(i.SystemCoreClockUpdate) refers to system_lpc407x_8x_177x_8x.o(.data) for SystemCoreClock
    system_lpc407x_8x_177x_8x.o(i.SystemInit) refers to system_lpc407x_8x_177x_8x.o(i.fpu_init) for fpu_init
    system_lpc407x_8x_177x_8x.o(i.SystemInit) refers to system_lpc407x_8x_177x_8x.o(i.SystemCoreClockUpdate) for SystemCoreClockUpdate
    entry.o(.ARM.Collect$$$$00000000) refers (Special) to entry10a.o(.ARM.Collect$$$$0000000D) for __rt_final_cpp
    entry.o(.ARM.Collect$$$$00000000) refers (Special) to entry11a.o(.ARM.Collect$$$$0000000F) for __rt_final_exit
    entry.o(.ARM.Collect$$$$00000000) refers (Special) to entry7b.o(.ARM.Collect$$$$00000008) for _main_clock
    entry.o(.ARM.Collect$$$$00000000) refers (Special) to entry8b.o(.ARM.Collect$$$$0000000A) for _main_cpp_init
    entry.o(.ARM.Collect$$$$00000000) refers (Special) to entry9a.o(.ARM.Collect$$$$0000000B) for _main_init
    entry.o(.ARM.Collect$$$$00000000) refers (Special) to entry5.o(.ARM.Collect$$$$00000004) for _main_scatterload
    entry.o(.ARM.Collect$$$$00000000) refers (Special) to entry2.o(.ARM.Collect$$$$00000001) for _main_stk
    printfb.o(i.__0fprintf$bare) refers to printfb.o(i._printf_core) for _printf_core
    printfb.o(i.__0fprintf$bare) refers to fputc.o(i.fputc) for fputc
    printfb.o(i.__0printf$bare) refers to printfb.o(i._printf_core) for _printf_core
    printfb.o(i.__0printf$bare) refers to fputc.o(i.fputc) for fputc
    printfb.o(i.__0printf$bare) refers to stdout.o(.data) for __stdout
    printfb.o(i.__0snprintf$bare) refers to printfb.o(i._printf_core) for _printf_core
    printfb.o(i.__0snprintf$bare) refers to printfb.o(i._snputc) for _snputc
    printfb.o(i.__0sprintf$bare) refers to printfb.o(i._printf_core) for _printf_core
    printfb.o(i.__0sprintf$bare) refers to printfb.o(i._sputc) for _sputc
    printfb.o(i.__0vfprintf$bare) refers to printfb.o(i._printf_core) for _printf_core
    printfb.o(i.__0vfprintf$bare) refers to fputc.o(i.fputc) for fputc
    printfb.o(i.__0vprintf$bare) refers to printfb.o(i._printf_core) for _printf_core
    printfb.o(i.__0vprintf$bare) refers to fputc.o(i.fputc) for fputc
    printfb.o(i.__0vprintf$bare) refers to stdout.o(.data) for __stdout
    printfb.o(i.__0vsnprintf$bare) refers to printfb.o(i._printf_core) for _printf_core
    printfb.o(i.__0vsnprintf$bare) refers to printfb.o(i._snputc) for _snputc
    printfb.o(i.__0vsprintf$bare) refers to printfb.o(i._printf_core) for _printf_core
    printfb.o(i.__0vsprintf$bare) refers to printfb.o(i._sputc) for _sputc
    printf0.o(i.__0fprintf$0) refers to printf0.o(i._printf_core) for _printf_core
    printf0.o(i.__0fprintf$0) refers to fputc.o(i.fputc) for fputc
    printf0.o(i.__0printf$0) refers to printf0.o(i._printf_core) for _printf_core
    printf0.o(i.__0printf$0) refers to fputc.o(i.fputc) for fputc
    printf0.o(i.__0printf$0) refers to stdout.o(.data) for __stdout
    printf0.o(i.__0snprintf$0) refers to printf0.o(i._printf_core) for _printf_core
    printf0.o(i.__0snprintf$0) refers to printf0.o(i._snputc) for _snputc
    printf0.o(i.__0sprintf$0) refers to printf0.o(i._printf_core) for _printf_core
    printf0.o(i.__0sprintf$0) refers to printf0.o(i._sputc) for _sputc
    printf0.o(i.__0vfprintf$0) refers to printf0.o(i._printf_core) for _printf_core
    printf0.o(i.__0vfprintf$0) refers to fputc.o(i.fputc) for fputc
    printf0.o(i.__0vprintf$0) refers to printf0.o(i._printf_core) for _printf_core
    printf0.o(i.__0vprintf$0) refers to fputc.o(i.fputc) for fputc
    printf0.o(i.__0vprintf$0) refers to stdout.o(.data) for __stdout
    printf0.o(i.__0vsnprintf$0) refers to printf0.o(i._printf_core) for _printf_core
    printf0.o(i.__0vsnprintf$0) refers to printf0.o(i._snputc) for _snputc
    printf0.o(i.__0vsprintf$0) refers to printf0.o(i._printf_core) for _printf_core
    printf0.o(i.__0vsprintf$0) refers to printf0.o(i._sputc) for _sputc
    printf1.o(i.__0fprintf$1) refers to printf1.o(i._printf_core) for _printf_core
    printf1.o(i.__0fprintf$1) refers to fputc.o(i.fputc) for fputc
    printf1.o(i.__0printf$1) refers to printf1.o(i._printf_core) for _printf_core
    printf1.o(i.__0printf$1) refers to fputc.o(i.fputc) for fputc
    printf1.o(i.__0printf$1) refers to stdout.o(.data) for __stdout
    printf1.o(i.__0snprintf$1) refers to printf1.o(i._printf_core) for _printf_core
    printf1.o(i.__0snprintf$1) refers to printf1.o(i._snputc) for _snputc
    printf1.o(i.__0sprintf$1) refers to printf1.o(i._printf_core) for _printf_core
    printf1.o(i.__0sprintf$1) refers to printf1.o(i._sputc) for _sputc
    printf1.o(i.__0vfprintf$1) refers to printf1.o(i._printf_core) for _printf_core
    printf1.o(i.__0vfprintf$1) refers to fputc.o(i.fputc) for fputc
    printf1.o(i.__0vprintf$1) refers to printf1.o(i._printf_core) for _printf_core
    printf1.o(i.__0vprintf$1) refers to fputc.o(i.fputc) for fputc
    printf1.o(i.__0vprintf$1) refers to stdout.o(.data) for __stdout
    printf1.o(i.__0vsnprintf$1) refers to printf1.o(i._printf_core) for _printf_core
    printf1.o(i.__0vsnprintf$1) refers to printf1.o(i._snputc) for _snputc
    printf1.o(i.__0vsprintf$1) refers to printf1.o(i._printf_core) for _printf_core
    printf1.o(i.__0vsprintf$1) refers to printf1.o(i._sputc) for _sputc
    printf1.o(i._printf_core) refers to uidiv.o(.text) for __aeabi_uidivmod
    printf2.o(i.__0fprintf$2) refers to printf2.o(i._printf_core) for _printf_core
    printf2.o(i.__0fprintf$2) refers to fputc.o(i.fputc) for fputc
    printf2.o(i.__0printf$2) refers to printf2.o(i._printf_core) for _printf_core
    printf2.o(i.__0printf$2) refers to fputc.o(i.fputc) for fputc
    printf2.o(i.__0printf$2) refers to stdout.o(.data) for __stdout
    printf2.o(i.__0snprintf$2) refers to printf2.o(i._printf_core) for _printf_core
    printf2.o(i.__0snprintf$2) refers to printf2.o(i._snputc) for _snputc
    printf2.o(i.__0sprintf$2) refers to printf2.o(i._printf_core) for _printf_core
    printf2.o(i.__0sprintf$2) refers to printf2.o(i._sputc) for _sputc
    printf2.o(i.__0vfprintf$2) refers to printf2.o(i._printf_core) for _printf_core
    printf2.o(i.__0vfprintf$2) refers to fputc.o(i.fputc) for fputc
    printf2.o(i.__0vprintf$2) refers to printf2.o(i._printf_core) for _printf_core
    printf2.o(i.__0vprintf$2) refers to fputc.o(i.fputc) for fputc
    printf2.o(i.__0vprintf$2) refers to stdout.o(.data) for __stdout
    printf2.o(i.__0vsnprintf$2) refers to printf2.o(i._printf_core) for _printf_core
    printf2.o(i.__0vsnprintf$2) refers to printf2.o(i._snputc) for _snputc
    printf2.o(i.__0vsprintf$2) refers to printf2.o(i._printf_core) for _printf_core
    printf2.o(i.__0vsprintf$2) refers to printf2.o(i._sputc) for _sputc
    printf3.o(i.__0fprintf$3) refers to printf3.o(i._printf_core) for _printf_core
    printf3.o(i.__0fprintf$3) refers to fputc.o(i.fputc) for fputc
    printf3.o(i.__0printf$3) refers to printf3.o(i._printf_core) for _printf_core
    printf3.o(i.__0printf$3) refers to fputc.o(i.fputc) for fputc
    printf3.o(i.__0printf$3) refers to stdout.o(.data) for __stdout
    printf3.o(i.__0snprintf$3) refers to printf3.o(i._printf_core) for _printf_core
    printf3.o(i.__0snprintf$3) refers to printf3.o(i._snputc) for _snputc
    printf3.o(i.__0sprintf$3) refers to printf3.o(i._printf_core) for _printf_core
    printf3.o(i.__0sprintf$3) refers to printf3.o(i._sputc) for _sputc
    printf3.o(i.__0vfprintf$3) refers to printf3.o(i._printf_core) for _printf_core
    printf3.o(i.__0vfprintf$3) refers to fputc.o(i.fputc) for fputc
    printf3.o(i.__0vprintf$3) refers to printf3.o(i._printf_core) for _printf_core
    printf3.o(i.__0vprintf$3) refers to fputc.o(i.fputc) for fputc
    printf3.o(i.__0vprintf$3) refers to stdout.o(.data) for __stdout
    printf3.o(i.__0vsnprintf$3) refers to printf3.o(i._printf_core) for _printf_core
    printf3.o(i.__0vsnprintf$3) refers to printf3.o(i._snputc) for _snputc
    printf3.o(i.__0vsprintf$3) refers to printf3.o(i._printf_core) for _printf_core
    printf3.o(i.__0vsprintf$3) refers to printf3.o(i._sputc) for _sputc
    printf3.o(i._printf_core) refers to uidiv.o(.text) for __aeabi_uidivmod
    printf4.o(i.__0fprintf$4) refers to printf4.o(i._printf_core) for _printf_core
    printf4.o(i.__0fprintf$4) refers to fputc.o(i.fputc) for fputc
    printf4.o(i.__0printf$4) refers to printf4.o(i._printf_core) for _printf_core
    printf4.o(i.__0printf$4) refers to fputc.o(i.fputc) for fputc
    printf4.o(i.__0printf$4) refers to stdout.o(.data) for __stdout
    printf4.o(i.__0snprintf$4) refers to printf4.o(i._printf_core) for _printf_core
    printf4.o(i.__0snprintf$4) refers to printf4.o(i._snputc) for _snputc
    printf4.o(i.__0sprintf$4) refers to printf4.o(i._printf_core) for _printf_core
    printf4.o(i.__0sprintf$4) refers to printf4.o(i._sputc) for _sputc
    printf4.o(i.__0vfprintf$4) refers to printf4.o(i._printf_core) for _printf_core
    printf4.o(i.__0vfprintf$4) refers to fputc.o(i.fputc) for fputc
    printf4.o(i.__0vprintf$4) refers to printf4.o(i._printf_core) for _printf_core
    printf4.o(i.__0vprintf$4) refers to fputc.o(i.fputc) for fputc
    printf4.o(i.__0vprintf$4) refers to stdout.o(.data) for __stdout
    printf4.o(i.__0vsnprintf$4) refers to printf4.o(i._printf_core) for _printf_core
    printf4.o(i.__0vsnprintf$4) refers to printf4.o(i._snputc) for _snputc
    printf4.o(i.__0vsprintf$4) refers to printf4.o(i._printf_core) for _printf_core
    printf4.o(i.__0vsprintf$4) refers to printf4.o(i._sputc) for _sputc
    printf4.o(i._printf_core) refers to uldiv.o(.text) for __aeabi_uldivmod
    printf5.o(i.__0fprintf$5) refers to printf5.o(i._printf_core) for _printf_core
    printf5.o(i.__0fprintf$5) refers to fputc.o(i.fputc) for fputc
    printf5.o(i.__0printf$5) refers to printf5.o(i._printf_core) for _printf_core
    printf5.o(i.__0printf$5) refers to fputc.o(i.fputc) for fputc
    printf5.o(i.__0printf$5) refers to stdout.o(.data) for __stdout
    printf5.o(i.__0snprintf$5) refers to printf5.o(i._printf_core) for _printf_core
    printf5.o(i.__0snprintf$5) refers to printf5.o(i._snputc) for _snputc
    printf5.o(i.__0sprintf$5) refers to printf5.o(i._printf_core) for _printf_core
    printf5.o(i.__0sprintf$5) refers to printf5.o(i._sputc) for _sputc
    printf5.o(i.__0vfprintf$5) refers to printf5.o(i._printf_core) for _printf_core
    printf5.o(i.__0vfprintf$5) refers to fputc.o(i.fputc) for fputc
    printf5.o(i.__0vprintf$5) refers to printf5.o(i._printf_core) for _printf_core
    printf5.o(i.__0vprintf$5) refers to fputc.o(i.fputc) for fputc
    printf5.o(i.__0vprintf$5) refers to stdout.o(.data) for __stdout
    printf5.o(i.__0vsnprintf$5) refers to printf5.o(i._printf_core) for _printf_core
    printf5.o(i.__0vsnprintf$5) refers to printf5.o(i._snputc) for _snputc
    printf5.o(i.__0vsprintf$5) refers to printf5.o(i._printf_core) for _printf_core
    printf5.o(i.__0vsprintf$5) refers to printf5.o(i._sputc) for _sputc
    printf5.o(i._printf_core) refers to uldiv.o(.text) for __aeabi_uldivmod
    printf6.o(i.__0fprintf$6) refers to printf6.o(i._printf_core) for _printf_core
    printf6.o(i.__0fprintf$6) refers to fputc.o(i.fputc) for fputc
    printf6.o(i.__0printf$6) refers to printf6.o(i._printf_core) for _printf_core
    printf6.o(i.__0printf$6) refers to fputc.o(i.fputc) for fputc
    printf6.o(i.__0printf$6) refers to stdout.o(.data) for __stdout
    printf6.o(i.__0snprintf$6) refers to printf6.o(i._printf_core) for _printf_core
    printf6.o(i.__0snprintf$6) refers to printf6.o(i._snputc) for _snputc
    printf6.o(i.__0sprintf$6) refers to printf6.o(i._printf_core) for _printf_core
    printf6.o(i.__0sprintf$6) refers to printf6.o(i._sputc) for _sputc
    printf6.o(i.__0vfprintf$6) refers to printf6.o(i._printf_core) for _printf_core
    printf6.o(i.__0vfprintf$6) refers to fputc.o(i.fputc) for fputc
    printf6.o(i.__0vprintf$6) refers to printf6.o(i._printf_core) for _printf_core
    printf6.o(i.__0vprintf$6) refers to fputc.o(i.fputc) for fputc
    printf6.o(i.__0vprintf$6) refers to stdout.o(.data) for __stdout
    printf6.o(i.__0vsnprintf$6) refers to printf6.o(i._printf_core) for _printf_core
    printf6.o(i.__0vsnprintf$6) refers to printf6.o(i._snputc) for _snputc
    printf6.o(i.__0vsprintf$6) refers to printf6.o(i._printf_core) for _printf_core
    printf6.o(i.__0vsprintf$6) refers to printf6.o(i._sputc) for _sputc
    printf6.o(i._printf_core) refers to printf6.o(i._printf_pre_padding) for _printf_pre_padding
    printf6.o(i._printf_core) refers to uidiv.o(.text) for __aeabi_uidivmod
    printf6.o(i._printf_core) refers to printf6.o(i._printf_post_padding) for _printf_post_padding
    printf7.o(i.__0fprintf$7) refers to printf7.o(i._printf_core) for _printf_core
    printf7.o(i.__0fprintf$7) refers to fputc.o(i.fputc) for fputc
    printf7.o(i.__0printf$7) refers to printf7.o(i._printf_core) for _printf_core
    printf7.o(i.__0printf$7) refers to fputc.o(i.fputc) for fputc
    printf7.o(i.__0printf$7) refers to stdout.o(.data) for __stdout
    printf7.o(i.__0snprintf$7) refers to printf7.o(i._printf_core) for _printf_core
    printf7.o(i.__0snprintf$7) refers to printf7.o(i._snputc) for _snputc
    printf7.o(i.__0sprintf$7) refers to printf7.o(i._printf_core) for _printf_core
    printf7.o(i.__0sprintf$7) refers to printf7.o(i._sputc) for _sputc
    printf7.o(i.__0vfprintf$7) refers to printf7.o(i._printf_core) for _printf_core
    printf7.o(i.__0vfprintf$7) refers to fputc.o(i.fputc) for fputc
    printf7.o(i.__0vprintf$7) refers to printf7.o(i._printf_core) for _printf_core
    printf7.o(i.__0vprintf$7) refers to fputc.o(i.fputc) for fputc
    printf7.o(i.__0vprintf$7) refers to stdout.o(.data) for __stdout
    printf7.o(i.__0vsnprintf$7) refers to printf7.o(i._printf_core) for _printf_core
    printf7.o(i.__0vsnprintf$7) refers to printf7.o(i._snputc) for _snputc
    printf7.o(i.__0vsprintf$7) refers to printf7.o(i._printf_core) for _printf_core
    printf7.o(i.__0vsprintf$7) refers to printf7.o(i._sputc) for _sputc
    printf7.o(i._printf_core) refers to printf7.o(i._printf_pre_padding) for _printf_pre_padding
    printf7.o(i._printf_core) refers to uldiv.o(.text) for __aeabi_uldivmod
    printf7.o(i._printf_core) refers to printf7.o(i._printf_post_padding) for _printf_post_padding
    printf8.o(i.__0fprintf$8) refers to printf8.o(i._printf_core) for _printf_core
    printf8.o(i.__0fprintf$8) refers to fputc.o(i.fputc) for fputc
    printf8.o(i.__0printf$8) refers to printf8.o(i._printf_core) for _printf_core
    printf8.o(i.__0printf$8) refers to fputc.o(i.fputc) for fputc
    printf8.o(i.__0printf$8) refers to stdout.o(.data) for __stdout
    printf8.o(i.__0snprintf$8) refers to printf8.o(i._printf_core) for _printf_core
    printf8.o(i.__0snprintf$8) refers to printf8.o(i._snputc) for _snputc
    printf8.o(i.__0sprintf$8) refers to printf8.o(i._printf_core) for _printf_core
    printf8.o(i.__0sprintf$8) refers to printf8.o(i._sputc) for _sputc
    printf8.o(i.__0vfprintf$8) refers to printf8.o(i._printf_core) for _printf_core
    printf8.o(i.__0vfprintf$8) refers to fputc.o(i.fputc) for fputc
    printf8.o(i.__0vprintf$8) refers to printf8.o(i._printf_core) for _printf_core
    printf8.o(i.__0vprintf$8) refers to fputc.o(i.fputc) for fputc
    printf8.o(i.__0vprintf$8) refers to stdout.o(.data) for __stdout
    printf8.o(i.__0vsnprintf$8) refers to printf8.o(i._printf_core) for _printf_core
    printf8.o(i.__0vsnprintf$8) refers to printf8.o(i._snputc) for _snputc
    printf8.o(i.__0vsprintf$8) refers to printf8.o(i._printf_core) for _printf_core
    printf8.o(i.__0vsprintf$8) refers to printf8.o(i._sputc) for _sputc
    printf8.o(i._printf_core) refers to printf8.o(i._printf_pre_padding) for _printf_pre_padding
    printf8.o(i._printf_core) refers to uldiv.o(.text) for __aeabi_uldivmod
    printf8.o(i._printf_core) refers to printf8.o(i._printf_post_padding) for _printf_post_padding
    printfa.o(i.__0fprintf) refers (Special) to iusefp.o(.text) for __I$use$fp
    printfa.o(i.__0fprintf) refers to printfa.o(i._printf_core) for _printf_core
    printfa.o(i.__0fprintf) refers to fputc.o(i.fputc) for fputc
    printfa.o(i.__0printf) refers (Special) to iusefp.o(.text) for __I$use$fp
    printfa.o(i.__0printf) refers to printfa.o(i._printf_core) for _printf_core
    printfa.o(i.__0printf) refers to fputc.o(i.fputc) for fputc
    printfa.o(i.__0printf) refers to stdout.o(.data) for __stdout
    printfa.o(i.__0snprintf) refers (Special) to iusefp.o(.text) for __I$use$fp
    printfa.o(i.__0snprintf) refers to printfa.o(i._printf_core) for _printf_core
    printfa.o(i.__0snprintf) refers to printfa.o(i._snputc) for _snputc
    printfa.o(i.__0sprintf) refers (Special) to iusefp.o(.text) for __I$use$fp
    printfa.o(i.__0sprintf) refers to printfa.o(i._printf_core) for _printf_core
    printfa.o(i.__0sprintf) refers to printfa.o(i._sputc) for _sputc
    printfa.o(i.__0vfprintf) refers (Special) to iusefp.o(.text) for __I$use$fp
    printfa.o(i.__0vfprintf) refers to printfa.o(i._printf_core) for _printf_core
    printfa.o(i.__0vfprintf) refers to fputc.o(i.fputc) for fputc
    printfa.o(i.__0vprintf) refers (Special) to iusefp.o(.text) for __I$use$fp
    printfa.o(i.__0vprintf) refers to printfa.o(i._printf_core) for _printf_core
    printfa.o(i.__0vprintf) refers to fputc.o(i.fputc) for fputc
    printfa.o(i.__0vprintf) refers to stdout.o(.data) for __stdout
    printfa.o(i.__0vsnprintf) refers (Special) to iusefp.o(.text) for __I$use$fp
    printfa.o(i.__0vsnprintf) refers to printfa.o(i._printf_core) for _printf_core
    printfa.o(i.__0vsnprintf) refers to printfa.o(i._snputc) for _snputc
    printfa.o(i.__0vsprintf) refers (Special) to iusefp.o(.text) for __I$use$fp
    printfa.o(i.__0vsprintf) refers to printfa.o(i._printf_core) for _printf_core
    printfa.o(i.__0vsprintf) refers to printfa.o(i._sputc) for _sputc
    printfa.o(i._fp_digits) refers (Special) to iusefp.o(.text) for __I$use$fp
    printfa.o(i._fp_digits) refers to dmul.o(.text) for __aeabi_dmul
    printfa.o(i._fp_digits) refers to ddiv.o(.text) for __aeabi_ddiv
    printfa.o(i._fp_digits) refers to cdrcmple.o(.text) for __aeabi_cdrcmple
    printfa.o(i._fp_digits) refers to dadd.o(.text) for __aeabi_dadd
    printfa.o(i._fp_digits) refers to dfixul.o(.text) for __aeabi_d2ulz
    printfa.o(i._fp_digits) refers to uldiv.o(.text) for __aeabi_uldivmod
    printfa.o(i._printf_core) refers (Special) to iusefp.o(.text) for __I$use$fp
    printfa.o(i._printf_core) refers to printfa.o(i._printf_pre_padding) for _printf_pre_padding
    printfa.o(i._printf_core) refers to uldiv.o(.text) for __aeabi_uldivmod
    printfa.o(i._printf_core) refers to printfa.o(i._printf_post_padding) for _printf_post_padding
    printfa.o(i._printf_core) refers to printfa.o(i._fp_digits) for _fp_digits
    printfa.o(i._printf_core) refers to uidiv.o(.text) for __aeabi_uidivmod
    printfa.o(i._printf_post_padding) refers (Special) to iusefp.o(.text) for __I$use$fp
    printfa.o(i._printf_pre_padding) refers (Special) to iusefp.o(.text) for __I$use$fp
    printfa.o(i._snputc) refers (Special) to iusefp.o(.text) for __I$use$fp
    printfa.o(i._sputc) refers (Special) to iusefp.o(.text) for __I$use$fp
    ddiv.o(.text) refers (Special) to iusefp.o(.text) for __I$use$fp
    ddiv.o(.text) refers to depilogue.o(.text) for _double_round
    dfltui.o(.text) refers (Special) to iusefp.o(.text) for __I$use$fp
    dfltui.o(.text) refers to depilogue.o(.text) for _double_epilogue
    f2d.o(.text) refers (Special) to iusefp.o(.text) for __I$use$fp
    d2f.o(.text) refers (Special) to iusefp.o(.text) for __I$use$fp
    d2f.o(.text) refers to fepilogue.o(.text) for _float_round
    entry2.o(.ARM.Collect$$$$00000001) refers to entry2.o(.ARM.Collect$$$$00002712) for __lit__00000000
    entry2.o(.ARM.Collect$$$$00002712) refers to startup_lpc407x_8x_177x_8x.o(STACK) for __initial_sp
    entry2.o(__vectab_stack_and_reset_area) refers to startup_lpc407x_8x_177x_8x.o(STACK) for __initial_sp
    entry2.o(__vectab_stack_and_reset_area) refers to entry.o(.ARM.Collect$$$$00000000) for __main
    entry5.o(.ARM.Collect$$$$00000004) refers to init.o(.text) for __scatterload
    entry9a.o(.ARM.Collect$$$$0000000B) refers to main.o(i.main) for main
    entry9b.o(.ARM.Collect$$$$0000000C) refers to main.o(i.main) for main
    fputc.o(i.fputc) refers (Special) to iusesemip.o(.text) for __I$use$semihosting$fputc
    fputc.o(i.fputc) refers (Special) to semi.o(.text) for __semihosting_library_function
    uldiv.o(.text) refers to llushr.o(.text) for __aeabi_llsr
    uldiv.o(.text) refers to llshl.o(.text) for __aeabi_llsl
    depilogue.o(.text) refers to llshl.o(.text) for __aeabi_llsl
    depilogue.o(.text) refers to llushr.o(.text) for __aeabi_llsr
    dadd.o(.text) refers to llshl.o(.text) for __aeabi_llsl
    dadd.o(.text) refers to llsshr.o(.text) for __aeabi_lasr
    dadd.o(.text) refers to depilogue.o(.text) for _double_epilogue
    dmul.o(.text) refers to depilogue.o(.text) for _double_epilogue
    dfixul.o(.text) refers to llushr.o(.text) for __aeabi_llsr
    dfixul.o(.text) refers to llshl.o(.text) for __aeabi_llsl
    init.o(.text) refers to entry5.o(.ARM.Collect$$$$00000004) for __main_after_scatterload


==============================================================================

Removing Unused input sections from the image.

    Removing main.o(.rev16_text), (4 bytes).
    Removing main.o(.revsh_text), (4 bytes).
    Removing main.o(.rrx_text), (6 bytes).
    Removing gpio.o(.rev16_text), (4 bytes).
    Removing gpio.o(.revsh_text), (4 bytes).
    Removing gpio.o(.rrx_text), (6 bytes).
    Removing wait.o(.rev16_text), (4 bytes).
    Removing wait.o(.revsh_text), (4 bytes).
    Removing wait.o(.rrx_text), (6 bytes).
    Removing wait.o(i.waitMicroseconds), (18 bytes).
    Removing ultrasonic.o(.rev16_text), (4 bytes).
    Removing ultrasonic.o(.revsh_text), (4 bytes).
    Removing ultrasonic.o(.rrx_text), (6 bytes).
    Removing timer.o(.rev16_text), (4 bytes).
    Removing timer.o(.revsh_text), (4 bytes).
    Removing timer.o(.rrx_text), (6 bytes).
    Removing lcd.o(.rev16_text), (4 bytes).
    Removing lcd.o(.revsh_text), (4 bytes).
    Removing lcd.o(.rrx_text), (6 bytes).
    Removing lcd.o(i.LCD_clearDisplayWithoutRAM), (10 bytes).
    Removing lcd.o(i.LCD_cursorOFF), (10 bytes).
    Removing lcd.o(i.LCD_cursorON), (10 bytes).
    Removing lcd.o(i.LCD_moveCursorLeft), (10 bytes).
    Removing lcd.o(i.LCD_moveCursorRight), (10 bytes).
    Removing lcd.o(i.LCD_setCursorPositionSecondLine), (16 bytes).
    Removing lcd.o(i.LCD_shiftLeft), (10 bytes).
    Removing lcd.o(i.LCD_shiftRight), (10 bytes).
    Removing serial.o(.rev16_text), (4 bytes).
    Removing serial.o(.revsh_text), (4 bytes).
    Removing serial.o(.rrx_text), (6 bytes).
    Removing startup_lpc407x_8x_177x_8x.o(HEAP), (0 bytes).
    Removing system_lpc407x_8x_177x_8x.o(.rev16_text), (4 bytes).
    Removing system_lpc407x_8x_177x_8x.o(.revsh_text), (4 bytes).
    Removing system_lpc407x_8x_177x_8x.o(.rrx_text), (6 bytes).

34 unused section(s) (total 216 bytes) removed from the image.

==============================================================================

Image Symbol Table

    Local Symbols

    Symbol Name                              Value     Ov Type        Size  Object(Section)

    RESET                                    0x00000000   Section      228  startup_lpc407x_8x_177x_8x.o(RESET)
    ../clib/microlib/division.c              0x00000000   Number         0  uldiv.o ABSOLUTE
    ../clib/microlib/division.c              0x00000000   Number         0  uidiv.o ABSOLUTE
    ../clib/microlib/init/entry.s            0x00000000   Number         0  entry2.o ABSOLUTE
    ../clib/microlib/init/entry.s            0x00000000   Number         0  entry.o ABSOLUTE
    ../clib/microlib/init/entry.s            0x00000000   Number         0  entry9a.o ABSOLUTE
    ../clib/microlib/init/entry.s            0x00000000   Number         0  entry10a.o ABSOLUTE
    ../clib/microlib/init/entry.s            0x00000000   Number         0  entry10b.o ABSOLUTE
    ../clib/microlib/init/entry.s            0x00000000   Number         0  entry11b.o ABSOLUTE
    ../clib/microlib/init/entry.s            0x00000000   Number         0  entry7a.o ABSOLUTE
    ../clib/microlib/init/entry.s            0x00000000   Number         0  entry9b.o ABSOLUTE
    ../clib/microlib/init/entry.s            0x00000000   Number         0  entry11a.o ABSOLUTE
    ../clib/microlib/init/entry.s            0x00000000   Number         0  entry8b.o ABSOLUTE
    ../clib/microlib/init/entry.s            0x00000000   Number         0  entry8a.o ABSOLUTE
    ../clib/microlib/init/entry.s            0x00000000   Number         0  entry5.o ABSOLUTE
    ../clib/microlib/init/entry.s            0x00000000   Number         0  entry7b.o ABSOLUTE
    ../clib/microlib/longlong.c              0x00000000   Number         0  llshl.o ABSOLUTE
    ../clib/microlib/longlong.c              0x00000000   Number         0  llushr.o ABSOLUTE
    ../clib/microlib/longlong.c              0x00000000   Number         0  llsshr.o ABSOLUTE
    ../clib/microlib/printf/printf.c         0x00000000   Number         0  printf5.o ABSOLUTE
    ../clib/microlib/printf/printf.c         0x00000000   Number         0  printf4.o ABSOLUTE
    ../clib/microlib/printf/printf.c         0x00000000   Number         0  printf3.o ABSOLUTE
    ../clib/microlib/printf/printf.c         0x00000000   Number         0  printfb.o ABSOLUTE
    ../clib/microlib/printf/printf.c         0x00000000   Number         0  printf0.o ABSOLUTE
    ../clib/microlib/printf/printf.c         0x00000000   Number         0  printf2.o ABSOLUTE
    ../clib/microlib/printf/printf.c         0x00000000   Number         0  printf1.o ABSOLUTE
    ../clib/microlib/printf/printf.c         0x00000000   Number         0  printfa.o ABSOLUTE
    ../clib/microlib/printf/printf.c         0x00000000   Number         0  printf8.o ABSOLUTE
    ../clib/microlib/printf/printf.c         0x00000000   Number         0  printf7.o ABSOLUTE
    ../clib/microlib/printf/printf.c         0x00000000   Number         0  printf6.o ABSOLUTE
    ../clib/microlib/printf/stubs.s          0x00000000   Number         0  stubs.o ABSOLUTE
    ../clib/microlib/stdio/fputc.c           0x00000000   Number         0  fputc.o ABSOLUTE
    ../clib/microlib/stdio/semi.s            0x00000000   Number         0  semi.o ABSOLUTE
    ../clib/microlib/stdio/streams.c         0x00000000   Number         0  stdout.o ABSOLUTE
    ../clib/microlib/stubs.s                 0x00000000   Number         0  iusesemip.o ABSOLUTE
    ../clib/microlib/stubs.s                 0x00000000   Number         0  iusefp.o ABSOLUTE
    ../fplib/microlib/d2f.c                  0x00000000   Number         0  d2f.o ABSOLUTE
    ../fplib/microlib/f2d.c                  0x00000000   Number         0  f2d.o ABSOLUTE
    ../fplib/microlib/fpadd.c                0x00000000   Number         0  dadd.o ABSOLUTE
    ../fplib/microlib/fpdiv.c                0x00000000   Number         0  ddiv.o ABSOLUTE
    ../fplib/microlib/fpepilogue.c           0x00000000   Number         0  fepilogue.o ABSOLUTE
    ../fplib/microlib/fpepilogue.c           0x00000000   Number         0  depilogue.o ABSOLUTE
    ../fplib/microlib/fpfix.c                0x00000000   Number         0  dfixul.o ABSOLUTE
    ../fplib/microlib/fpflt.c                0x00000000   Number         0  dfltui.o ABSOLUTE
    ../fplib/microlib/fpmul.c                0x00000000   Number         0  dmul.o ABSOLUTE
    Library\GPIO.c                           0x00000000   Number         0  gpio.o ABSOLUTE
    Library\LCD.c                            0x00000000   Number         0  lcd.o ABSOLUTE
    Library\Serial.c                         0x00000000   Number         0  serial.o ABSOLUTE
    Library\Timer.c                          0x00000000   Number         0  timer.o ABSOLUTE
    Library\Ultrasonic.c                     0x00000000   Number         0  ultrasonic.o ABSOLUTE
    Library\Wait.c                           0x00000000   Number         0  wait.o ABSOLUTE
    Library\\GPIO.c                          0x00000000   Number         0  gpio.o ABSOLUTE
    Library\\LCD.c                           0x00000000   Number         0  lcd.o ABSOLUTE
    Library\\Serial.c                        0x00000000   Number         0  serial.o ABSOLUTE
    Library\\Timer.c                         0x00000000   Number         0  timer.o ABSOLUTE
    Library\\Ultrasonic.c                    0x00000000   Number         0  ultrasonic.o ABSOLUTE
    Library\\Wait.c                          0x00000000   Number         0  wait.o ABSOLUTE
    RTE\Device\LPC4088FET208\startup_LPC407x_8x_177x_8x.s 0x00000000   Number         0  startup_lpc407x_8x_177x_8x.o ABSOLUTE
    RTE\Device\LPC4088FET208\system_LPC407x_8x_177x_8x.c 0x00000000   Number         0  system_lpc407x_8x_177x_8x.o ABSOLUTE
    RTE\\Device\\LPC4088FET208\\system_LPC407x_8x_177x_8x.c 0x00000000   Number         0  system_lpc407x_8x_177x_8x.o ABSOLUTE
    cdrcmple.s                               0x00000000   Number         0  cdrcmple.o ABSOLUTE
    dc.s                                     0x00000000   Number         0  dc.o ABSOLUTE
    handlers.s                               0x00000000   Number         0  handlers.o ABSOLUTE
    init.s                                   0x00000000   Number         0  init.o ABSOLUTE
    main.c                                   0x00000000   Number         0  main.o ABSOLUTE
    main.c                                   0x00000000   Number         0  main.o ABSOLUTE
    .ARM.Collect$$$$00000000                 0x000000e4   Section        0  entry.o(.ARM.Collect$$$$00000000)
    .ARM.Collect$$$$00000001                 0x000000e4   Section        4  entry2.o(.ARM.Collect$$$$00000001)
    .ARM.Collect$$$$00000004                 0x000000e8   Section        4  entry5.o(.ARM.Collect$$$$00000004)
    .ARM.Collect$$$$00000008                 0x000000ec   Section        0  entry7b.o(.ARM.Collect$$$$00000008)
    .ARM.Collect$$$$0000000A                 0x000000ec   Section        0  entry8b.o(.ARM.Collect$$$$0000000A)
    .ARM.Collect$$$$0000000B                 0x000000ec   Section        8  entry9a.o(.ARM.Collect$$$$0000000B)
    .ARM.Collect$$$$0000000D                 0x000000f4   Section        0  entry10a.o(.ARM.Collect$$$$0000000D)
    .ARM.Collect$$$$0000000F                 0x000000f4   Section        0  entry11a.o(.ARM.Collect$$$$0000000F)
    .ARM.Collect$$$$00002712                 0x000000f4   Section        4  entry2.o(.ARM.Collect$$$$00002712)
    __lit__00000000                          0x000000f4   Data           4  entry2.o(.ARM.Collect$$$$00002712)
    .text                                    0x000000f8   Section       36  startup_lpc407x_8x_177x_8x.o(.text)
    $v0                                      0x000000f8   Number         0  startup_lpc407x_8x_177x_8x.o(.text)
    .text                                    0x0000011c   Section        0  ddiv.o(.text)
    .text                                    0x000001fa   Section        0  dfltui.o(.text)
    .text                                    0x00000214   Section        0  f2d.o(.text)
    .text                                    0x0000023a   Section        0  d2f.o(.text)
    .text                                    0x00000272   Section        0  uidiv.o(.text)
    .text                                    0x0000029e   Section        0  iusefp.o(.text)
    .text                                    0x0000029e   Section        0  dfixul.o(.text)
    .text                                    0x000002d0   Section       36  init.o(.text)
    i.__scatterload_null                     0x000002f4   Section        2  handlers.o(i.__scatterload_null)
    .ARM.__at_0x02FC                         0x000002fc   Section        4  startup_lpc407x_8x_177x_8x.o(.ARM.__at_0x02FC)
    .text                                    0x00000300   Section        0  uldiv.o(.text)
    .text                                    0x00000362   Section        0  fepilogue.o(.text)
    .text                                    0x000003d0   Section        0  depilogue.o(.text)
    .text                                    0x0000048a   Section        0  dadd.o(.text)
    .text                                    0x000005d8   Section        0  dmul.o(.text)
    .text                                    0x000006bc   Section       48  cdrcmple.o(.text)
    .text                                    0x000006ec   Section        0  llshl.o(.text)
    .text                                    0x0000070a   Section        0  llushr.o(.text)
    .text                                    0x0000072a   Section        0  llsshr.o(.text)
    i.GPIO_PIN_Write                         0x0000074e   Section        0  gpio.o(i.GPIO_PIN_Write)
    i.LCD_Init                               0x00000760   Section        0  lcd.o(i.LCD_Init)
    i.LCD_clearDisplay                       0x000007e0   Section        0  lcd.o(i.LCD_clearDisplay)
    i.LCD_command                            0x000007ec   Section        0  lcd.o(i.LCD_command)
    i.LCD_cursorAutoIncrement                0x0000087c   Section        0  lcd.o(i.LCD_cursorAutoIncrement)
    i.LCD_cursorBlinking                     0x00000886   Section        0  lcd.o(i.LCD_cursorBlinking)
    i.LCD_data                               0x00000890   Section        0  lcd.o(i.LCD_data)
    i.LCD_setCursorHome                      0x00000920   Section        0  lcd.o(i.LCD_setCursorHome)
    i.LCD_setCursorPositionFirstLine         0x0000092a   Section        0  lcd.o(i.LCD_setCursorPositionFirstLine)
    i.LCD_toogle                             0x0000093c   Section        0  lcd.o(i.LCD_toogle)
    i.LCD_write                              0x00000970   Section        0  lcd.o(i.LCD_write)
    i.Serial_Init                            0x00000988   Section        0  serial.o(i.Serial_Init)
    i.Serial_ReadData                        0x00000a68   Section        0  serial.o(i.Serial_ReadData)
    i.Serial_WriteData                       0x00000a74   Section        0  serial.o(i.Serial_WriteData)
    i.SystemCoreClockUpdate                  0x00000a88   Section        0  system_lpc407x_8x_177x_8x.o(i.SystemCoreClockUpdate)
    i.SystemInit                             0x00000d5c   Section        0  system_lpc407x_8x_177x_8x.o(i.SystemInit)
    i.TIMER2_IRQHandler                      0x00000e48   Section        0  ultrasonic.o(i.TIMER2_IRQHandler)
    i.TIMER3_IRQHandler                      0x00000e84   Section        0  timer.o(i.TIMER3_IRQHandler)
    i.UART0_IRQHandler                       0x00000ed0   Section        0  serial.o(i.UART0_IRQHandler)
    i.Ultrasonic_Capture_Timer_Init          0x00000f24   Section        0  timer.o(i.Ultrasonic_Capture_Timer_Init)
    i.Ultrasonic_Init                        0x00000f88   Section        0  ultrasonic.o(i.Ultrasonic_Init)
    i.Ultrasonic_Start_Trigger_Timer         0x00000fcc   Section        0  ultrasonic.o(i.Ultrasonic_Start_Trigger_Timer)
    i.Ultrasonic_Trigger_Timer_Init          0x00000ff8   Section        0  ultrasonic.o(i.Ultrasonic_Trigger_Timer_Init)
    i.__0sprintf                             0x000010b0   Section        0  printfa.o(i.__0sprintf)
    i.__scatterload_copy                     0x000010d8   Section       14  handlers.o(i.__scatterload_copy)
    i.__scatterload_zeroinit                 0x000010e6   Section       14  handlers.o(i.__scatterload_zeroinit)
    i._fp_digits                             0x000010f4   Section        0  printfa.o(i._fp_digits)
    _fp_digits                               0x000010f5   Thumb Code   366  printfa.o(i._fp_digits)
    i._printf_core                           0x00001278   Section        0  printfa.o(i._printf_core)
    _printf_core                             0x00001279   Thumb Code  1744  printfa.o(i._printf_core)
    i._printf_post_padding                   0x00001954   Section        0  printfa.o(i._printf_post_padding)
    _printf_post_padding                     0x00001955   Thumb Code    36  printfa.o(i._printf_post_padding)
    i._printf_pre_padding                    0x00001978   Section        0  printfa.o(i._printf_pre_padding)
    _printf_pre_padding                      0x00001979   Thumb Code    46  printfa.o(i._printf_pre_padding)
    i._sputc                                 0x000019a6   Section        0  printfa.o(i._sputc)
    _sputc                                   0x000019a7   Thumb Code    10  printfa.o(i._sputc)
    i.fpu_init                               0x000019b0   Section        0  system_lpc407x_8x_177x_8x.o(i.fpu_init)
    i.init                                   0x00001a00   Section        0  main.o(i.init)
    i.main                                   0x00001a34   Section        0  main.o(i.main)
    i.update                                 0x00001a88   Section        0  main.o(i.update)
    i.wait                                   0x00001be8   Section        0  wait.o(i.wait)
    .data                                    0x10000000   Section       20  main.o(.data)
    .data                                    0x10000014   Section       11  ultrasonic.o(.data)
    .data                                    0x10000020   Section        9  serial.o(.data)
    .data                                    0x1000002c   Section       16  system_lpc407x_8x_177x_8x.o(.data)
    .bss                                     0x1000003c   Section       30  main.o(.bss)
    STACK                                    0x10000060   Section     1024  startup_lpc407x_8x_177x_8x.o(STACK)

    Global Symbols

    Symbol Name                              Value     Ov Type        Size  Object(Section)

    BuildAttributes$$THM_ISAv4$E$P$D$K$B$S$7EM$VFPi3$EXTD16$VFPS$VFMA$PE$A:L22UL41UL21$X:L11$S22US41US21$IEEE1$IW$USESV6$~STKCKD$USESV7$~SHL$OTIME$ROPI$EBA8$MICROLIB$REQ8$PRES8$EABIv2 0x00000000   Number         0  anon$$obj.o ABSOLUTE
    __ARM_use_no_argv                        0x00000000   Number         0  main.o ABSOLUTE
    __Vectors                                0x00000000   Data           4  startup_lpc407x_8x_177x_8x.o(RESET)
    _printf_a                                0x00000000   Number         0  stubs.o ABSOLUTE
    _printf_c                                0x00000000   Number         0  stubs.o ABSOLUTE
    _printf_charcount                        0x00000000   Number         0  stubs.o ABSOLUTE
    _printf_d                                0x00000000   Number         0  stubs.o ABSOLUTE
    _printf_e                                0x00000000   Number         0  stubs.o ABSOLUTE
    _printf_f                                0x00000000   Number         0  stubs.o ABSOLUTE
    _printf_flags                            0x00000000   Number         0  stubs.o ABSOLUTE
    _printf_fp_dec                           0x00000000   Number         0  stubs.o ABSOLUTE
    _printf_fp_hex                           0x00000000   Number         0  stubs.o ABSOLUTE
    _printf_g                                0x00000000   Number         0  stubs.o ABSOLUTE
    _printf_i                                0x00000000   Number         0  stubs.o ABSOLUTE
    _printf_int_dec                          0x00000000   Number         0  stubs.o ABSOLUTE
    _printf_l                                0x00000000   Number         0  stubs.o ABSOLUTE
    _printf_lc                               0x00000000   Number         0  stubs.o ABSOLUTE
    _printf_ll                               0x00000000   Number         0  stubs.o ABSOLUTE
    _printf_lld                              0x00000000   Number         0  stubs.o ABSOLUTE
    _printf_lli                              0x00000000   Number         0  stubs.o ABSOLUTE
    _printf_llo                              0x00000000   Number         0  stubs.o ABSOLUTE
    _printf_llu                              0x00000000   Number         0  stubs.o ABSOLUTE
    _printf_llx                              0x00000000   Number         0  stubs.o ABSOLUTE
    _printf_longlong_dec                     0x00000000   Number         0  stubs.o ABSOLUTE
    _printf_longlong_hex                     0x00000000   Number         0  stubs.o ABSOLUTE
    _printf_longlong_oct                     0x00000000   Number         0  stubs.o ABSOLUTE
    _printf_ls                               0x00000000   Number         0  stubs.o ABSOLUTE
    _printf_mbtowc                           0x00000000   Number         0  stubs.o ABSOLUTE
    _printf_n                                0x00000000   Number         0  stubs.o ABSOLUTE
    _printf_o                                0x00000000   Number         0  stubs.o ABSOLUTE
    _printf_p                                0x00000000   Number         0  stubs.o ABSOLUTE
    _printf_percent                          0x00000000   Number         0  stubs.o ABSOLUTE
    _printf_pre_padding                      0x00000000   Number         0  stubs.o ABSOLUTE
    _printf_return_value                     0x00000000   Number         0  stubs.o ABSOLUTE
    _printf_s                                0x00000000   Number         0  stubs.o ABSOLUTE
    _printf_sizespec                         0x00000000   Number         0  stubs.o ABSOLUTE
    _printf_str                              0x00000000   Number         0  stubs.o ABSOLUTE
    _printf_truncate_signed                  0x00000000   Number         0  stubs.o ABSOLUTE
    _printf_truncate_unsigned                0x00000000   Number         0  stubs.o ABSOLUTE
    _printf_u                                0x00000000   Number         0  stubs.o ABSOLUTE
    _printf_wc                               0x00000000   Number         0  stubs.o ABSOLUTE
    _printf_wctomb                           0x00000000   Number         0  stubs.o ABSOLUTE
    _printf_widthprec                        0x00000000   Number         0  stubs.o ABSOLUTE
    _printf_x                                0x00000000   Number         0  stubs.o ABSOLUTE
    __cpp_initialize__aeabi_                  - Undefined Weak Reference
    __cxa_finalize                            - Undefined Weak Reference
    __decompress                              - Undefined Weak Reference
    _clock_init                               - Undefined Weak Reference
    _microlib_exit                            - Undefined Weak Reference
    __main                                   0x000000e5   Thumb Code     0  entry.o(.ARM.Collect$$$$00000000)
    _main_stk                                0x000000e5   Thumb Code     0  entry2.o(.ARM.Collect$$$$00000001)
    _main_scatterload                        0x000000e9   Thumb Code     0  entry5.o(.ARM.Collect$$$$00000004)
    __main_after_scatterload                 0x000000ed   Thumb Code     0  entry5.o(.ARM.Collect$$$$00000004)
    _main_clock                              0x000000ed   Thumb Code     0  entry7b.o(.ARM.Collect$$$$00000008)
    _main_cpp_init                           0x000000ed   Thumb Code     0  entry8b.o(.ARM.Collect$$$$0000000A)
    _main_init                               0x000000ed   Thumb Code     0  entry9a.o(.ARM.Collect$$$$0000000B)
    __rt_final_cpp                           0x000000f5   Thumb Code     0  entry10a.o(.ARM.Collect$$$$0000000D)
    __rt_final_exit                          0x000000f5   Thumb Code     0  entry11a.o(.ARM.Collect$$$$0000000F)
    Reset_Handler                            0x000000f9   Thumb Code     8  startup_lpc407x_8x_177x_8x.o(.text)
    NMI_Handler                              0x00000101   Thumb Code     2  startup_lpc407x_8x_177x_8x.o(.text)
    HardFault_Handler                        0x00000103   Thumb Code     2  startup_lpc407x_8x_177x_8x.o(.text)
    MemManage_Handler                        0x00000105   Thumb Code     2  startup_lpc407x_8x_177x_8x.o(.text)
    BusFault_Handler                         0x00000107   Thumb Code     2  startup_lpc407x_8x_177x_8x.o(.text)
    UsageFault_Handler                       0x00000109   Thumb Code     2  startup_lpc407x_8x_177x_8x.o(.text)
    SVC_Handler                              0x0000010b   Thumb Code     2  startup_lpc407x_8x_177x_8x.o(.text)
    DebugMon_Handler                         0x0000010d   Thumb Code     2  startup_lpc407x_8x_177x_8x.o(.text)
    PendSV_Handler                           0x0000010f   Thumb Code     2  startup_lpc407x_8x_177x_8x.o(.text)
    SysTick_Handler                          0x00000111   Thumb Code     2  startup_lpc407x_8x_177x_8x.o(.text)
    ADC_IRQHandler                           0x00000113   Thumb Code     0  startup_lpc407x_8x_177x_8x.o(.text)
    BOD_IRQHandler                           0x00000113   Thumb Code     0  startup_lpc407x_8x_177x_8x.o(.text)
    CANActivity_IRQHandler                   0x00000113   Thumb Code     0  startup_lpc407x_8x_177x_8x.o(.text)
    CAN_IRQHandler                           0x00000113   Thumb Code     0  startup_lpc407x_8x_177x_8x.o(.text)
    DMA_IRQHandler                           0x00000113   Thumb Code     0  startup_lpc407x_8x_177x_8x.o(.text)
    EEPROM_IRQHandler                        0x00000113   Thumb Code     0  startup_lpc407x_8x_177x_8x.o(.text)
    EINT0_IRQHandler                         0x00000113   Thumb Code     0  startup_lpc407x_8x_177x_8x.o(.text)
    EINT1_IRQHandler                         0x00000113   Thumb Code     0  startup_lpc407x_8x_177x_8x.o(.text)
    EINT2_IRQHandler                         0x00000113   Thumb Code     0  startup_lpc407x_8x_177x_8x.o(.text)
    EINT3_IRQHandler                         0x00000113   Thumb Code     0  startup_lpc407x_8x_177x_8x.o(.text)
    ENET_IRQHandler                          0x00000113   Thumb Code     0  startup_lpc407x_8x_177x_8x.o(.text)
    GPIO_IRQHandler                          0x00000113   Thumb Code     0  startup_lpc407x_8x_177x_8x.o(.text)
    I2C0_IRQHandler                          0x00000113   Thumb Code     0  startup_lpc407x_8x_177x_8x.o(.text)
    I2C1_IRQHandler                          0x00000113   Thumb Code     0  startup_lpc407x_8x_177x_8x.o(.text)
    I2C2_IRQHandler                          0x00000113   Thumb Code     0  startup_lpc407x_8x_177x_8x.o(.text)
    I2S_IRQHandler                           0x00000113   Thumb Code     0  startup_lpc407x_8x_177x_8x.o(.text)
    LCD_IRQHandler                           0x00000113   Thumb Code     0  startup_lpc407x_8x_177x_8x.o(.text)
    MCI_IRQHandler                           0x00000113   Thumb Code     0  startup_lpc407x_8x_177x_8x.o(.text)
    MCPWM_IRQHandler                         0x00000113   Thumb Code     0  startup_lpc407x_8x_177x_8x.o(.text)
    PLL0_IRQHandler                          0x00000113   Thumb Code     0  startup_lpc407x_8x_177x_8x.o(.text)
    PLL1_IRQHandler                          0x00000113   Thumb Code     0  startup_lpc407x_8x_177x_8x.o(.text)
    PWM0_IRQHandler                          0x00000113   Thumb Code     0  startup_lpc407x_8x_177x_8x.o(.text)
    PWM1_IRQHandler                          0x00000113   Thumb Code     0  startup_lpc407x_8x_177x_8x.o(.text)
    QEI_IRQHandler                           0x00000113   Thumb Code     0  startup_lpc407x_8x_177x_8x.o(.text)
    RTC_IRQHandler                           0x00000113   Thumb Code     0  startup_lpc407x_8x_177x_8x.o(.text)
    SSP0_IRQHandler                          0x00000113   Thumb Code     0  startup_lpc407x_8x_177x_8x.o(.text)
    SSP1_IRQHandler                          0x00000113   Thumb Code     0  startup_lpc407x_8x_177x_8x.o(.text)
    SSP2_IRQHandler                          0x00000113   Thumb Code     0  startup_lpc407x_8x_177x_8x.o(.text)
    TIMER0_IRQHandler                        0x00000113   Thumb Code     0  startup_lpc407x_8x_177x_8x.o(.text)
    TIMER1_IRQHandler                        0x00000113   Thumb Code     0  startup_lpc407x_8x_177x_8x.o(.text)
    UART1_IRQHandler                         0x00000113   Thumb Code     0  startup_lpc407x_8x_177x_8x.o(.text)
    UART2_IRQHandler                         0x00000113   Thumb Code     0  startup_lpc407x_8x_177x_8x.o(.text)
    UART3_IRQHandler                         0x00000113   Thumb Code     0  startup_lpc407x_8x_177x_8x.o(.text)
    UART4_IRQHandler                         0x00000113   Thumb Code     0  startup_lpc407x_8x_177x_8x.o(.text)
    USBActivity_IRQHandler                   0x00000113   Thumb Code     0  startup_lpc407x_8x_177x_8x.o(.text)
    USB_IRQHandler                           0x00000113   Thumb Code     0  startup_lpc407x_8x_177x_8x.o(.text)
    WDT_IRQHandler                           0x00000113   Thumb Code     0  startup_lpc407x_8x_177x_8x.o(.text)
    __aeabi_ddiv                             0x0000011d   Thumb Code   222  ddiv.o(.text)
    __aeabi_ui2d                             0x000001fb   Thumb Code    26  dfltui.o(.text)
    __aeabi_f2d                              0x00000215   Thumb Code    38  f2d.o(.text)
    __aeabi_d2f                              0x0000023b   Thumb Code    56  d2f.o(.text)
    __aeabi_uidiv                            0x00000273   Thumb Code     0  uidiv.o(.text)
    __aeabi_uidivmod                         0x00000273   Thumb Code    44  uidiv.o(.text)
    __I$use$fp                               0x0000029f   Thumb Code     0  iusefp.o(.text)
    __aeabi_d2ulz                            0x0000029f   Thumb Code    48  dfixul.o(.text)
    __scatterload                            0x000002d1   Thumb Code    28  init.o(.text)
    __scatterload_rt2                        0x000002d1   Thumb Code     0  init.o(.text)
    __scatterload_null                       0x000002f5   Thumb Code     2  handlers.o(i.__scatterload_null)
    __aeabi_uldivmod                         0x00000301   Thumb Code    98  uldiv.o(.text)
    _float_round                             0x00000363   Thumb Code    18  fepilogue.o(.text)
    _float_epilogue                          0x00000375   Thumb Code    92  fepilogue.o(.text)
    _double_round                            0x000003d1   Thumb Code    30  depilogue.o(.text)
    _double_epilogue                         0x000003ef   Thumb Code   156  depilogue.o(.text)
    __aeabi_dadd                             0x0000048b   Thumb Code   322  dadd.o(.text)
    __aeabi_dsub                             0x000005cd   Thumb Code     6  dadd.o(.text)
    __aeabi_drsub                            0x000005d3   Thumb Code     6  dadd.o(.text)
    __aeabi_dmul                             0x000005d9   Thumb Code   228  dmul.o(.text)
    __aeabi_cdrcmple                         0x000006bd   Thumb Code    48  cdrcmple.o(.text)
    __aeabi_llsl                             0x000006ed   Thumb Code    30  llshl.o(.text)
    _ll_shift_l                              0x000006ed   Thumb Code     0  llshl.o(.text)
    __aeabi_llsr                             0x0000070b   Thumb Code    32  llushr.o(.text)
    _ll_ushift_r                             0x0000070b   Thumb Code     0  llushr.o(.text)
    __aeabi_lasr                             0x0000072b   Thumb Code    36  llsshr.o(.text)
    _ll_sshift_r                             0x0000072b   Thumb Code     0  llsshr.o(.text)
    GPIO_PIN_Write                           0x0000074f   Thumb Code    18  gpio.o(i.GPIO_PIN_Write)
    LCD_Init                                 0x00000761   Thumb Code   122  lcd.o(i.LCD_Init)
    LCD_clearDisplay                         0x000007e1   Thumb Code    10  lcd.o(i.LCD_clearDisplay)
    LCD_command                              0x000007ed   Thumb Code   140  lcd.o(i.LCD_command)
    LCD_cursorAutoIncrement                  0x0000087d   Thumb Code    10  lcd.o(i.LCD_cursorAutoIncrement)
    LCD_cursorBlinking                       0x00000887   Thumb Code    10  lcd.o(i.LCD_cursorBlinking)
    LCD_data                                 0x00000891   Thumb Code   138  lcd.o(i.LCD_data)
    LCD_setCursorHome                        0x00000921   Thumb Code    10  lcd.o(i.LCD_setCursorHome)
    LCD_setCursorPositionFirstLine           0x0000092b   Thumb Code    16  lcd.o(i.LCD_setCursorPositionFirstLine)
    LCD_toogle                               0x0000093d   Thumb Code    46  lcd.o(i.LCD_toogle)
    LCD_write                                0x00000971   Thumb Code    22  lcd.o(i.LCD_write)
    Serial_Init                              0x00000989   Thumb Code   204  serial.o(i.Serial_Init)
    Serial_ReadData                          0x00000a69   Thumb Code     6  serial.o(i.Serial_ReadData)
    Serial_WriteData                         0x00000a75   Thumb Code    12  serial.o(i.Serial_WriteData)
    SystemCoreClockUpdate                    0x00000a89   Thumb Code   696  system_lpc407x_8x_177x_8x.o(i.SystemCoreClockUpdate)
    SystemInit                               0x00000d5d   Thumb Code   220  system_lpc407x_8x_177x_8x.o(i.SystemInit)
    TIMER2_IRQHandler                        0x00000e49   Thumb Code    52  ultrasonic.o(i.TIMER2_IRQHandler)
    TIMER3_IRQHandler                        0x00000e85   Thumb Code    60  timer.o(i.TIMER3_IRQHandler)
    UART0_IRQHandler                         0x00000ed1   Thumb Code    68  serial.o(i.UART0_IRQHandler)
    Ultrasonic_Capture_Timer_Init            0x00000f25   Thumb Code    92  timer.o(i.Ultrasonic_Capture_Timer_Init)
    Ultrasonic_Init                          0x00000f89   Thumb Code    64  ultrasonic.o(i.Ultrasonic_Init)
    Ultrasonic_Start_Trigger_Timer           0x00000fcd   Thumb Code    38  ultrasonic.o(i.Ultrasonic_Start_Trigger_Timer)
    Ultrasonic_Trigger_Timer_Init            0x00000ff9   Thumb Code   164  ultrasonic.o(i.Ultrasonic_Trigger_Timer_Init)
    __0sprintf                               0x000010b1   Thumb Code    34  printfa.o(i.__0sprintf)
    __1sprintf                               0x000010b1   Thumb Code     0  printfa.o(i.__0sprintf)
    __2sprintf                               0x000010b1   Thumb Code     0  printfa.o(i.__0sprintf)
    __c89sprintf                             0x000010b1   Thumb Code     0  printfa.o(i.__0sprintf)
    sprintf                                  0x000010b1   Thumb Code     0  printfa.o(i.__0sprintf)
    __scatterload_copy                       0x000010d9   Thumb Code    14  handlers.o(i.__scatterload_copy)
    __scatterload_zeroinit                   0x000010e7   Thumb Code    14  handlers.o(i.__scatterload_zeroinit)
    fpu_init                                 0x000019b1   Thumb Code    62  system_lpc407x_8x_177x_8x.o(i.fpu_init)
    init                                     0x00001a01   Thumb Code    44  main.o(i.init)
    main                                     0x00001a35   Thumb Code    48  main.o(i.main)
    update                                   0x00001a89   Thumb Code   292  main.o(i.update)
    wait                                     0x00001be9   Thumb Code    20  wait.o(i.wait)
    Region$$Table$$Base                      0x00001bfc   Number         0  anon$$obj.o(Region$$Table)
    Region$$Table$$Limit                     0x00001c1c   Number         0  anon$$obj.o(Region$$Table)
    distance                                 0x10000000   Data           4  main.o(.data)
    l                                        0x10000004   Data           1  main.o(.data)
    flag                                     0x10000008   Data           4  main.o(.data)
    lapCounter                               0x1000000c   Data           4  main.o(.data)
    carDistanceLimit                         0x10000010   Data           4  main.o(.data)
    ultrasonicSensorDuration                 0x10000014   Data           4  ultrasonic.o(.data)
    ultrasonicSensorDistance                 0x10000018   Data           4  ultrasonic.o(.data)
    ultrasonicSensorNewDataAvailable         0x1000001c   Data           1  ultrasonic.o(.data)
    ultrasonicSensorTriggerStart             0x1000001d   Data           1  ultrasonic.o(.data)
    ultrasonicSensorCaptureRisingEdge        0x1000001e   Data           1  ultrasonic.o(.data)
    serialReceivedCharacter                  0x10000020   Data           1  serial.o(.data)
    serialTransmitData                       0x10000024   Data           4  serial.o(.data)
    serialTransmitCompleted                  0x10000028   Data           1  serial.o(.data)
    SystemCoreClock                          0x1000002c   Data           4  system_lpc407x_8x_177x_8x.o(.data)
    PeripheralClock                          0x10000030   Data           4  system_lpc407x_8x_177x_8x.o(.data)
    EMCClock                                 0x10000034   Data           4  system_lpc407x_8x_177x_8x.o(.data)
    USBClock                                 0x10000038   Data           4  system_lpc407x_8x_177x_8x.o(.data)
    stringValue                              0x1000003c   Data          30  main.o(.bss)
    __initial_sp                             0x10000460   Data           0  startup_lpc407x_8x_177x_8x.o(STACK)



==============================================================================

Memory Map of the image

  Image Entry point : 0x000000f9

  Load Region LR_1 (Base: 0x00000000, Size: 0x00001c58, Max: 0xffffffff, ABSOLUTE)

    Execution Region ER_RO (Base: 0x00000000, Size: 0x00001c1c, Max: 0xffffffff, ABSOLUTE)

    Base Addr    Size         Type   Attr      Idx    E Section Name        Object

    0x00000000   0x000000e4   Data   RO          442    RESET               startup_lpc407x_8x_177x_8x.o
    0x000000e4   0x00000000   Code   RO          492  * .ARM.Collect$$$$00000000  mc_w.l(entry.o)
    0x000000e4   0x00000004   Code   RO          764    .ARM.Collect$$$$00000001  mc_w.l(entry2.o)
    0x000000e8   0x00000004   Code   RO          767    .ARM.Collect$$$$00000004  mc_w.l(entry5.o)
    0x000000ec   0x00000000   Code   RO          769    .ARM.Collect$$$$00000008  mc_w.l(entry7b.o)
    0x000000ec   0x00000000   Code   RO          771    .ARM.Collect$$$$0000000A  mc_w.l(entry8b.o)
    0x000000ec   0x00000008   Code   RO          772    .ARM.Collect$$$$0000000B  mc_w.l(entry9a.o)
    0x000000f4   0x00000000   Code   RO          774    .ARM.Collect$$$$0000000D  mc_w.l(entry10a.o)
    0x000000f4   0x00000000   Code   RO          776    .ARM.Collect$$$$0000000F  mc_w.l(entry11a.o)
    0x000000f4   0x00000004   Code   RO          765    .ARM.Collect$$$$00002712  mc_w.l(entry2.o)
    0x000000f8   0x00000024   Code   RO          444  * .text               startup_lpc407x_8x_177x_8x.o
    0x0000011c   0x000000de   Code   RO          756    .text               mf_w.l(ddiv.o)
    0x000001fa   0x0000001a   Code   RO          758    .text               mf_w.l(dfltui.o)
    0x00000214   0x00000026   Code   RO          760    .text               mf_w.l(f2d.o)
    0x0000023a   0x00000038   Code   RO          762    .text               mf_w.l(d2f.o)
    0x00000272   0x0000002c   Code   RO          781    .text               mc_w.l(uidiv.o)
    0x0000029e   0x00000000   Code   RO          785    .text               mc_w.l(iusefp.o)
    0x0000029e   0x00000030   Code   RO          794    .text               mf_w.l(dfixul.o)
    0x000002ce   0x00000002   PAD
    0x000002d0   0x00000024   Code   RO          798    .text               mc_w.l(init.o)
    0x000002f4   0x00000002   Code   RO          811    i.__scatterload_null  mc_w.l(handlers.o)
    0x000002f6   0x00000006   PAD
    0x000002fc   0x00000004   Code   RO          443    .ARM.__at_0x02FC    startup_lpc407x_8x_177x_8x.o
    0x00000300   0x00000062   Code   RO          783    .text               mc_w.l(uldiv.o)
    0x00000362   0x0000006e   Code   RO          786    .text               mf_w.l(fepilogue.o)
    0x000003d0   0x000000ba   Code   RO          788    .text               mf_w.l(depilogue.o)
    0x0000048a   0x0000014e   Code   RO          790    .text               mf_w.l(dadd.o)
    0x000005d8   0x000000e4   Code   RO          792    .text               mf_w.l(dmul.o)
    0x000006bc   0x00000030   Code   RO          796    .text               mf_w.l(cdrcmple.o)
    0x000006ec   0x0000001e   Code   RO          801    .text               mc_w.l(llshl.o)
    0x0000070a   0x00000020   Code   RO          803    .text               mc_w.l(llushr.o)
    0x0000072a   0x00000024   Code   RO          805    .text               mc_w.l(llsshr.o)
    0x0000074e   0x00000012   Code   RO          103    i.GPIO_PIN_Write    gpio.o
    0x00000760   0x00000080   Code   RO          262    i.LCD_Init          lcd.o
    0x000007e0   0x0000000a   Code   RO          263    i.LCD_clearDisplay  lcd.o
    0x000007ea   0x00000002   PAD
    0x000007ec   0x00000090   Code   RO          265    i.LCD_command       lcd.o
    0x0000087c   0x0000000a   Code   RO          266    i.LCD_cursorAutoIncrement  lcd.o
    0x00000886   0x0000000a   Code   RO          267    i.LCD_cursorBlinking  lcd.o
    0x00000890   0x00000090   Code   RO          270    i.LCD_data          lcd.o
    0x00000920   0x0000000a   Code   RO          273    i.LCD_setCursorHome  lcd.o
    0x0000092a   0x00000010   Code   RO          274    i.LCD_setCursorPositionFirstLine  lcd.o
    0x0000093a   0x00000002   PAD
    0x0000093c   0x00000034   Code   RO          278    i.LCD_toogle        lcd.o
    0x00000970   0x00000016   Code   RO          279    i.LCD_write         lcd.o
    0x00000986   0x00000002   PAD
    0x00000988   0x000000e0   Code   RO          391    i.Serial_Init       serial.o
    0x00000a68   0x0000000c   Code   RO          392    i.Serial_ReadData   serial.o
    0x00000a74   0x00000014   Code   RO          393    i.Serial_WriteData  serial.o
    0x00000a88   0x000002d4   Code   RO          453    i.SystemCoreClockUpdate  system_lpc407x_8x_177x_8x.o
    0x00000d5c   0x000000ec   Code   RO          454    i.SystemInit        system_lpc407x_8x_177x_8x.o
    0x00000e48   0x0000003c   Code   RO          166    i.TIMER2_IRQHandler  ultrasonic.o
    0x00000e84   0x0000004c   Code   RO          224    i.TIMER3_IRQHandler  timer.o
    0x00000ed0   0x00000054   Code   RO          394    i.UART0_IRQHandler  serial.o
    0x00000f24   0x00000064   Code   RO          225    i.Ultrasonic_Capture_Timer_Init  timer.o
    0x00000f88   0x00000044   Code   RO          167    i.Ultrasonic_Init   ultrasonic.o
    0x00000fcc   0x0000002c   Code   RO          168    i.Ultrasonic_Start_Trigger_Timer  ultrasonic.o
    0x00000ff8   0x000000b8   Code   RO          169    i.Ultrasonic_Trigger_Timer_Init  ultrasonic.o
    0x000010b0   0x00000028   Code   RO          730    i.__0sprintf        mc_w.l(printfa.o)
    0x000010d8   0x0000000e   Code   RO          810    i.__scatterload_copy  mc_w.l(handlers.o)
    0x000010e6   0x0000000e   Code   RO          812    i.__scatterload_zeroinit  mc_w.l(handlers.o)
    0x000010f4   0x00000184   Code   RO          735    i._fp_digits        mc_w.l(printfa.o)
    0x00001278   0x000006dc   Code   RO          736    i._printf_core      mc_w.l(printfa.o)
    0x00001954   0x00000024   Code   RO          737    i._printf_post_padding  mc_w.l(printfa.o)
    0x00001978   0x0000002e   Code   RO          738    i._printf_pre_padding  mc_w.l(printfa.o)
    0x000019a6   0x0000000a   Code   RO          740    i._sputc            mc_w.l(printfa.o)
    0x000019b0   0x00000050   Code   RO          455    i.fpu_init          system_lpc407x_8x_177x_8x.o
    0x00001a00   0x00000034   Code   RO            4    i.init              main.o
    0x00001a34   0x00000054   Code   RO            5    i.main              main.o
    0x00001a88   0x00000160   Code   RO            6    i.update            main.o
    0x00001be8   0x00000014   Code   RO          133    i.wait              wait.o
    0x00001bfc   0x00000020   Data   RO          808    Region$$Table       anon$$obj.o


    Execution Region ER_RW (Base: 0x10000000, Size: 0x0000003c, Max: 0xffffffff, ABSOLUTE)

    Base Addr    Size         Type   Attr      Idx    E Section Name        Object

    0x10000000   0x00000014   Data   RW            8    .data               main.o
    0x10000014   0x0000000b   Data   RW          170    .data               ultrasonic.o
    0x1000001f   0x00000001   PAD
    0x10000020   0x00000009   Data   RW          395    .data               serial.o
    0x10000029   0x00000003   PAD
    0x1000002c   0x00000010   Data   RW          456    .data               system_lpc407x_8x_177x_8x.o


    Execution Region ER_ZI (Base: 0x1000003c, Size: 0x00000424, Max: 0xffffffff, ABSOLUTE)

    Base Addr    Size         Type   Attr      Idx    E Section Name        Object

    0x1000003c   0x0000001e   Zero   RW            7    .bss                main.o
    0x1000005a   0x00000006   PAD
    0x10000060   0x00000400   Zero   RW          440    STACK               startup_lpc407x_8x_177x_8x.o


==============================================================================

Image component sizes


      Code (inc. data)   RO Data    RW Data    ZI Data      Debug   Object Name

        18          0          0          0          0       1725   gpio.o
       546         22          0          0          0       5064   lcd.o
       488        104          0         20         30      29229   main.o
       340         50          0          9          0      29274   serial.o
        40         12        228          0       1024       1108   startup_lpc407x_8x_177x_8x.o
      1040         62          0         16          0       4584   system_lpc407x_8x_177x_8x.o
       176         24          0          0          0      27735   timer.o
       356         38          0         11          0      29490   ultrasonic.o
        20          0          0          0          0        515   wait.o

    ----------------------------------------------------------------------
      3030        312        260         60       1060     128724   Object Totals
         0          0         32          0          0          0   (incl. Generated)
         6          0          0          4          6          0   (incl. Padding)

    ----------------------------------------------------------------------

      Code (inc. data)   RO Data    RW Data    ZI Data      Debug   Library Member Name

         0          0          0          0          0          0   entry.o
         0          0          0          0          0          0   entry10a.o
         0          0          0          0          0          0   entry11a.o
         8          4          0          0          0          0   entry2.o
         4          0          0          0          0          0   entry5.o
         0          0          0          0          0          0   entry7b.o
         0          0          0          0          0          0   entry8b.o
         8          4          0          0          0          0   entry9a.o
        30          0          0          0          0          0   handlers.o
        36          8          0          0          0         68   init.o
         0          0          0          0          0          0   iusefp.o
        30          0          0          0          0         68   llshl.o
        36          0          0          0          0         68   llsshr.o
        32          0          0          0          0         68   llushr.o
      2276         86          0          0          0        520   printfa.o
        44          0          0          0          0         80   uidiv.o
        98          0          0          0          0         92   uldiv.o
        48          0          0          0          0         68   cdrcmple.o
        56          0          0          0          0         88   d2f.o
       334          0          0          0          0        148   dadd.o
       222          0          0          0          0        100   ddiv.o
       186          0          0          0          0        176   depilogue.o
        48          0          0          0          0         68   dfixul.o
        26          0          0          0          0         76   dfltui.o
       228          0          0          0          0         96   dmul.o
        38          0          0          0          0         68   f2d.o
       110          0          0          0          0        168   fepilogue.o

    ----------------------------------------------------------------------
      3906        102          0          0          0       2020   Library Totals
         8          0          0          0          0          0   (incl. Padding)

    ----------------------------------------------------------------------

      Code (inc. data)   RO Data    RW Data    ZI Data      Debug   Library Name

      2602        102          0          0          0        964   mc_w.l
      1296          0          0          0          0       1056   mf_w.l

    ----------------------------------------------------------------------
      3906        102          0          0          0       2020   Library Totals

    ----------------------------------------------------------------------

==============================================================================


      Code (inc. data)   RO Data    RW Data    ZI Data      Debug   

      6936        414        260         60       1060     127660   Grand Totals
      6936        414        260         60       1060     127660   ELF Image Totals
      6936        414        260         60          0          0   ROM Totals

==============================================================================

    Total RO  Size (Code + RO Data)                 7196 (   7.03kB)
    Total RW  Size (RW Data + ZI Data)              1120 (   1.09kB)
    Total ROM Size (Code + RO Data + RW Data)       7256 (   7.09kB)

==============================================================================

