Component: ARM Compiler 5.06 update 3 (build 300) Tool: armlink [4d35c9]

==============================================================================

Section Cross References

    main.o(i.init) refers to ultrasonic.o(i.Ultrasonic_Init) for Ultrasonic_Init
    main.o(i.init) refers to ultrasonic.o(i.Ultrasonic_Trigger_Timer_Init) for Ultrasonic_Trigger_Timer_Init
    main.o(i.init) refers to timer.o(i.Ultrasonic_Capture_Timer_Init) for Ultrasonic_Capture_Timer_Init
    main.o(i.init) refers to ultrasonic.o(i.Ultrasonic_Start_Trigger_Timer) for Ultrasonic_Start_Trigger_Timer
    main.o(i.init) refers to lcd.o(i.LCD_Init) for LCD_Init
    main.o(i.init) refers to lcd.o(i.LCD_clearDisplay) for LCD_clearDisplay
    main.o(i.init) refers to lcd.o(i.LCD_write) for LCD_write
    main.o(i.init) refers to lcd.o(i.LCD_data) for LCD_data
    main.o(i.main) refers to main.o(i.init) for init
    main.o(i.main) refers to main.o(i.update) for update
    main.o(i.update) refers to dfltui.o(.text) for __aeabi_ui2d
    main.o(i.update) refers to ddiv.o(.text) for __aeabi_ddiv
    main.o(i.update) refers to dflti.o(.text) for __aeabi_i2d
    main.o(i.update) refers to cdrcmple.o(.text) for __aeabi_cdrcmple
    main.o(i.update) refers to lcd.o(i.LCD_clearDisplay) for LCD_clearDisplay
    main.o(i.update) refers to lcd.o(i.LCD_write) for LCD_write
    main.o(i.update) refers to lcd.o(i.LCD_data) for LCD_data
    main.o(i.update) refers to cdcmple.o(.text) for __aeabi_cdcmple
    main.o(i.update) refers to ultrasonic.o(.data) for ultrasonicSensorNewDataAvailable
    main.o(i.update) refers to main.o(.data) for distance
    ultrasonic.o(i.TIMER2_IRQHandler) refers to ultrasonic.o(.data) for ultrasonicSensorTriggerStart
    timer.o(i.TIMER3_IRQHandler) refers to ultrasonic.o(.data) for ultrasonicSensorCaptureRisingEdge
    lcd.o(i.LCD_Init) refers to lcd.o(i.LCD_command) for LCD_command
    lcd.o(i.LCD_Init) refers to lcd.o(i.LCD_cursorBlinking) for LCD_cursorBlinking
    lcd.o(i.LCD_Init) refers to lcd.o(i.LCD_cursorAutoIncrement) for LCD_cursorAutoIncrement
    lcd.o(i.LCD_Init) refers to lcd.o(i.LCD_clearDisplay) for LCD_clearDisplay
    lcd.o(i.LCD_Init) refers to lcd.o(i.LCD_setCursorHome) for LCD_setCursorHome
    lcd.o(i.LCD_clearDisplay) refers to lcd.o(i.LCD_command) for LCD_command
    lcd.o(i.LCD_clearDisplayWithoutRAM) refers to lcd.o(i.LCD_command) for LCD_command
    lcd.o(i.LCD_command) refers to gpio.o(i.GPIO_PIN_Write) for GPIO_PIN_Write
    lcd.o(i.LCD_command) refers to lcd.o(i.LCD_toogle) for LCD_toogle
    lcd.o(i.LCD_cursorAutoIncrement) refers to lcd.o(i.LCD_command) for LCD_command
    lcd.o(i.LCD_cursorBlinking) refers to lcd.o(i.LCD_command) for LCD_command
    lcd.o(i.LCD_cursorOFF) refers to lcd.o(i.LCD_command) for LCD_command
    lcd.o(i.LCD_cursorON) refers to lcd.o(i.LCD_command) for LCD_command
    lcd.o(i.LCD_data) refers to gpio.o(i.GPIO_PIN_Write) for GPIO_PIN_Write
    lcd.o(i.LCD_data) refers to lcd.o(i.LCD_toogle) for LCD_toogle
    lcd.o(i.LCD_moveCursorLeft) refers to lcd.o(i.LCD_command) for LCD_command
    lcd.o(i.LCD_moveCursorRight) refers to lcd.o(i.LCD_command) for LCD_command
    lcd.o(i.LCD_setCursorHome) refers to lcd.o(i.LCD_command) for LCD_command
    lcd.o(i.LCD_setCursorPositionFirstLine) refers to lcd.o(i.LCD_command) for LCD_command
    lcd.o(i.LCD_setCursorPositionSecondLine) refers to lcd.o(i.LCD_command) for LCD_command
    lcd.o(i.LCD_shiftLeft) refers to lcd.o(i.LCD_command) for LCD_command
    lcd.o(i.LCD_shiftRight) refers to lcd.o(i.LCD_command) for LCD_command
    lcd.o(i.LCD_toogle) refers to wait.o(i.wait) for wait
    lcd.o(i.LCD_write) refers to lcd.o(i.LCD_data) for LCD_data
    startup_lpc407x_8x_177x_8x.o(RESET) refers to startup_lpc407x_8x_177x_8x.o(STACK) for __initial_sp
    startup_lpc407x_8x_177x_8x.o(RESET) refers to startup_lpc407x_8x_177x_8x.o(.text) for Reset_Handler
    startup_lpc407x_8x_177x_8x.o(RESET) refers to ultrasonic.o(i.TIMER2_IRQHandler) for TIMER2_IRQHandler
    startup_lpc407x_8x_177x_8x.o(RESET) refers to timer.o(i.TIMER3_IRQHandler) for TIMER3_IRQHandler
    startup_lpc407x_8x_177x_8x.o(.text) refers to system_lpc407x_8x_177x_8x.o(i.SystemInit) for SystemInit
    startup_lpc407x_8x_177x_8x.o(.text) refers to entry.o(.ARM.Collect$$$$00000000) for __main
    system_lpc407x_8x_177x_8x.o(i.SystemCoreClockUpdate) refers to system_lpc407x_8x_177x_8x.o(.data) for SystemCoreClock
    system_lpc407x_8x_177x_8x.o(i.SystemInit) refers to system_lpc407x_8x_177x_8x.o(i.fpu_init) for fpu_init
    system_lpc407x_8x_177x_8x.o(i.SystemInit) refers to system_lpc407x_8x_177x_8x.o(i.SystemCoreClockUpdate) for SystemCoreClockUpdate
    entry.o(.ARM.Collect$$$$00000000) refers (Special) to entry10a.o(.ARM.Collect$$$$0000000D) for __rt_final_cpp
    entry.o(.ARM.Collect$$$$00000000) refers (Special) to entry11a.o(.ARM.Collect$$$$0000000F) for __rt_final_exit
    entry.o(.ARM.Collect$$$$00000000) refers (Special) to entry7b.o(.ARM.Collect$$$$00000008) for _main_clock
    entry.o(.ARM.Collect$$$$00000000) refers (Special) to entry8b.o(.ARM.Collect$$$$0000000A) for _main_cpp_init
    entry.o(.ARM.Collect$$$$00000000) refers (Special) to entry9a.o(.ARM.Collect$$$$0000000B) for _main_init
    entry.o(.ARM.Collect$$$$00000000) refers (Special) to entry5.o(.ARM.Collect$$$$00000004) for _main_scatterload
    entry.o(.ARM.Collect$$$$00000000) refers (Special) to entry2.o(.ARM.Collect$$$$00000001) for _main_stk
    ddiv.o(.text) refers (Special) to iusefp.o(.text) for __I$use$fp
    ddiv.o(.text) refers to depilogue.o(.text) for _double_round
    dflti.o(.text) refers (Special) to iusefp.o(.text) for __I$use$fp
    dflti.o(.text) refers to depilogue.o(.text) for _double_epilogue
    dfltui.o(.text) refers (Special) to iusefp.o(.text) for __I$use$fp
    dfltui.o(.text) refers to depilogue.o(.text) for _double_epilogue
    cdcmple.o(.text) refers (Special) to iusefp.o(.text) for __I$use$fp
    cdrcmple.o(.text) refers (Special) to iusefp.o(.text) for __I$use$fp
    entry2.o(.ARM.Collect$$$$00000001) refers to entry2.o(.ARM.Collect$$$$00002712) for __lit__00000000
    entry2.o(.ARM.Collect$$$$00002712) refers to startup_lpc407x_8x_177x_8x.o(STACK) for __initial_sp
    entry2.o(__vectab_stack_and_reset_area) refers to startup_lpc407x_8x_177x_8x.o(STACK) for __initial_sp
    entry2.o(__vectab_stack_and_reset_area) refers to entry.o(.ARM.Collect$$$$00000000) for __main
    entry5.o(.ARM.Collect$$$$00000004) refers to init.o(.text) for __scatterload
    entry9a.o(.ARM.Collect$$$$0000000B) refers to main.o(i.main) for main
    entry9b.o(.ARM.Collect$$$$0000000C) refers to main.o(i.main) for main
    depilogue.o(.text) refers to llshl.o(.text) for __aeabi_llsl
    depilogue.o(.text) refers to llushr.o(.text) for __aeabi_llsr
    init.o(.text) refers to entry5.o(.ARM.Collect$$$$00000004) for __main_after_scatterload


==============================================================================

Removing Unused input sections from the image.

    Removing main.o(.rev16_text), (4 bytes).
    Removing main.o(.revsh_text), (4 bytes).
    Removing main.o(.rrx_text), (6 bytes).
    Removing gpio.o(.rev16_text), (4 bytes).
    Removing gpio.o(.revsh_text), (4 bytes).
    Removing gpio.o(.rrx_text), (6 bytes).
    Removing wait.o(.rev16_text), (4 bytes).
    Removing wait.o(.revsh_text), (4 bytes).
    Removing wait.o(.rrx_text), (6 bytes).
    Removing wait.o(i.waitMicroseconds), (18 bytes).
    Removing ultrasonic.o(.rev16_text), (4 bytes).
    Removing ultrasonic.o(.revsh_text), (4 bytes).
    Removing ultrasonic.o(.rrx_text), (6 bytes).
    Removing timer.o(.rev16_text), (4 bytes).
    Removing timer.o(.revsh_text), (4 bytes).
    Removing timer.o(.rrx_text), (6 bytes).
    Removing lcd.o(.rev16_text), (4 bytes).
    Removing lcd.o(.revsh_text), (4 bytes).
    Removing lcd.o(.rrx_text), (6 bytes).
    Removing lcd.o(i.LCD_clearDisplayWithoutRAM), (10 bytes).
    Removing lcd.o(i.LCD_cursorOFF), (10 bytes).
    Removing lcd.o(i.LCD_cursorON), (10 bytes).
    Removing lcd.o(i.LCD_moveCursorLeft), (10 bytes).
    Removing lcd.o(i.LCD_moveCursorRight), (10 bytes).
    Removing lcd.o(i.LCD_setCursorPositionFirstLine), (16 bytes).
    Removing lcd.o(i.LCD_setCursorPositionSecondLine), (16 bytes).
    Removing lcd.o(i.LCD_shiftLeft), (10 bytes).
    Removing lcd.o(i.LCD_shiftRight), (10 bytes).
    Removing startup_lpc407x_8x_177x_8x.o(HEAP), (0 bytes).
    Removing system_lpc407x_8x_177x_8x.o(.rev16_text), (4 bytes).
    Removing system_lpc407x_8x_177x_8x.o(.revsh_text), (4 bytes).
    Removing system_lpc407x_8x_177x_8x.o(.rrx_text), (6 bytes).

32 unused section(s) (total 218 bytes) removed from the image.

==============================================================================

Image Symbol Table

    Local Symbols

    Symbol Name                              Value     Ov Type        Size  Object(Section)

    RESET                                    0x00000000   Section      228  startup_lpc407x_8x_177x_8x.o(RESET)
    ../clib/microlib/init/entry.s            0x00000000   Number         0  entry2.o ABSOLUTE
    ../clib/microlib/init/entry.s            0x00000000   Number         0  entry.o ABSOLUTE
    ../clib/microlib/init/entry.s            0x00000000   Number         0  entry11b.o ABSOLUTE
    ../clib/microlib/init/entry.s            0x00000000   Number         0  entry5.o ABSOLUTE
    ../clib/microlib/init/entry.s            0x00000000   Number         0  entry7a.o ABSOLUTE
    ../clib/microlib/init/entry.s            0x00000000   Number         0  entry7b.o ABSOLUTE
    ../clib/microlib/init/entry.s            0x00000000   Number         0  entry8a.o ABSOLUTE
    ../clib/microlib/init/entry.s            0x00000000   Number         0  entry8b.o ABSOLUTE
    ../clib/microlib/init/entry.s            0x00000000   Number         0  entry9a.o ABSOLUTE
    ../clib/microlib/init/entry.s            0x00000000   Number         0  entry9b.o ABSOLUTE
    ../clib/microlib/init/entry.s            0x00000000   Number         0  entry10a.o ABSOLUTE
    ../clib/microlib/init/entry.s            0x00000000   Number         0  entry10b.o ABSOLUTE
    ../clib/microlib/init/entry.s            0x00000000   Number         0  entry11a.o ABSOLUTE
    ../clib/microlib/longlong.c              0x00000000   Number         0  llushr.o ABSOLUTE
    ../clib/microlib/longlong.c              0x00000000   Number         0  llshl.o ABSOLUTE
    ../clib/microlib/stubs.s                 0x00000000   Number         0  iusefp.o ABSOLUTE
    ../fplib/microlib/fpdiv.c                0x00000000   Number         0  ddiv.o ABSOLUTE
    ../fplib/microlib/fpepilogue.c           0x00000000   Number         0  depilogue.o ABSOLUTE
    ../fplib/microlib/fpflt.c                0x00000000   Number         0  dflti.o ABSOLUTE
    ../fplib/microlib/fpflt.c                0x00000000   Number         0  dfltui.o ABSOLUTE
    Library\GPIO.c                           0x00000000   Number         0  gpio.o ABSOLUTE
    Library\LCD.c                            0x00000000   Number         0  lcd.o ABSOLUTE
    Library\Timer.c                          0x00000000   Number         0  timer.o ABSOLUTE
    Library\Ultrasonic.c                     0x00000000   Number         0  ultrasonic.o ABSOLUTE
    Library\Wait.c                           0x00000000   Number         0  wait.o ABSOLUTE
    Library\\GPIO.c                          0x00000000   Number         0  gpio.o ABSOLUTE
    Library\\LCD.c                           0x00000000   Number         0  lcd.o ABSOLUTE
    Library\\Timer.c                         0x00000000   Number         0  timer.o ABSOLUTE
    Library\\Ultrasonic.c                    0x00000000   Number         0  ultrasonic.o ABSOLUTE
    Library\\Wait.c                          0x00000000   Number         0  wait.o ABSOLUTE
    RTE\Device\LPC4088FET208\startup_LPC407x_8x_177x_8x.s 0x00000000   Number         0  startup_lpc407x_8x_177x_8x.o ABSOLUTE
    RTE\Device\LPC4088FET208\system_LPC407x_8x_177x_8x.c 0x00000000   Number         0  system_lpc407x_8x_177x_8x.o ABSOLUTE
    RTE\\Device\\LPC4088FET208\\system_LPC407x_8x_177x_8x.c 0x00000000   Number         0  system_lpc407x_8x_177x_8x.o ABSOLUTE
    cdcmple.s                                0x00000000   Number         0  cdcmple.o ABSOLUTE
    cdrcmple.s                               0x00000000   Number         0  cdrcmple.o ABSOLUTE
    dc.s                                     0x00000000   Number         0  dc.o ABSOLUTE
    handlers.s                               0x00000000   Number         0  handlers.o ABSOLUTE
    init.s                                   0x00000000   Number         0  init.o ABSOLUTE
    main.c                                   0x00000000   Number         0  main.o ABSOLUTE
    main.c                                   0x00000000   Number         0  main.o ABSOLUTE
    .ARM.Collect$$$$00000000                 0x000000e4   Section        0  entry.o(.ARM.Collect$$$$00000000)
    .ARM.Collect$$$$00000001                 0x000000e4   Section        4  entry2.o(.ARM.Collect$$$$00000001)
    .ARM.Collect$$$$00000004                 0x000000e8   Section        4  entry5.o(.ARM.Collect$$$$00000004)
    .ARM.Collect$$$$00000008                 0x000000ec   Section        0  entry7b.o(.ARM.Collect$$$$00000008)
    .ARM.Collect$$$$0000000A                 0x000000ec   Section        0  entry8b.o(.ARM.Collect$$$$0000000A)
    .ARM.Collect$$$$0000000B                 0x000000ec   Section        8  entry9a.o(.ARM.Collect$$$$0000000B)
    .ARM.Collect$$$$0000000D                 0x000000f4   Section        0  entry10a.o(.ARM.Collect$$$$0000000D)
    .ARM.Collect$$$$0000000F                 0x000000f4   Section        0  entry11a.o(.ARM.Collect$$$$0000000F)
    .ARM.Collect$$$$00002712                 0x000000f4   Section        4  entry2.o(.ARM.Collect$$$$00002712)
    __lit__00000000                          0x000000f4   Data           4  entry2.o(.ARM.Collect$$$$00002712)
    .text                                    0x000000f8   Section       36  startup_lpc407x_8x_177x_8x.o(.text)
    $v0                                      0x000000f8   Number         0  startup_lpc407x_8x_177x_8x.o(.text)
    .text                                    0x0000011c   Section        0  ddiv.o(.text)
    .text                                    0x000001fa   Section        0  dflti.o(.text)
    .text                                    0x0000021c   Section        0  dfltui.o(.text)
    .text                                    0x00000238   Section       48  cdcmple.o(.text)
    .text                                    0x00000268   Section       48  cdrcmple.o(.text)
    .text                                    0x00000298   Section       36  init.o(.text)
    .text                                    0x00000298   Section        0  iusefp.o(.text)
    .text                                    0x000002bc   Section        0  llshl.o(.text)
    .text                                    0x000002da   Section        0  llushr.o(.text)
    i.__scatterload_null                     0x000002fa   Section        2  handlers.o(i.__scatterload_null)
    .ARM.__at_0x02FC                         0x000002fc   Section        4  startup_lpc407x_8x_177x_8x.o(.ARM.__at_0x02FC)
    .text                                    0x00000300   Section        0  depilogue.o(.text)
    i.GPIO_PIN_Write                         0x000003ba   Section        0  gpio.o(i.GPIO_PIN_Write)
    i.LCD_Init                               0x000003cc   Section        0  lcd.o(i.LCD_Init)
    i.LCD_clearDisplay                       0x0000044c   Section        0  lcd.o(i.LCD_clearDisplay)
    i.LCD_command                            0x00000458   Section        0  lcd.o(i.LCD_command)
    i.LCD_cursorAutoIncrement                0x000004e8   Section        0  lcd.o(i.LCD_cursorAutoIncrement)
    i.LCD_cursorBlinking                     0x000004f2   Section        0  lcd.o(i.LCD_cursorBlinking)
    i.LCD_data                               0x000004fc   Section        0  lcd.o(i.LCD_data)
    i.LCD_setCursorHome                      0x0000058c   Section        0  lcd.o(i.LCD_setCursorHome)
    i.LCD_toogle                             0x00000598   Section        0  lcd.o(i.LCD_toogle)
    i.LCD_write                              0x000005cc   Section        0  lcd.o(i.LCD_write)
    i.SystemCoreClockUpdate                  0x000005e4   Section        0  system_lpc407x_8x_177x_8x.o(i.SystemCoreClockUpdate)
    i.SystemInit                             0x000008b8   Section        0  system_lpc407x_8x_177x_8x.o(i.SystemInit)
    i.TIMER2_IRQHandler                      0x000009a4   Section        0  ultrasonic.o(i.TIMER2_IRQHandler)
    i.TIMER3_IRQHandler                      0x000009e0   Section        0  timer.o(i.TIMER3_IRQHandler)
    i.Ultrasonic_Capture_Timer_Init          0x00000a2c   Section        0  timer.o(i.Ultrasonic_Capture_Timer_Init)
    i.Ultrasonic_Init                        0x00000a90   Section        0  ultrasonic.o(i.Ultrasonic_Init)
    i.Ultrasonic_Start_Trigger_Timer         0x00000ad4   Section        0  ultrasonic.o(i.Ultrasonic_Start_Trigger_Timer)
    i.Ultrasonic_Trigger_Timer_Init          0x00000b00   Section        0  ultrasonic.o(i.Ultrasonic_Trigger_Timer_Init)
    i.__scatterload_copy                     0x00000bb8   Section       14  handlers.o(i.__scatterload_copy)
    i.__scatterload_zeroinit                 0x00000bc6   Section       14  handlers.o(i.__scatterload_zeroinit)
    i.fpu_init                               0x00000bd4   Section        0  system_lpc407x_8x_177x_8x.o(i.fpu_init)
    i.init                                   0x00000c24   Section        0  main.o(i.init)
    i.main                                   0x00000c54   Section        0  main.o(i.main)
    i.update                                 0x00000c64   Section        0  main.o(i.update)
    i.wait                                   0x00000d74   Section        0  wait.o(i.wait)
    .data                                    0x10000000   Section       24  main.o(.data)
    .data                                    0x10000018   Section       11  ultrasonic.o(.data)
    .data                                    0x10000024   Section       16  system_lpc407x_8x_177x_8x.o(.data)
    STACK                                    0x10000038   Section     1024  startup_lpc407x_8x_177x_8x.o(STACK)

    Global Symbols

    Symbol Name                              Value     Ov Type        Size  Object(Section)

    BuildAttributes$$THM_ISAv4$E$P$D$K$B$S$7EM$VFPi3$EXTD16$VFPS$VFMA$PE$A:L22UL41UL21$X:L11$S22US41US21$IEEE1$IW$USESV6$~STKCKD$USESV7$~SHL$OSPACE$ROPI$EBA8$MICROLIB$REQ8$PRES8$EABIv2 0x00000000   Number         0  anon$$obj.o ABSOLUTE
    __ARM_use_no_argv                        0x00000000   Number         0  main.o ABSOLUTE
    __Vectors                                0x00000000   Data           4  startup_lpc407x_8x_177x_8x.o(RESET)
    __cpp_initialize__aeabi_                  - Undefined Weak Reference
    __cxa_finalize                            - Undefined Weak Reference
    __decompress                              - Undefined Weak Reference
    _clock_init                               - Undefined Weak Reference
    _microlib_exit                            - Undefined Weak Reference
    __main                                   0x000000e5   Thumb Code     0  entry.o(.ARM.Collect$$$$00000000)
    _main_stk                                0x000000e5   Thumb Code     0  entry2.o(.ARM.Collect$$$$00000001)
    _main_scatterload                        0x000000e9   Thumb Code     0  entry5.o(.ARM.Collect$$$$00000004)
    __main_after_scatterload                 0x000000ed   Thumb Code     0  entry5.o(.ARM.Collect$$$$00000004)
    _main_clock                              0x000000ed   Thumb Code     0  entry7b.o(.ARM.Collect$$$$00000008)
    _main_cpp_init                           0x000000ed   Thumb Code     0  entry8b.o(.ARM.Collect$$$$0000000A)
    _main_init                               0x000000ed   Thumb Code     0  entry9a.o(.ARM.Collect$$$$0000000B)
    __rt_final_cpp                           0x000000f5   Thumb Code     0  entry10a.o(.ARM.Collect$$$$0000000D)
    __rt_final_exit                          0x000000f5   Thumb Code     0  entry11a.o(.ARM.Collect$$$$0000000F)
    Reset_Handler                            0x000000f9   Thumb Code     8  startup_lpc407x_8x_177x_8x.o(.text)
    NMI_Handler                              0x00000101   Thumb Code     2  startup_lpc407x_8x_177x_8x.o(.text)
    HardFault_Handler                        0x00000103   Thumb Code     2  startup_lpc407x_8x_177x_8x.o(.text)
    MemManage_Handler                        0x00000105   Thumb Code     2  startup_lpc407x_8x_177x_8x.o(.text)
    BusFault_Handler                         0x00000107   Thumb Code     2  startup_lpc407x_8x_177x_8x.o(.text)
    UsageFault_Handler                       0x00000109   Thumb Code     2  startup_lpc407x_8x_177x_8x.o(.text)
    SVC_Handler                              0x0000010b   Thumb Code     2  startup_lpc407x_8x_177x_8x.o(.text)
    DebugMon_Handler                         0x0000010d   Thumb Code     2  startup_lpc407x_8x_177x_8x.o(.text)
    PendSV_Handler                           0x0000010f   Thumb Code     2  startup_lpc407x_8x_177x_8x.o(.text)
    SysTick_Handler                          0x00000111   Thumb Code     2  startup_lpc407x_8x_177x_8x.o(.text)
    ADC_IRQHandler                           0x00000113   Thumb Code     0  startup_lpc407x_8x_177x_8x.o(.text)
    BOD_IRQHandler                           0x00000113   Thumb Code     0  startup_lpc407x_8x_177x_8x.o(.text)
    CANActivity_IRQHandler                   0x00000113   Thumb Code     0  startup_lpc407x_8x_177x_8x.o(.text)
    CAN_IRQHandler                           0x00000113   Thumb Code     0  startup_lpc407x_8x_177x_8x.o(.text)
    DMA_IRQHandler                           0x00000113   Thumb Code     0  startup_lpc407x_8x_177x_8x.o(.text)
    EEPROM_IRQHandler                        0x00000113   Thumb Code     0  startup_lpc407x_8x_177x_8x.o(.text)
    EINT0_IRQHandler                         0x00000113   Thumb Code     0  startup_lpc407x_8x_177x_8x.o(.text)
    EINT1_IRQHandler                         0x00000113   Thumb Code     0  startup_lpc407x_8x_177x_8x.o(.text)
    EINT2_IRQHandler                         0x00000113   Thumb Code     0  startup_lpc407x_8x_177x_8x.o(.text)
    EINT3_IRQHandler                         0x00000113   Thumb Code     0  startup_lpc407x_8x_177x_8x.o(.text)
    ENET_IRQHandler                          0x00000113   Thumb Code     0  startup_lpc407x_8x_177x_8x.o(.text)
    GPIO_IRQHandler                          0x00000113   Thumb Code     0  startup_lpc407x_8x_177x_8x.o(.text)
    I2C0_IRQHandler                          0x00000113   Thumb Code     0  startup_lpc407x_8x_177x_8x.o(.text)
    I2C1_IRQHandler                          0x00000113   Thumb Code     0  startup_lpc407x_8x_177x_8x.o(.text)
    I2C2_IRQHandler                          0x00000113   Thumb Code     0  startup_lpc407x_8x_177x_8x.o(.text)
    I2S_IRQHandler                           0x00000113   Thumb Code     0  startup_lpc407x_8x_177x_8x.o(.text)
    LCD_IRQHandler                           0x00000113   Thumb Code     0  startup_lpc407x_8x_177x_8x.o(.text)
    MCI_IRQHandler                           0x00000113   Thumb Code     0  startup_lpc407x_8x_177x_8x.o(.text)
    MCPWM_IRQHandler                         0x00000113   Thumb Code     0  startup_lpc407x_8x_177x_8x.o(.text)
    PLL0_IRQHandler                          0x00000113   Thumb Code     0  startup_lpc407x_8x_177x_8x.o(.text)
    PLL1_IRQHandler                          0x00000113   Thumb Code     0  startup_lpc407x_8x_177x_8x.o(.text)
    PWM0_IRQHandler                          0x00000113   Thumb Code     0  startup_lpc407x_8x_177x_8x.o(.text)
    PWM1_IRQHandler                          0x00000113   Thumb Code     0  startup_lpc407x_8x_177x_8x.o(.text)
    QEI_IRQHandler                           0x00000113   Thumb Code     0  startup_lpc407x_8x_177x_8x.o(.text)
    RTC_IRQHandler                           0x00000113   Thumb Code     0  startup_lpc407x_8x_177x_8x.o(.text)
    SSP0_IRQHandler                          0x00000113   Thumb Code     0  startup_lpc407x_8x_177x_8x.o(.text)
    SSP1_IRQHandler                          0x00000113   Thumb Code     0  startup_lpc407x_8x_177x_8x.o(.text)
    SSP2_IRQHandler                          0x00000113   Thumb Code     0  startup_lpc407x_8x_177x_8x.o(.text)
    TIMER0_IRQHandler                        0x00000113   Thumb Code     0  startup_lpc407x_8x_177x_8x.o(.text)
    TIMER1_IRQHandler                        0x00000113   Thumb Code     0  startup_lpc407x_8x_177x_8x.o(.text)
    UART0_IRQHandler                         0x00000113   Thumb Code     0  startup_lpc407x_8x_177x_8x.o(.text)
    UART1_IRQHandler                         0x00000113   Thumb Code     0  startup_lpc407x_8x_177x_8x.o(.text)
    UART2_IRQHandler                         0x00000113   Thumb Code     0  startup_lpc407x_8x_177x_8x.o(.text)
    UART3_IRQHandler                         0x00000113   Thumb Code     0  startup_lpc407x_8x_177x_8x.o(.text)
    UART4_IRQHandler                         0x00000113   Thumb Code     0  startup_lpc407x_8x_177x_8x.o(.text)
    USBActivity_IRQHandler                   0x00000113   Thumb Code     0  startup_lpc407x_8x_177x_8x.o(.text)
    USB_IRQHandler                           0x00000113   Thumb Code     0  startup_lpc407x_8x_177x_8x.o(.text)
    WDT_IRQHandler                           0x00000113   Thumb Code     0  startup_lpc407x_8x_177x_8x.o(.text)
    __aeabi_ddiv                             0x0000011d   Thumb Code   222  ddiv.o(.text)
    __aeabi_i2d                              0x000001fb   Thumb Code    34  dflti.o(.text)
    __aeabi_ui2d                             0x0000021d   Thumb Code    26  dfltui.o(.text)
    __aeabi_cdcmpeq                          0x00000239   Thumb Code     0  cdcmple.o(.text)
    __aeabi_cdcmple                          0x00000239   Thumb Code    48  cdcmple.o(.text)
    __aeabi_cdrcmple                         0x00000269   Thumb Code    48  cdrcmple.o(.text)
    __I$use$fp                               0x00000299   Thumb Code     0  iusefp.o(.text)
    __scatterload                            0x00000299   Thumb Code    28  init.o(.text)
    __scatterload_rt2                        0x00000299   Thumb Code     0  init.o(.text)
    __aeabi_llsl                             0x000002bd   Thumb Code    30  llshl.o(.text)
    _ll_shift_l                              0x000002bd   Thumb Code     0  llshl.o(.text)
    __aeabi_llsr                             0x000002db   Thumb Code    32  llushr.o(.text)
    _ll_ushift_r                             0x000002db   Thumb Code     0  llushr.o(.text)
    __scatterload_null                       0x000002fb   Thumb Code     2  handlers.o(i.__scatterload_null)
    _double_round                            0x00000301   Thumb Code    30  depilogue.o(.text)
    _double_epilogue                         0x0000031f   Thumb Code   156  depilogue.o(.text)
    GPIO_PIN_Write                           0x000003bb   Thumb Code    18  gpio.o(i.GPIO_PIN_Write)
    LCD_Init                                 0x000003cd   Thumb Code   122  lcd.o(i.LCD_Init)
    LCD_clearDisplay                         0x0000044d   Thumb Code    10  lcd.o(i.LCD_clearDisplay)
    LCD_command                              0x00000459   Thumb Code   140  lcd.o(i.LCD_command)
    LCD_cursorAutoIncrement                  0x000004e9   Thumb Code    10  lcd.o(i.LCD_cursorAutoIncrement)
    LCD_cursorBlinking                       0x000004f3   Thumb Code    10  lcd.o(i.LCD_cursorBlinking)
    LCD_data                                 0x000004fd   Thumb Code   138  lcd.o(i.LCD_data)
    LCD_setCursorHome                        0x0000058d   Thumb Code    10  lcd.o(i.LCD_setCursorHome)
    LCD_toogle                               0x00000599   Thumb Code    46  lcd.o(i.LCD_toogle)
    LCD_write                                0x000005cd   Thumb Code    22  lcd.o(i.LCD_write)
    SystemCoreClockUpdate                    0x000005e5   Thumb Code   696  system_lpc407x_8x_177x_8x.o(i.SystemCoreClockUpdate)
    SystemInit                               0x000008b9   Thumb Code   220  system_lpc407x_8x_177x_8x.o(i.SystemInit)
    TIMER2_IRQHandler                        0x000009a5   Thumb Code    52  ultrasonic.o(i.TIMER2_IRQHandler)
    TIMER3_IRQHandler                        0x000009e1   Thumb Code    60  timer.o(i.TIMER3_IRQHandler)
    Ultrasonic_Capture_Timer_Init            0x00000a2d   Thumb Code    92  timer.o(i.Ultrasonic_Capture_Timer_Init)
    Ultrasonic_Init                          0x00000a91   Thumb Code    64  ultrasonic.o(i.Ultrasonic_Init)
    Ultrasonic_Start_Trigger_Timer           0x00000ad5   Thumb Code    38  ultrasonic.o(i.Ultrasonic_Start_Trigger_Timer)
    Ultrasonic_Trigger_Timer_Init            0x00000b01   Thumb Code   164  ultrasonic.o(i.Ultrasonic_Trigger_Timer_Init)
    __scatterload_copy                       0x00000bb9   Thumb Code    14  handlers.o(i.__scatterload_copy)
    __scatterload_zeroinit                   0x00000bc7   Thumb Code    14  handlers.o(i.__scatterload_zeroinit)
    fpu_init                                 0x00000bd5   Thumb Code    62  system_lpc407x_8x_177x_8x.o(i.fpu_init)
    init                                     0x00000c25   Thumb Code    40  main.o(i.init)
    main                                     0x00000c55   Thumb Code    16  main.o(i.main)
    update                                   0x00000c65   Thumb Code   230  main.o(i.update)
    wait                                     0x00000d75   Thumb Code    20  wait.o(i.wait)
    Region$$Table$$Base                      0x00000d88   Number         0  anon$$obj.o(Region$$Table)
    Region$$Table$$Limit                     0x00000da8   Number         0  anon$$obj.o(Region$$Table)
    distance                                 0x10000000   Data           8  main.o(.data)
    l                                        0x10000008   Data           1  main.o(.data)
    flag                                     0x1000000c   Data           4  main.o(.data)
    lapCounter                               0x10000010   Data           4  main.o(.data)
    carDistanceLimit                         0x10000014   Data           4  main.o(.data)
    ultrasonicSensorDuration                 0x10000018   Data           4  ultrasonic.o(.data)
    ultrasonicSensorDistance                 0x1000001c   Data           4  ultrasonic.o(.data)
    ultrasonicSensorNewDataAvailable         0x10000020   Data           1  ultrasonic.o(.data)
    ultrasonicSensorTriggerStart             0x10000021   Data           1  ultrasonic.o(.data)
    ultrasonicSensorCaptureRisingEdge        0x10000022   Data           1  ultrasonic.o(.data)
    SystemCoreClock                          0x10000024   Data           4  system_lpc407x_8x_177x_8x.o(.data)
    PeripheralClock                          0x10000028   Data           4  system_lpc407x_8x_177x_8x.o(.data)
    EMCClock                                 0x1000002c   Data           4  system_lpc407x_8x_177x_8x.o(.data)
    USBClock                                 0x10000030   Data           4  system_lpc407x_8x_177x_8x.o(.data)
    __initial_sp                             0x10000438   Data           0  startup_lpc407x_8x_177x_8x.o(STACK)



==============================================================================

Memory Map of the image

  Image Entry point : 0x000000f9

  Load Region LR_1 (Base: 0x00000000, Size: 0x00000ddc, Max: 0xffffffff, ABSOLUTE)

    Execution Region ER_RO (Base: 0x00000000, Size: 0x00000da8, Max: 0xffffffff, ABSOLUTE)

    Base Addr    Size         Type   Attr      Idx    E Section Name        Object

    0x00000000   0x000000e4   Data   RO          381    RESET               startup_lpc407x_8x_177x_8x.o
    0x000000e4   0x00000000   Code   RO          431  * .ARM.Collect$$$$00000000  mc_w.l(entry.o)
    0x000000e4   0x00000004   Code   RO          444    .ARM.Collect$$$$00000001  mc_w.l(entry2.o)
    0x000000e8   0x00000004   Code   RO          447    .ARM.Collect$$$$00000004  mc_w.l(entry5.o)
    0x000000ec   0x00000000   Code   RO          449    .ARM.Collect$$$$00000008  mc_w.l(entry7b.o)
    0x000000ec   0x00000000   Code   RO          451    .ARM.Collect$$$$0000000A  mc_w.l(entry8b.o)
    0x000000ec   0x00000008   Code   RO          452    .ARM.Collect$$$$0000000B  mc_w.l(entry9a.o)
    0x000000f4   0x00000000   Code   RO          454    .ARM.Collect$$$$0000000D  mc_w.l(entry10a.o)
    0x000000f4   0x00000000   Code   RO          456    .ARM.Collect$$$$0000000F  mc_w.l(entry11a.o)
    0x000000f4   0x00000004   Code   RO          445    .ARM.Collect$$$$00002712  mc_w.l(entry2.o)
    0x000000f8   0x00000024   Code   RO          383  * .text               startup_lpc407x_8x_177x_8x.o
    0x0000011c   0x000000de   Code   RO          434    .text               mf_w.l(ddiv.o)
    0x000001fa   0x00000022   Code   RO          436    .text               mf_w.l(dflti.o)
    0x0000021c   0x0000001a   Code   RO          438    .text               mf_w.l(dfltui.o)
    0x00000236   0x00000002   PAD
    0x00000238   0x00000030   Code   RO          440    .text               mf_w.l(cdcmple.o)
    0x00000268   0x00000030   Code   RO          442    .text               mf_w.l(cdrcmple.o)
    0x00000298   0x00000000   Code   RO          458    .text               mc_w.l(iusefp.o)
    0x00000298   0x00000024   Code   RO          461    .text               mc_w.l(init.o)
    0x000002bc   0x0000001e   Code   RO          463    .text               mc_w.l(llshl.o)
    0x000002da   0x00000020   Code   RO          465    .text               mc_w.l(llushr.o)
    0x000002fa   0x00000002   Code   RO          470    i.__scatterload_null  mc_w.l(handlers.o)
    0x000002fc   0x00000004   Code   RO          382    .ARM.__at_0x02FC    startup_lpc407x_8x_177x_8x.o
    0x00000300   0x000000ba   Code   RO          459    .text               mf_w.l(depilogue.o)
    0x000003ba   0x00000012   Code   RO           94    i.GPIO_PIN_Write    gpio.o
    0x000003cc   0x00000080   Code   RO          253    i.LCD_Init          lcd.o
    0x0000044c   0x0000000a   Code   RO          254    i.LCD_clearDisplay  lcd.o
    0x00000456   0x00000002   PAD
    0x00000458   0x00000090   Code   RO          256    i.LCD_command       lcd.o
    0x000004e8   0x0000000a   Code   RO          257    i.LCD_cursorAutoIncrement  lcd.o
    0x000004f2   0x0000000a   Code   RO          258    i.LCD_cursorBlinking  lcd.o
    0x000004fc   0x00000090   Code   RO          261    i.LCD_data          lcd.o
    0x0000058c   0x0000000a   Code   RO          264    i.LCD_setCursorHome  lcd.o
    0x00000596   0x00000002   PAD
    0x00000598   0x00000034   Code   RO          269    i.LCD_toogle        lcd.o
    0x000005cc   0x00000016   Code   RO          270    i.LCD_write         lcd.o
    0x000005e2   0x00000002   PAD
    0x000005e4   0x000002d4   Code   RO          392    i.SystemCoreClockUpdate  system_lpc407x_8x_177x_8x.o
    0x000008b8   0x000000ec   Code   RO          393    i.SystemInit        system_lpc407x_8x_177x_8x.o
    0x000009a4   0x0000003c   Code   RO          157    i.TIMER2_IRQHandler  ultrasonic.o
    0x000009e0   0x0000004c   Code   RO          215    i.TIMER3_IRQHandler  timer.o
    0x00000a2c   0x00000064   Code   RO          216    i.Ultrasonic_Capture_Timer_Init  timer.o
    0x00000a90   0x00000044   Code   RO          158    i.Ultrasonic_Init   ultrasonic.o
    0x00000ad4   0x0000002c   Code   RO          159    i.Ultrasonic_Start_Trigger_Timer  ultrasonic.o
    0x00000b00   0x000000b8   Code   RO          160    i.Ultrasonic_Trigger_Timer_Init  ultrasonic.o
    0x00000bb8   0x0000000e   Code   RO          469    i.__scatterload_copy  mc_w.l(handlers.o)
    0x00000bc6   0x0000000e   Code   RO          471    i.__scatterload_zeroinit  mc_w.l(handlers.o)
    0x00000bd4   0x00000050   Code   RO          394    i.fpu_init          system_lpc407x_8x_177x_8x.o
    0x00000c24   0x00000030   Code   RO            4    i.init              main.o
    0x00000c54   0x00000010   Code   RO            5    i.main              main.o
    0x00000c64   0x00000110   Code   RO            6    i.update            main.o
    0x00000d74   0x00000014   Code   RO          124    i.wait              wait.o
    0x00000d88   0x00000020   Data   RO          467    Region$$Table       anon$$obj.o


    Execution Region ER_RW (Base: 0x10000000, Size: 0x00000034, Max: 0xffffffff, ABSOLUTE)

    Base Addr    Size         Type   Attr      Idx    E Section Name        Object

    0x10000000   0x00000018   Data   RW            7    .data               main.o
    0x10000018   0x0000000b   Data   RW          161    .data               ultrasonic.o
    0x10000023   0x00000001   PAD
    0x10000024   0x00000010   Data   RW          395    .data               system_lpc407x_8x_177x_8x.o


    Execution Region ER_ZI (Base: 0x10000034, Size: 0x00000404, Max: 0xffffffff, ABSOLUTE)

    Base Addr    Size         Type   Attr      Idx    E Section Name        Object

    0x10000034   0x00000004   PAD
    0x10000038   0x00000400   Zero   RW          379    STACK               startup_lpc407x_8x_177x_8x.o


==============================================================================

Image component sizes


      Code (inc. data)   RO Data    RW Data    ZI Data      Debug   Object Name

        18          0          0          0          0       1677   gpio.o
       530         22          0          0          0       4359   lcd.o
       336         50          0         24          0      28541   main.o
        40         12        228          0       1024       1072   startup_lpc407x_8x_177x_8x.o
      1040         62          0         16          0       4504   system_lpc407x_8x_177x_8x.o
       176         24          0          0          0      27695   timer.o
       356         38          0         11          0      29410   ultrasonic.o
        20          0          0          0          0        499   wait.o

    ----------------------------------------------------------------------
      2522        208        260         52       1028      97757   Object Totals
         0          0         32          0          0          0   (incl. Generated)
         6          0          0          1          4          0   (incl. Padding)

    ----------------------------------------------------------------------

      Code (inc. data)   RO Data    RW Data    ZI Data      Debug   Library Member Name

         0          0          0          0          0          0   entry.o
         0          0          0          0          0          0   entry10a.o
         0          0          0          0          0          0   entry11a.o
         8          4          0          0          0          0   entry2.o
         4          0          0          0          0          0   entry5.o
         0          0          0          0          0          0   entry7b.o
         0          0          0          0          0          0   entry8b.o
         8          4          0          0          0          0   entry9a.o
        30          0          0          0          0          0   handlers.o
        36          8          0          0          0         68   init.o
         0          0          0          0          0          0   iusefp.o
        30          0          0          0          0         68   llshl.o
        32          0          0          0          0         68   llushr.o
        48          0          0          0          0         68   cdcmple.o
        48          0          0          0          0         68   cdrcmple.o
       222          0          0          0          0        100   ddiv.o
       186          0          0          0          0        176   depilogue.o
        34          0          0          0          0         76   dflti.o
        26          0          0          0          0         76   dfltui.o

    ----------------------------------------------------------------------
       714         16          0          0          0        768   Library Totals
         2          0          0          0          0          0   (incl. Padding)

    ----------------------------------------------------------------------

      Code (inc. data)   RO Data    RW Data    ZI Data      Debug   Library Name

       148         16          0          0          0        204   mc_w.l
       564          0          0          0          0        564   mf_w.l

    ----------------------------------------------------------------------
       714         16          0          0          0        768   Library Totals

    ----------------------------------------------------------------------

==============================================================================


      Code (inc. data)   RO Data    RW Data    ZI Data      Debug   

      3236        224        260         52       1028      96465   Grand Totals
      3236        224        260         52       1028      96465   ELF Image Totals
      3236        224        260         52          0          0   ROM Totals

==============================================================================

    Total RO  Size (Code + RO Data)                 3496 (   3.41kB)
    Total RW  Size (RW Data + ZI Data)              1080 (   1.05kB)
    Total ROM Size (Code + RO Data + RW Data)       3548 (   3.46kB)

==============================================================================

