Component: ARM Compiler 5.06 update 2 (build 183) Tool: armlink [4d35b7]

==============================================================================

Section Cross References

    main.o(i.init) refers to clapcounter.o(i.ClapCounterLEDInit) for ClapCounterLEDInit
    main.o(i.init) refers to pwm.o(i.PWM_Init) for PWM_Init
    main.o(i.init) refers to adc.o(i.ADC_Init) for ADC_Init
    main.o(i.init) refers to adc.o(i.ADC_Start) for ADC_Start
    main.o(i.init) refers to external.o(i.PushButton_Init) for PushButton_Init
    main.o(i.main) refers to main.o(i.init) for init
    main.o(i.main) refers to main.o(i.update) for update
    main.o(i.update) refers to wait.o(i.wait) for wait
    main.o(i.update) refers to pwm.o(i.PWM_Write) for PWM_Write
    main.o(i.update) refers to adc.o(.data) for ADC_New_Data_Available
    main.o(i.update) refers to clapcounter.o(.data) for clapCountRisingEdge
    adc.o(i.ADC_IRQHandler) refers to adc.o(i.ADC_Stop) for ADC_Stop
    adc.o(i.ADC_IRQHandler) refers to adc.o(i.ADC_Start) for ADC_Start
    adc.o(i.ADC_IRQHandler) refers to adc.o(.data) for ADC_Last
    pwm.o(i.PWM_Init) refers to pwm.o(i.PWM_Write) for PWM_Write
    external.o(i.EINT0_IRQHandler) refers to clapcounter.o(.data) for clapCount
    startup_lpc407x_8x_177x_8x.o(RESET) refers to startup_lpc407x_8x_177x_8x.o(STACK) for __initial_sp
    startup_lpc407x_8x_177x_8x.o(RESET) refers to startup_lpc407x_8x_177x_8x.o(.text) for Reset_Handler
    startup_lpc407x_8x_177x_8x.o(RESET) refers to external.o(i.EINT0_IRQHandler) for EINT0_IRQHandler
    startup_lpc407x_8x_177x_8x.o(RESET) refers to adc.o(i.ADC_IRQHandler) for ADC_IRQHandler
    startup_lpc407x_8x_177x_8x.o(.text) refers to system_lpc407x_8x_177x_8x.o(i.SystemInit) for SystemInit
    startup_lpc407x_8x_177x_8x.o(.text) refers to entry.o(.ARM.Collect$$$$00000000) for __main
    system_lpc407x_8x_177x_8x.o(i.SystemCoreClockUpdate) refers to system_lpc407x_8x_177x_8x.o(.data) for SystemCoreClock
    system_lpc407x_8x_177x_8x.o(i.SystemInit) refers to system_lpc407x_8x_177x_8x.o(i.fpu_init) for fpu_init
    system_lpc407x_8x_177x_8x.o(i.SystemInit) refers to system_lpc407x_8x_177x_8x.o(i.SystemCoreClockUpdate) for SystemCoreClockUpdate
    entry.o(.ARM.Collect$$$$00000000) refers (Special) to entry10a.o(.ARM.Collect$$$$0000000D) for __rt_final_cpp
    entry.o(.ARM.Collect$$$$00000000) refers (Special) to entry11a.o(.ARM.Collect$$$$0000000F) for __rt_final_exit
    entry.o(.ARM.Collect$$$$00000000) refers (Special) to entry7b.o(.ARM.Collect$$$$00000008) for _main_clock
    entry.o(.ARM.Collect$$$$00000000) refers (Special) to entry8b.o(.ARM.Collect$$$$0000000A) for _main_cpp_init
    entry.o(.ARM.Collect$$$$00000000) refers (Special) to entry9a.o(.ARM.Collect$$$$0000000B) for _main_init
    entry.o(.ARM.Collect$$$$00000000) refers (Special) to entry5.o(.ARM.Collect$$$$00000004) for _main_scatterload
    entry.o(.ARM.Collect$$$$00000000) refers (Special) to entry2.o(.ARM.Collect$$$$00000001) for _main_stk
    entry2.o(.ARM.Collect$$$$00000001) refers to entry2.o(.ARM.Collect$$$$00002712) for __lit__00000000
    entry2.o(.ARM.Collect$$$$00002712) refers to startup_lpc407x_8x_177x_8x.o(STACK) for __initial_sp
    entry2.o(__vectab_stack_and_reset_area) refers to startup_lpc407x_8x_177x_8x.o(STACK) for __initial_sp
    entry2.o(__vectab_stack_and_reset_area) refers to entry.o(.ARM.Collect$$$$00000000) for __main
    entry5.o(.ARM.Collect$$$$00000004) refers to init.o(.text) for __scatterload
    entry9a.o(.ARM.Collect$$$$0000000B) refers to main.o(i.main) for main
    entry9b.o(.ARM.Collect$$$$0000000C) refers to main.o(i.main) for main
    init.o(.text) refers to entry5.o(.ARM.Collect$$$$00000004) for __main_after_scatterload


==============================================================================

Removing Unused input sections from the image.

    Removing main.o(.rev16_text), (4 bytes).
    Removing main.o(.revsh_text), (4 bytes).
    Removing main.o(.rrx_text), (6 bytes).
    Removing clapcounter.o(.rev16_text), (4 bytes).
    Removing clapcounter.o(.revsh_text), (4 bytes).
    Removing clapcounter.o(.rrx_text), (6 bytes).
    Removing wait.o(.rev16_text), (4 bytes).
    Removing wait.o(.revsh_text), (4 bytes).
    Removing wait.o(.rrx_text), (6 bytes).
    Removing wait.o(i.waitMicroseconds), (18 bytes).
    Removing adc.o(.rev16_text), (4 bytes).
    Removing adc.o(.revsh_text), (4 bytes).
    Removing adc.o(.rrx_text), (6 bytes).
    Removing pwm.o(.rev16_text), (4 bytes).
    Removing pwm.o(.revsh_text), (4 bytes).
    Removing pwm.o(.rrx_text), (6 bytes).
    Removing external.o(.rev16_text), (4 bytes).
    Removing external.o(.revsh_text), (4 bytes).
    Removing external.o(.rrx_text), (6 bytes).
    Removing startup_lpc407x_8x_177x_8x.o(HEAP), (0 bytes).
    Removing system_lpc407x_8x_177x_8x.o(.rev16_text), (4 bytes).
    Removing system_lpc407x_8x_177x_8x.o(.revsh_text), (4 bytes).
    Removing system_lpc407x_8x_177x_8x.o(.rrx_text), (6 bytes).

23 unused section(s) (total 116 bytes) removed from the image.

==============================================================================

Image Symbol Table

    Local Symbols

    Symbol Name                              Value     Ov Type        Size  Object(Section)

    RESET                                    0x00000000   Section      228  startup_lpc407x_8x_177x_8x.o(RESET)
    ../clib/microlib/init/entry.s            0x00000000   Number         0  entry8b.o ABSOLUTE
    ../clib/microlib/init/entry.s            0x00000000   Number         0  entry2.o ABSOLUTE
    ../clib/microlib/init/entry.s            0x00000000   Number         0  entry8a.o ABSOLUTE
    ../clib/microlib/init/entry.s            0x00000000   Number         0  entry7b.o ABSOLUTE
    ../clib/microlib/init/entry.s            0x00000000   Number         0  entry11a.o ABSOLUTE
    ../clib/microlib/init/entry.s            0x00000000   Number         0  entry7a.o ABSOLUTE
    ../clib/microlib/init/entry.s            0x00000000   Number         0  entry5.o ABSOLUTE
    ../clib/microlib/init/entry.s            0x00000000   Number         0  entry.o ABSOLUTE
    ../clib/microlib/init/entry.s            0x00000000   Number         0  entry11b.o ABSOLUTE
    ../clib/microlib/init/entry.s            0x00000000   Number         0  entry10b.o ABSOLUTE
    ../clib/microlib/init/entry.s            0x00000000   Number         0  entry10a.o ABSOLUTE
    ../clib/microlib/init/entry.s            0x00000000   Number         0  entry9b.o ABSOLUTE
    ../clib/microlib/init/entry.s            0x00000000   Number         0  entry9a.o ABSOLUTE
    ClapCounter.c                            0x00000000   Number         0  clapcounter.o ABSOLUTE
    ClapCounter.c                            0x00000000   Number         0  clapcounter.o ABSOLUTE
    Library\ADC.c                            0x00000000   Number         0  adc.o ABSOLUTE
    Library\External.c                       0x00000000   Number         0  external.o ABSOLUTE
    Library\PWM.c                            0x00000000   Number         0  pwm.o ABSOLUTE
    Library\Wait.c                           0x00000000   Number         0  wait.o ABSOLUTE
    Library\\ADC.c                           0x00000000   Number         0  adc.o ABSOLUTE
    Library\\External.c                      0x00000000   Number         0  external.o ABSOLUTE
    Library\\PWM.c                           0x00000000   Number         0  pwm.o ABSOLUTE
    Library\\Wait.c                          0x00000000   Number         0  wait.o ABSOLUTE
    RTE\Device\LPC4088FET208\startup_LPC407x_8x_177x_8x.s 0x00000000   Number         0  startup_lpc407x_8x_177x_8x.o ABSOLUTE
    RTE\Device\LPC4088FET208\system_LPC407x_8x_177x_8x.c 0x00000000   Number         0  system_lpc407x_8x_177x_8x.o ABSOLUTE
    RTE\\Device\\LPC4088FET208\\system_LPC407x_8x_177x_8x.c 0x00000000   Number         0  system_lpc407x_8x_177x_8x.o ABSOLUTE
    dc.s                                     0x00000000   Number         0  dc.o ABSOLUTE
    handlers.s                               0x00000000   Number         0  handlers.o ABSOLUTE
    init.s                                   0x00000000   Number         0  init.o ABSOLUTE
    main.c                                   0x00000000   Number         0  main.o ABSOLUTE
    main.c                                   0x00000000   Number         0  main.o ABSOLUTE
    .ARM.Collect$$$$00000000                 0x000000e4   Section        0  entry.o(.ARM.Collect$$$$00000000)
    .ARM.Collect$$$$00000001                 0x000000e4   Section        4  entry2.o(.ARM.Collect$$$$00000001)
    .ARM.Collect$$$$00000004                 0x000000e8   Section        4  entry5.o(.ARM.Collect$$$$00000004)
    .ARM.Collect$$$$00000008                 0x000000ec   Section        0  entry7b.o(.ARM.Collect$$$$00000008)
    .ARM.Collect$$$$0000000A                 0x000000ec   Section        0  entry8b.o(.ARM.Collect$$$$0000000A)
    .ARM.Collect$$$$0000000B                 0x000000ec   Section        8  entry9a.o(.ARM.Collect$$$$0000000B)
    .ARM.Collect$$$$0000000D                 0x000000f4   Section        0  entry10a.o(.ARM.Collect$$$$0000000D)
    .ARM.Collect$$$$0000000F                 0x000000f4   Section        0  entry11a.o(.ARM.Collect$$$$0000000F)
    .ARM.Collect$$$$00002712                 0x000000f4   Section        4  entry2.o(.ARM.Collect$$$$00002712)
    __lit__00000000                          0x000000f4   Data           4  entry2.o(.ARM.Collect$$$$00002712)
    .text                                    0x000000f8   Section       36  startup_lpc407x_8x_177x_8x.o(.text)
    $v0                                      0x000000f8   Number         0  startup_lpc407x_8x_177x_8x.o(.text)
    .text                                    0x0000011c   Section       36  init.o(.text)
    i.ADC_IRQHandler                         0x00000140   Section        0  adc.o(i.ADC_IRQHandler)
    i.ADC_Init                               0x00000170   Section        0  adc.o(i.ADC_Init)
    i.ADC_Start                              0x000001d8   Section        0  adc.o(i.ADC_Start)
    i.ADC_Stop                               0x000001ec   Section        0  adc.o(i.ADC_Stop)
    i.ClapCounterLEDInit                     0x00000200   Section        0  clapcounter.o(i.ClapCounterLEDInit)
    i.EINT0_IRQHandler                       0x00000218   Section        0  external.o(i.EINT0_IRQHandler)
    i.PWM_Init                               0x00000244   Section        0  pwm.o(i.PWM_Init)
    i.PWM_Write                              0x00000294   Section        0  pwm.o(i.PWM_Write)
    i.__scatterload_copy                     0x000002cc   Section       14  handlers.o(i.__scatterload_copy)
    i.__scatterload_null                     0x000002da   Section        2  handlers.o(i.__scatterload_null)
    i.__scatterload_zeroinit                 0x000002dc   Section       14  handlers.o(i.__scatterload_zeroinit)
    i.main                                   0x000002ea   Section        0  main.o(i.main)
    .ARM.__at_0x02FC                         0x000002fc   Section        4  startup_lpc407x_8x_177x_8x.o(.ARM.__at_0x02FC)
    i.PushButton_Init                        0x00000300   Section        0  external.o(i.PushButton_Init)
    i.SystemCoreClockUpdate                  0x00000340   Section        0  system_lpc407x_8x_177x_8x.o(i.SystemCoreClockUpdate)
    i.SystemInit                             0x00000614   Section        0  system_lpc407x_8x_177x_8x.o(i.SystemInit)
    i.fpu_init                               0x00000700   Section        0  system_lpc407x_8x_177x_8x.o(i.fpu_init)
    i.init                                   0x00000750   Section        0  main.o(i.init)
    i.update                                 0x00000768   Section        0  main.o(i.update)
    i.wait                                   0x000007e8   Section        0  wait.o(i.wait)
    .data                                    0x10000000   Section        3  clapcounter.o(.data)
    .data                                    0x10000004   Section        5  adc.o(.data)
    .data                                    0x1000000c   Section       16  system_lpc407x_8x_177x_8x.o(.data)
    STACK                                    0x10000020   Section     1024  startup_lpc407x_8x_177x_8x.o(STACK)

    Global Symbols

    Symbol Name                              Value     Ov Type        Size  Object(Section)

    BuildAttributes$$THM_ISAv4$E$P$D$K$B$S$7EM$VFPi3$EXTD16$VFPS$VFMA$PE$A:L22UL41UL21$X:L11$S22US41US21$IEEE1$IW$USESV6$~STKCKD$USESV7$~SHL$OSPACE$EBA8$MICROLIB$REQ8$PRES8$EABIv2 0x00000000   Number         0  anon$$obj.o ABSOLUTE
    __ARM_use_no_argv                        0x00000000   Number         0  main.o ABSOLUTE
    __Vectors                                0x00000000   Data           4  startup_lpc407x_8x_177x_8x.o(RESET)
    __cpp_initialize__aeabi_                  - Undefined Weak Reference
    __cxa_finalize                            - Undefined Weak Reference
    __decompress                              - Undefined Weak Reference
    _clock_init                               - Undefined Weak Reference
    _microlib_exit                            - Undefined Weak Reference
    __main                                   0x000000e5   Thumb Code     0  entry.o(.ARM.Collect$$$$00000000)
    _main_stk                                0x000000e5   Thumb Code     0  entry2.o(.ARM.Collect$$$$00000001)
    _main_scatterload                        0x000000e9   Thumb Code     0  entry5.o(.ARM.Collect$$$$00000004)
    __main_after_scatterload                 0x000000ed   Thumb Code     0  entry5.o(.ARM.Collect$$$$00000004)
    _main_clock                              0x000000ed   Thumb Code     0  entry7b.o(.ARM.Collect$$$$00000008)
    _main_cpp_init                           0x000000ed   Thumb Code     0  entry8b.o(.ARM.Collect$$$$0000000A)
    _main_init                               0x000000ed   Thumb Code     0  entry9a.o(.ARM.Collect$$$$0000000B)
    __rt_final_cpp                           0x000000f5   Thumb Code     0  entry10a.o(.ARM.Collect$$$$0000000D)
    __rt_final_exit                          0x000000f5   Thumb Code     0  entry11a.o(.ARM.Collect$$$$0000000F)
    Reset_Handler                            0x000000f9   Thumb Code     8  startup_lpc407x_8x_177x_8x.o(.text)
    NMI_Handler                              0x00000101   Thumb Code     2  startup_lpc407x_8x_177x_8x.o(.text)
    HardFault_Handler                        0x00000103   Thumb Code     2  startup_lpc407x_8x_177x_8x.o(.text)
    MemManage_Handler                        0x00000105   Thumb Code     2  startup_lpc407x_8x_177x_8x.o(.text)
    BusFault_Handler                         0x00000107   Thumb Code     2  startup_lpc407x_8x_177x_8x.o(.text)
    UsageFault_Handler                       0x00000109   Thumb Code     2  startup_lpc407x_8x_177x_8x.o(.text)
    SVC_Handler                              0x0000010b   Thumb Code     2  startup_lpc407x_8x_177x_8x.o(.text)
    DebugMon_Handler                         0x0000010d   Thumb Code     2  startup_lpc407x_8x_177x_8x.o(.text)
    PendSV_Handler                           0x0000010f   Thumb Code     2  startup_lpc407x_8x_177x_8x.o(.text)
    SysTick_Handler                          0x00000111   Thumb Code     2  startup_lpc407x_8x_177x_8x.o(.text)
    BOD_IRQHandler                           0x00000113   Thumb Code     0  startup_lpc407x_8x_177x_8x.o(.text)
    CANActivity_IRQHandler                   0x00000113   Thumb Code     0  startup_lpc407x_8x_177x_8x.o(.text)
    CAN_IRQHandler                           0x00000113   Thumb Code     0  startup_lpc407x_8x_177x_8x.o(.text)
    DMA_IRQHandler                           0x00000113   Thumb Code     0  startup_lpc407x_8x_177x_8x.o(.text)
    EEPROM_IRQHandler                        0x00000113   Thumb Code     0  startup_lpc407x_8x_177x_8x.o(.text)
    EINT1_IRQHandler                         0x00000113   Thumb Code     0  startup_lpc407x_8x_177x_8x.o(.text)
    EINT2_IRQHandler                         0x00000113   Thumb Code     0  startup_lpc407x_8x_177x_8x.o(.text)
    EINT3_IRQHandler                         0x00000113   Thumb Code     0  startup_lpc407x_8x_177x_8x.o(.text)
    ENET_IRQHandler                          0x00000113   Thumb Code     0  startup_lpc407x_8x_177x_8x.o(.text)
    GPIO_IRQHandler                          0x00000113   Thumb Code     0  startup_lpc407x_8x_177x_8x.o(.text)
    I2C0_IRQHandler                          0x00000113   Thumb Code     0  startup_lpc407x_8x_177x_8x.o(.text)
    I2C1_IRQHandler                          0x00000113   Thumb Code     0  startup_lpc407x_8x_177x_8x.o(.text)
    I2C2_IRQHandler                          0x00000113   Thumb Code     0  startup_lpc407x_8x_177x_8x.o(.text)
    I2S_IRQHandler                           0x00000113   Thumb Code     0  startup_lpc407x_8x_177x_8x.o(.text)
    LCD_IRQHandler                           0x00000113   Thumb Code     0  startup_lpc407x_8x_177x_8x.o(.text)
    MCI_IRQHandler                           0x00000113   Thumb Code     0  startup_lpc407x_8x_177x_8x.o(.text)
    MCPWM_IRQHandler                         0x00000113   Thumb Code     0  startup_lpc407x_8x_177x_8x.o(.text)
    PLL0_IRQHandler                          0x00000113   Thumb Code     0  startup_lpc407x_8x_177x_8x.o(.text)
    PLL1_IRQHandler                          0x00000113   Thumb Code     0  startup_lpc407x_8x_177x_8x.o(.text)
    PWM0_IRQHandler                          0x00000113   Thumb Code     0  startup_lpc407x_8x_177x_8x.o(.text)
    PWM1_IRQHandler                          0x00000113   Thumb Code     0  startup_lpc407x_8x_177x_8x.o(.text)
    QEI_IRQHandler                           0x00000113   Thumb Code     0  startup_lpc407x_8x_177x_8x.o(.text)
    RTC_IRQHandler                           0x00000113   Thumb Code     0  startup_lpc407x_8x_177x_8x.o(.text)
    SSP0_IRQHandler                          0x00000113   Thumb Code     0  startup_lpc407x_8x_177x_8x.o(.text)
    SSP1_IRQHandler                          0x00000113   Thumb Code     0  startup_lpc407x_8x_177x_8x.o(.text)
    SSP2_IRQHandler                          0x00000113   Thumb Code     0  startup_lpc407x_8x_177x_8x.o(.text)
    TIMER0_IRQHandler                        0x00000113   Thumb Code     0  startup_lpc407x_8x_177x_8x.o(.text)
    TIMER1_IRQHandler                        0x00000113   Thumb Code     0  startup_lpc407x_8x_177x_8x.o(.text)
    TIMER2_IRQHandler                        0x00000113   Thumb Code     0  startup_lpc407x_8x_177x_8x.o(.text)
    TIMER3_IRQHandler                        0x00000113   Thumb Code     0  startup_lpc407x_8x_177x_8x.o(.text)
    UART0_IRQHandler                         0x00000113   Thumb Code     0  startup_lpc407x_8x_177x_8x.o(.text)
    UART1_IRQHandler                         0x00000113   Thumb Code     0  startup_lpc407x_8x_177x_8x.o(.text)
    UART2_IRQHandler                         0x00000113   Thumb Code     0  startup_lpc407x_8x_177x_8x.o(.text)
    UART3_IRQHandler                         0x00000113   Thumb Code     0  startup_lpc407x_8x_177x_8x.o(.text)
    UART4_IRQHandler                         0x00000113   Thumb Code     0  startup_lpc407x_8x_177x_8x.o(.text)
    USBActivity_IRQHandler                   0x00000113   Thumb Code     0  startup_lpc407x_8x_177x_8x.o(.text)
    USB_IRQHandler                           0x00000113   Thumb Code     0  startup_lpc407x_8x_177x_8x.o(.text)
    WDT_IRQHandler                           0x00000113   Thumb Code     0  startup_lpc407x_8x_177x_8x.o(.text)
    __scatterload                            0x0000011d   Thumb Code    28  init.o(.text)
    __scatterload_rt2                        0x0000011d   Thumb Code     0  init.o(.text)
    ADC_IRQHandler                           0x00000141   Thumb Code    36  adc.o(i.ADC_IRQHandler)
    ADC_Init                                 0x00000171   Thumb Code    86  adc.o(i.ADC_Init)
    ADC_Start                                0x000001d9   Thumb Code    14  adc.o(i.ADC_Start)
    ADC_Stop                                 0x000001ed   Thumb Code    14  adc.o(i.ADC_Stop)
    ClapCounterLEDInit                       0x00000201   Thumb Code    18  clapcounter.o(i.ClapCounterLEDInit)
    EINT0_IRQHandler                         0x00000219   Thumb Code    28  external.o(i.EINT0_IRQHandler)
    PWM_Init                                 0x00000245   Thumb Code    68  pwm.o(i.PWM_Init)
    PWM_Write                                0x00000295   Thumb Code    52  pwm.o(i.PWM_Write)
    __scatterload_copy                       0x000002cd   Thumb Code    14  handlers.o(i.__scatterload_copy)
    __scatterload_null                       0x000002db   Thumb Code     2  handlers.o(i.__scatterload_null)
    __scatterload_zeroinit                   0x000002dd   Thumb Code    14  handlers.o(i.__scatterload_zeroinit)
    main                                     0x000002eb   Thumb Code    12  main.o(i.main)
    PushButton_Init                          0x00000301   Thumb Code    52  external.o(i.PushButton_Init)
    SystemCoreClockUpdate                    0x00000341   Thumb Code   696  system_lpc407x_8x_177x_8x.o(i.SystemCoreClockUpdate)
    SystemInit                               0x00000615   Thumb Code   220  system_lpc407x_8x_177x_8x.o(i.SystemInit)
    fpu_init                                 0x00000701   Thumb Code    62  system_lpc407x_8x_177x_8x.o(i.fpu_init)
    init                                     0x00000751   Thumb Code    24  main.o(i.init)
    update                                   0x00000769   Thumb Code   108  main.o(i.update)
    wait                                     0x000007e9   Thumb Code    20  wait.o(i.wait)
    Region$$Table$$Base                      0x000007fc   Number         0  anon$$obj.o(Region$$Table)
    Region$$Table$$Limit                     0x0000081c   Number         0  anon$$obj.o(Region$$Table)
    clapCount                                0x10000000   Data           1  clapcounter.o(.data)
    clapCountRisingEdge                      0x10000001   Data           1  clapcounter.o(.data)
    clapCountChanged                         0x10000002   Data           1  clapcounter.o(.data)
    ADC_Last                                 0x10000004   Data           4  adc.o(.data)
    ADC_New_Data_Available                   0x10000008   Data           1  adc.o(.data)
    SystemCoreClock                          0x1000000c   Data           4  system_lpc407x_8x_177x_8x.o(.data)
    PeripheralClock                          0x10000010   Data           4  system_lpc407x_8x_177x_8x.o(.data)
    EMCClock                                 0x10000014   Data           4  system_lpc407x_8x_177x_8x.o(.data)
    USBClock                                 0x10000018   Data           4  system_lpc407x_8x_177x_8x.o(.data)
    __initial_sp                             0x10000420   Data           0  startup_lpc407x_8x_177x_8x.o(STACK)



==============================================================================

Memory Map of the image

  Image Entry point : 0x000000f9

  Load Region LR_1 (Base: 0x00000000, Size: 0x00000838, Max: 0xffffffff, ABSOLUTE)

    Execution Region ER_RO (Base: 0x00000000, Size: 0x0000081c, Max: 0xffffffff, ABSOLUTE)

    Base Addr    Size         Type   Attr      Idx    E Section Name        Object

    0x00000000   0x000000e4   Data   RO          276    RESET               startup_lpc407x_8x_177x_8x.o
    0x000000e4   0x00000000   Code   RO          326  * .ARM.Collect$$$$00000000  mc_w.l(entry.o)
    0x000000e4   0x00000004   Code   RO          329    .ARM.Collect$$$$00000001  mc_w.l(entry2.o)
    0x000000e8   0x00000004   Code   RO          332    .ARM.Collect$$$$00000004  mc_w.l(entry5.o)
    0x000000ec   0x00000000   Code   RO          334    .ARM.Collect$$$$00000008  mc_w.l(entry7b.o)
    0x000000ec   0x00000000   Code   RO          336    .ARM.Collect$$$$0000000A  mc_w.l(entry8b.o)
    0x000000ec   0x00000008   Code   RO          337    .ARM.Collect$$$$0000000B  mc_w.l(entry9a.o)
    0x000000f4   0x00000000   Code   RO          339    .ARM.Collect$$$$0000000D  mc_w.l(entry10a.o)
    0x000000f4   0x00000000   Code   RO          341    .ARM.Collect$$$$0000000F  mc_w.l(entry11a.o)
    0x000000f4   0x00000004   Code   RO          330    .ARM.Collect$$$$00002712  mc_w.l(entry2.o)
    0x000000f8   0x00000024   Code   RO          278  * .text               startup_lpc407x_8x_177x_8x.o
    0x0000011c   0x00000024   Code   RO          343    .text               mc_w.l(init.o)
    0x00000140   0x00000030   Code   RO          152    i.ADC_IRQHandler    adc.o
    0x00000170   0x00000068   Code   RO          153    i.ADC_Init          adc.o
    0x000001d8   0x00000014   Code   RO          154    i.ADC_Start         adc.o
    0x000001ec   0x00000014   Code   RO          155    i.ADC_Stop          adc.o
    0x00000200   0x00000018   Code   RO           89    i.ClapCounterLEDInit  clapcounter.o
    0x00000218   0x0000002c   Code   RO          240    i.EINT0_IRQHandler  external.o
    0x00000244   0x00000050   Code   RO          207    i.PWM_Init          pwm.o
    0x00000294   0x00000038   Code   RO          208    i.PWM_Write         pwm.o
    0x000002cc   0x0000000e   Code   RO          347    i.__scatterload_copy  mc_w.l(handlers.o)
    0x000002da   0x00000002   Code   RO          348    i.__scatterload_null  mc_w.l(handlers.o)
    0x000002dc   0x0000000e   Code   RO          349    i.__scatterload_zeroinit  mc_w.l(handlers.o)
    0x000002ea   0x0000000c   Code   RO            5    i.main              main.o
    0x000002f6   0x00000006   PAD
    0x000002fc   0x00000004   Code   RO          277    .ARM.__at_0x02FC    startup_lpc407x_8x_177x_8x.o
    0x00000300   0x00000040   Code   RO          241    i.PushButton_Init   external.o
    0x00000340   0x000002d4   Code   RO          287    i.SystemCoreClockUpdate  system_lpc407x_8x_177x_8x.o
    0x00000614   0x000000ec   Code   RO          288    i.SystemInit        system_lpc407x_8x_177x_8x.o
    0x00000700   0x00000050   Code   RO          289    i.fpu_init          system_lpc407x_8x_177x_8x.o
    0x00000750   0x00000018   Code   RO            4    i.init              main.o
    0x00000768   0x00000080   Code   RO            6    i.update            main.o
    0x000007e8   0x00000014   Code   RO          119    i.wait              wait.o
    0x000007fc   0x00000020   Data   RO          345    Region$$Table       anon$$obj.o


    Execution Region ER_RW (Base: 0x10000000, Size: 0x0000001c, Max: 0xffffffff, ABSOLUTE)

    Base Addr    Size         Type   Attr      Idx    E Section Name        Object

    0x10000000   0x00000003   Data   RW           90    .data               clapcounter.o
    0x10000003   0x00000001   PAD
    0x10000004   0x00000005   Data   RW          156    .data               adc.o
    0x10000009   0x00000003   PAD
    0x1000000c   0x00000010   Data   RW          290    .data               system_lpc407x_8x_177x_8x.o


    Execution Region ER_ZI (Base: 0x1000001c, Size: 0x00000404, Max: 0xffffffff, ABSOLUTE)

    Base Addr    Size         Type   Attr      Idx    E Section Name        Object

    0x1000001c   0x00000004   PAD
    0x10000020   0x00000400   Zero   RW          274    STACK               startup_lpc407x_8x_177x_8x.o


==============================================================================

Image component sizes


      Code (inc. data)   RO Data    RW Data    ZI Data      Debug   Object Name

       192         42          0          5          0      29272   adc.o
        24          6          0          3          0        954   clapcounter.o
       108         28          0          0          0       1241   external.o
       164         20          0          0          0      28463   main.o
       136         16          0          0          0       1191   pwm.o
        40         12        228          0       1024       1296   startup_lpc407x_8x_177x_8x.o
      1040         62          0         16          0       5056   system_lpc407x_8x_177x_8x.o
        20          0          0          0          0        611   wait.o

    ----------------------------------------------------------------------
      1730        186        260         28       1028      68084   Object Totals
         0          0         32          0          0          0   (incl. Generated)
         6          0          0          4          4          0   (incl. Padding)

    ----------------------------------------------------------------------

      Code (inc. data)   RO Data    RW Data    ZI Data      Debug   Library Member Name

         0          0          0          0          0          0   entry.o
         0          0          0          0          0          0   entry10a.o
         0          0          0          0          0          0   entry11a.o
         8          4          0          0          0          0   entry2.o
         4          0          0          0          0          0   entry5.o
         0          0          0          0          0          0   entry7b.o
         0          0          0          0          0          0   entry8b.o
         8          4          0          0          0          0   entry9a.o
        30          0          0          0          0          0   handlers.o
        36          8          0          0          0         68   init.o

    ----------------------------------------------------------------------
        86         16          0          0          0         68   Library Totals
         0          0          0          0          0          0   (incl. Padding)

    ----------------------------------------------------------------------

      Code (inc. data)   RO Data    RW Data    ZI Data      Debug   Library Name

        86         16          0          0          0         68   mc_w.l

    ----------------------------------------------------------------------
        86         16          0          0          0         68   Library Totals

    ----------------------------------------------------------------------

==============================================================================


      Code (inc. data)   RO Data    RW Data    ZI Data      Debug   

      1816        202        260         28       1028      67156   Grand Totals
      1816        202        260         28       1028      67156   ELF Image Totals
      1816        202        260         28          0          0   ROM Totals

==============================================================================

    Total RO  Size (Code + RO Data)                 2076 (   2.03kB)
    Total RW  Size (RW Data + ZI Data)              1056 (   1.03kB)
    Total ROM Size (Code + RO Data + RW Data)       2104 (   2.05kB)

==============================================================================

