Component: ARM Compiler 5.06 update 3 (build 300) Tool: armlink [4d35c9]

==============================================================================

Section Cross References

    main.o(i.init) refers to serial.o(i.Serial_Init) for Serial_Init
    main.o(i.main) refers to main.o(i.init) for init
    main.o(i.main) refers to serial.o(i.Serial_WriteData) for Serial_WriteData
    main.o(i.main) refers to main.o(i.update) for update
    main.o(i.main) refers to serial.o(.data) for serialTransmitData
    main.o(i.update) refers to adc.o(.data) for ADC_New_Data_Available
    adc.o(i.ADC_IRQHandler) refers to adc.o(i.ADC_Stop) for ADC_Stop
    adc.o(i.ADC_IRQHandler) refers to adc.o(i.ADC_Start) for ADC_Start
    adc.o(i.ADC_IRQHandler) refers to adc.o(.data) for ADC_Last
    serial.o(i.Serial_WriteData) refers to serial.o(.data) for serialTransmitCompleted
    serial.o(i.UART0_IRQHandler) refers to serial.o(i.Serial_ReadData) for Serial_ReadData
    serial.o(i.UART0_IRQHandler) refers to serial.o(i.Serial_WriteData) for Serial_WriteData
    serial.o(i.UART0_IRQHandler) refers to serial.o(.data) for serialReceivedCharacter
    esp8266.o(i.ESP8266_Write) refers to esp8266.o(i.ESP8266_WriteData) for ESP8266_WriteData
    esp8266.o(i.ESP8266_readResponse) refers to esp8266.o(i.ESP8266_ReadData) for ESP8266_ReadData
    esp8266.o(i.ESP8266_readResponse) refers to esp8266.o(.data) for esp8266CurrentBufferIndex
    esp8266.o(i.ESP8266_readResponse) refers to esp8266.o(.bss) for esp8266Buffer
    esp8266.o(i.ESP8266_sendCommand) refers to esp8266.o(i.ESP8266_Write) for ESP8266_Write
    esp8266.o(i.ESP8266_sendCommand) refers to esp8266.o(.bss) for esp8266Response
    esp8266.o(i.ESP8266_sendCommand) refers to esp8266.o(.data) for esp8266CurrentBufferIndex
    esp8266.o(i.ESP8266_waitResponseEnd) refers to strstr.o(.text) for strstr
    esp8266.o(i.ESP8266_waitResponseEnd) refers to esp8266.o(.data) for esp8266CurrentBufferIndex
    esp8266.o(i.ESP8266_waitResponseEnd) refers to esp8266.o(.bss) for esp8266Buffer
    esp8266.o(i.UART3_IRQHandler) refers to esp8266.o(i.ESP8266_ReadData) for ESP8266_ReadData
    esp8266.o(i.UART3_IRQHandler) refers to esp8266.o(.bss) for esp8266Buffer
    esp8266.o(i.UART3_IRQHandler) refers to esp8266.o(.data) for esp8266CurrentBufferIndex
    rgb_led.o(i.RGB_LED_Init) refers to gpio.o(i.GPIO_DIR_Write) for GPIO_DIR_Write
    rgb_led.o(i.RGB_LED_Init) refers to gpio.o(i.GPIO_PIN_Write) for GPIO_PIN_Write
    rgb_led.o(i.RGB_LED_setColor) refers to gpio.o(i.GPIO_PIN_Write) for GPIO_PIN_Write
    startup_lpc407x_8x_177x_8x.o(RESET) refers to startup_lpc407x_8x_177x_8x.o(STACK) for __initial_sp
    startup_lpc407x_8x_177x_8x.o(RESET) refers to startup_lpc407x_8x_177x_8x.o(.text) for Reset_Handler
    startup_lpc407x_8x_177x_8x.o(RESET) refers to serial.o(i.UART0_IRQHandler) for UART0_IRQHandler
    startup_lpc407x_8x_177x_8x.o(RESET) refers to esp8266.o(i.UART3_IRQHandler) for UART3_IRQHandler
    startup_lpc407x_8x_177x_8x.o(RESET) refers to adc.o(i.ADC_IRQHandler) for ADC_IRQHandler
    startup_lpc407x_8x_177x_8x.o(.text) refers to system_lpc407x_8x_177x_8x.o(i.SystemInit) for SystemInit
    startup_lpc407x_8x_177x_8x.o(.text) refers to entry.o(.ARM.Collect$$$$00000000) for __main
    system_lpc407x_8x_177x_8x.o(i.SystemCoreClockUpdate) refers to system_lpc407x_8x_177x_8x.o(.data) for SystemCoreClock
    system_lpc407x_8x_177x_8x.o(i.SystemInit) refers to system_lpc407x_8x_177x_8x.o(i.fpu_init) for fpu_init
    system_lpc407x_8x_177x_8x.o(i.SystemInit) refers to system_lpc407x_8x_177x_8x.o(i.SystemCoreClockUpdate) for SystemCoreClockUpdate
    entry.o(.ARM.Collect$$$$00000000) refers (Special) to entry10a.o(.ARM.Collect$$$$0000000D) for __rt_final_cpp
    entry.o(.ARM.Collect$$$$00000000) refers (Special) to entry11a.o(.ARM.Collect$$$$0000000F) for __rt_final_exit
    entry.o(.ARM.Collect$$$$00000000) refers (Special) to entry7b.o(.ARM.Collect$$$$00000008) for _main_clock
    entry.o(.ARM.Collect$$$$00000000) refers (Special) to entry8b.o(.ARM.Collect$$$$0000000A) for _main_cpp_init
    entry.o(.ARM.Collect$$$$00000000) refers (Special) to entry9a.o(.ARM.Collect$$$$0000000B) for _main_init
    entry.o(.ARM.Collect$$$$00000000) refers (Special) to entry5.o(.ARM.Collect$$$$00000004) for _main_scatterload
    entry.o(.ARM.Collect$$$$00000000) refers (Special) to entry2.o(.ARM.Collect$$$$00000001) for _main_stk
    entry2.o(.ARM.Collect$$$$00000001) refers to entry2.o(.ARM.Collect$$$$00002712) for __lit__00000000
    entry2.o(.ARM.Collect$$$$00002712) refers to startup_lpc407x_8x_177x_8x.o(STACK) for __initial_sp
    entry2.o(__vectab_stack_and_reset_area) refers to startup_lpc407x_8x_177x_8x.o(STACK) for __initial_sp
    entry2.o(__vectab_stack_and_reset_area) refers to entry.o(.ARM.Collect$$$$00000000) for __main
    entry5.o(.ARM.Collect$$$$00000004) refers to init.o(.text) for __scatterload
    entry9a.o(.ARM.Collect$$$$0000000B) refers to main.o(i.main) for main
    entry9b.o(.ARM.Collect$$$$0000000C) refers to main.o(i.main) for main
    init.o(.text) refers to entry5.o(.ARM.Collect$$$$00000004) for __main_after_scatterload


==============================================================================

Removing Unused input sections from the image.

    Removing main.o(.rev16_text), (4 bytes).
    Removing main.o(.revsh_text), (4 bytes).
    Removing main.o(.rrx_text), (6 bytes).
    Removing wait.o(.rev16_text), (4 bytes).
    Removing wait.o(.revsh_text), (4 bytes).
    Removing wait.o(.rrx_text), (6 bytes).
    Removing wait.o(i.wait), (20 bytes).
    Removing wait.o(i.waitMicroseconds), (18 bytes).
    Removing adc.o(.rev16_text), (4 bytes).
    Removing adc.o(.revsh_text), (4 bytes).
    Removing adc.o(.rrx_text), (6 bytes).
    Removing adc.o(i.ADC_Init), (104 bytes).
    Removing serial.o(.rev16_text), (4 bytes).
    Removing serial.o(.revsh_text), (4 bytes).
    Removing serial.o(.rrx_text), (6 bytes).
    Removing esp8266.o(.rev16_text), (4 bytes).
    Removing esp8266.o(.revsh_text), (4 bytes).
    Removing esp8266.o(.rrx_text), (6 bytes).
    Removing esp8266.o(i.ESP8266_Init), (84 bytes).
    Removing esp8266.o(i.ESP8266_Write), (22 bytes).
    Removing esp8266.o(i.ESP8266_WriteData), (24 bytes).
    Removing esp8266.o(i.ESP8266_clearBuffer), (2 bytes).
    Removing esp8266.o(i.ESP8266_readResponse), (84 bytes).
    Removing esp8266.o(i.ESP8266_sendCommand), (60 bytes).
    Removing esp8266.o(i.ESP8266_waitResponseEnd), (208 bytes).
    Removing rgb_led.o(.rev16_text), (4 bytes).
    Removing rgb_led.o(.revsh_text), (4 bytes).
    Removing rgb_led.o(.rrx_text), (6 bytes).
    Removing rgb_led.o(i.RGB_LED_Init), (68 bytes).
    Removing rgb_led.o(i.RGB_LED_setColor), (300 bytes).
    Removing gpio.o(.rev16_text), (4 bytes).
    Removing gpio.o(.revsh_text), (4 bytes).
    Removing gpio.o(.rrx_text), (6 bytes).
    Removing gpio.o(i.GPIO_DIR_Write), (18 bytes).
    Removing gpio.o(i.GPIO_PIN_Write), (18 bytes).
    Removing startup_lpc407x_8x_177x_8x.o(HEAP), (0 bytes).
    Removing system_lpc407x_8x_177x_8x.o(.rev16_text), (4 bytes).
    Removing system_lpc407x_8x_177x_8x.o(.revsh_text), (4 bytes).
    Removing system_lpc407x_8x_177x_8x.o(.rrx_text), (6 bytes).

39 unused section(s) (total 1142 bytes) removed from the image.

==============================================================================

Image Symbol Table

    Local Symbols

    Symbol Name                              Value     Ov Type        Size  Object(Section)

    RESET                                    0x00000000   Section      228  startup_lpc407x_8x_177x_8x.o(RESET)
    ../clib/microlib/init/entry.s            0x00000000   Number         0  entry10b.o ABSOLUTE
    ../clib/microlib/init/entry.s            0x00000000   Number         0  entry7a.o ABSOLUTE
    ../clib/microlib/init/entry.s            0x00000000   Number         0  entry11b.o ABSOLUTE
    ../clib/microlib/init/entry.s            0x00000000   Number         0  entry11a.o ABSOLUTE
    ../clib/microlib/init/entry.s            0x00000000   Number         0  entry10a.o ABSOLUTE
    ../clib/microlib/init/entry.s            0x00000000   Number         0  entry9b.o ABSOLUTE
    ../clib/microlib/init/entry.s            0x00000000   Number         0  entry9a.o ABSOLUTE
    ../clib/microlib/init/entry.s            0x00000000   Number         0  entry8b.o ABSOLUTE
    ../clib/microlib/init/entry.s            0x00000000   Number         0  entry8a.o ABSOLUTE
    ../clib/microlib/init/entry.s            0x00000000   Number         0  entry7b.o ABSOLUTE
    ../clib/microlib/init/entry.s            0x00000000   Number         0  entry5.o ABSOLUTE
    ../clib/microlib/init/entry.s            0x00000000   Number         0  entry2.o ABSOLUTE
    ../clib/microlib/init/entry.s            0x00000000   Number         0  entry.o ABSOLUTE
    ../clib/microlib/string/strstr.c         0x00000000   Number         0  strstr.o ABSOLUTE
    Library\ADC.c                            0x00000000   Number         0  adc.o ABSOLUTE
    Library\ESP8266.c                        0x00000000   Number         0  esp8266.o ABSOLUTE
    Library\GPIO.c                           0x00000000   Number         0  gpio.o ABSOLUTE
    Library\RGB_LED.c                        0x00000000   Number         0  rgb_led.o ABSOLUTE
    Library\Serial.c                         0x00000000   Number         0  serial.o ABSOLUTE
    Library\Wait.c                           0x00000000   Number         0  wait.o ABSOLUTE
    Library\\ADC.c                           0x00000000   Number         0  adc.o ABSOLUTE
    Library\\ESP8266.c                       0x00000000   Number         0  esp8266.o ABSOLUTE
    Library\\GPIO.c                          0x00000000   Number         0  gpio.o ABSOLUTE
    Library\\RGB_LED.c                       0x00000000   Number         0  rgb_led.o ABSOLUTE
    Library\\Serial.c                        0x00000000   Number         0  serial.o ABSOLUTE
    Library\\Wait.c                          0x00000000   Number         0  wait.o ABSOLUTE
    RTE\Device\LPC4088FET208\startup_LPC407x_8x_177x_8x.s 0x00000000   Number         0  startup_lpc407x_8x_177x_8x.o ABSOLUTE
    RTE\Device\LPC4088FET208\system_LPC407x_8x_177x_8x.c 0x00000000   Number         0  system_lpc407x_8x_177x_8x.o ABSOLUTE
    RTE\\Device\\LPC4088FET208\\system_LPC407x_8x_177x_8x.c 0x00000000   Number         0  system_lpc407x_8x_177x_8x.o ABSOLUTE
    dc.s                                     0x00000000   Number         0  dc.o ABSOLUTE
    handlers.s                               0x00000000   Number         0  handlers.o ABSOLUTE
    init.s                                   0x00000000   Number         0  init.o ABSOLUTE
    main.c                                   0x00000000   Number         0  main.o ABSOLUTE
    main.c                                   0x00000000   Number         0  main.o ABSOLUTE
    .ARM.Collect$$$$00000000                 0x000000e4   Section        0  entry.o(.ARM.Collect$$$$00000000)
    .ARM.Collect$$$$00000001                 0x000000e4   Section        4  entry2.o(.ARM.Collect$$$$00000001)
    .ARM.Collect$$$$00000004                 0x000000e8   Section        4  entry5.o(.ARM.Collect$$$$00000004)
    .ARM.Collect$$$$00000008                 0x000000ec   Section        0  entry7b.o(.ARM.Collect$$$$00000008)
    .ARM.Collect$$$$0000000A                 0x000000ec   Section        0  entry8b.o(.ARM.Collect$$$$0000000A)
    .ARM.Collect$$$$0000000B                 0x000000ec   Section        8  entry9a.o(.ARM.Collect$$$$0000000B)
    .ARM.Collect$$$$0000000D                 0x000000f4   Section        0  entry10a.o(.ARM.Collect$$$$0000000D)
    .ARM.Collect$$$$0000000F                 0x000000f4   Section        0  entry11a.o(.ARM.Collect$$$$0000000F)
    .ARM.Collect$$$$00002712                 0x000000f4   Section        4  entry2.o(.ARM.Collect$$$$00002712)
    __lit__00000000                          0x000000f4   Data           4  entry2.o(.ARM.Collect$$$$00002712)
    .text                                    0x000000f8   Section       36  startup_lpc407x_8x_177x_8x.o(.text)
    $v0                                      0x000000f8   Number         0  startup_lpc407x_8x_177x_8x.o(.text)
    .text                                    0x0000011c   Section       36  init.o(.text)
    i.ADC_IRQHandler                         0x00000140   Section        0  adc.o(i.ADC_IRQHandler)
    i.ADC_Start                              0x00000170   Section        0  adc.o(i.ADC_Start)
    i.ADC_Stop                               0x00000184   Section        0  adc.o(i.ADC_Stop)
    i.ESP8266_ReadData                       0x00000198   Section        0  esp8266.o(i.ESP8266_ReadData)
    i.Serial_Init                            0x000001b0   Section        0  serial.o(i.Serial_Init)
    i.Serial_ReadData                        0x00000290   Section        0  serial.o(i.Serial_ReadData)
    i.Serial_WriteData                       0x0000029c   Section        0  serial.o(i.Serial_WriteData)
    i.UART3_IRQHandler                       0x000002b0   Section        0  esp8266.o(i.UART3_IRQHandler)
    i.__scatterload_copy                     0x000002d4   Section       14  handlers.o(i.__scatterload_copy)
    i.__scatterload_null                     0x000002e2   Section        2  handlers.o(i.__scatterload_null)
    i.__scatterload_zeroinit                 0x000002e4   Section       14  handlers.o(i.__scatterload_zeroinit)
    i.init                                   0x000002f2   Section        0  main.o(i.init)
    .ARM.__at_0x02FC                         0x000002fc   Section        4  startup_lpc407x_8x_177x_8x.o(.ARM.__at_0x02FC)
    i.SystemCoreClockUpdate                  0x00000300   Section        0  system_lpc407x_8x_177x_8x.o(i.SystemCoreClockUpdate)
    i.SystemInit                             0x000005d4   Section        0  system_lpc407x_8x_177x_8x.o(i.SystemInit)
    i.UART0_IRQHandler                       0x000006c0   Section        0  serial.o(i.UART0_IRQHandler)
    i.fpu_init                               0x00000714   Section        0  system_lpc407x_8x_177x_8x.o(i.fpu_init)
    i.main                                   0x00000764   Section        0  main.o(i.main)
    i.update                                 0x000007a8   Section        0  main.o(i.update)
    .data                                    0x10000000   Section        5  adc.o(.data)
    .data                                    0x10000008   Section        9  serial.o(.data)
    .data                                    0x10000011   Section        3  esp8266.o(.data)
    .data                                    0x10000014   Section       16  system_lpc407x_8x_177x_8x.o(.data)
    .bss                                     0x10000024   Section      512  esp8266.o(.bss)
    STACK                                    0x10000228   Section     1024  startup_lpc407x_8x_177x_8x.o(STACK)

    Global Symbols

    Symbol Name                              Value     Ov Type        Size  Object(Section)

    BuildAttributes$$THM_ISAv4$E$P$D$K$B$S$7EM$VFPi3$EXTD16$VFPS$VFMA$PE$A:L22UL41UL21$X:L11$S22US41US21$IEEE1$IW$USESV6$~STKCKD$USESV7$~SHL$OSPACE$EBA8$MICROLIB$REQ8$PRES8$EABIv2 0x00000000   Number         0  anon$$obj.o ABSOLUTE
    __ARM_use_no_argv                        0x00000000   Number         0  main.o ABSOLUTE
    __Vectors                                0x00000000   Data           4  startup_lpc407x_8x_177x_8x.o(RESET)
    __cpp_initialize__aeabi_                  - Undefined Weak Reference
    __cxa_finalize                            - Undefined Weak Reference
    __decompress                              - Undefined Weak Reference
    _clock_init                               - Undefined Weak Reference
    _microlib_exit                            - Undefined Weak Reference
    __main                                   0x000000e5   Thumb Code     0  entry.o(.ARM.Collect$$$$00000000)
    _main_stk                                0x000000e5   Thumb Code     0  entry2.o(.ARM.Collect$$$$00000001)
    _main_scatterload                        0x000000e9   Thumb Code     0  entry5.o(.ARM.Collect$$$$00000004)
    __main_after_scatterload                 0x000000ed   Thumb Code     0  entry5.o(.ARM.Collect$$$$00000004)
    _main_clock                              0x000000ed   Thumb Code     0  entry7b.o(.ARM.Collect$$$$00000008)
    _main_cpp_init                           0x000000ed   Thumb Code     0  entry8b.o(.ARM.Collect$$$$0000000A)
    _main_init                               0x000000ed   Thumb Code     0  entry9a.o(.ARM.Collect$$$$0000000B)
    __rt_final_cpp                           0x000000f5   Thumb Code     0  entry10a.o(.ARM.Collect$$$$0000000D)
    __rt_final_exit                          0x000000f5   Thumb Code     0  entry11a.o(.ARM.Collect$$$$0000000F)
    Reset_Handler                            0x000000f9   Thumb Code     8  startup_lpc407x_8x_177x_8x.o(.text)
    NMI_Handler                              0x00000101   Thumb Code     2  startup_lpc407x_8x_177x_8x.o(.text)
    HardFault_Handler                        0x00000103   Thumb Code     2  startup_lpc407x_8x_177x_8x.o(.text)
    MemManage_Handler                        0x00000105   Thumb Code     2  startup_lpc407x_8x_177x_8x.o(.text)
    BusFault_Handler                         0x00000107   Thumb Code     2  startup_lpc407x_8x_177x_8x.o(.text)
    UsageFault_Handler                       0x00000109   Thumb Code     2  startup_lpc407x_8x_177x_8x.o(.text)
    SVC_Handler                              0x0000010b   Thumb Code     2  startup_lpc407x_8x_177x_8x.o(.text)
    DebugMon_Handler                         0x0000010d   Thumb Code     2  startup_lpc407x_8x_177x_8x.o(.text)
    PendSV_Handler                           0x0000010f   Thumb Code     2  startup_lpc407x_8x_177x_8x.o(.text)
    SysTick_Handler                          0x00000111   Thumb Code     2  startup_lpc407x_8x_177x_8x.o(.text)
    BOD_IRQHandler                           0x00000113   Thumb Code     0  startup_lpc407x_8x_177x_8x.o(.text)
    CANActivity_IRQHandler                   0x00000113   Thumb Code     0  startup_lpc407x_8x_177x_8x.o(.text)
    CAN_IRQHandler                           0x00000113   Thumb Code     0  startup_lpc407x_8x_177x_8x.o(.text)
    DMA_IRQHandler                           0x00000113   Thumb Code     0  startup_lpc407x_8x_177x_8x.o(.text)
    EEPROM_IRQHandler                        0x00000113   Thumb Code     0  startup_lpc407x_8x_177x_8x.o(.text)
    EINT0_IRQHandler                         0x00000113   Thumb Code     0  startup_lpc407x_8x_177x_8x.o(.text)
    EINT1_IRQHandler                         0x00000113   Thumb Code     0  startup_lpc407x_8x_177x_8x.o(.text)
    EINT2_IRQHandler                         0x00000113   Thumb Code     0  startup_lpc407x_8x_177x_8x.o(.text)
    EINT3_IRQHandler                         0x00000113   Thumb Code     0  startup_lpc407x_8x_177x_8x.o(.text)
    ENET_IRQHandler                          0x00000113   Thumb Code     0  startup_lpc407x_8x_177x_8x.o(.text)
    GPIO_IRQHandler                          0x00000113   Thumb Code     0  startup_lpc407x_8x_177x_8x.o(.text)
    I2C0_IRQHandler                          0x00000113   Thumb Code     0  startup_lpc407x_8x_177x_8x.o(.text)
    I2C1_IRQHandler                          0x00000113   Thumb Code     0  startup_lpc407x_8x_177x_8x.o(.text)
    I2C2_IRQHandler                          0x00000113   Thumb Code     0  startup_lpc407x_8x_177x_8x.o(.text)
    I2S_IRQHandler                           0x00000113   Thumb Code     0  startup_lpc407x_8x_177x_8x.o(.text)
    LCD_IRQHandler                           0x00000113   Thumb Code     0  startup_lpc407x_8x_177x_8x.o(.text)
    MCI_IRQHandler                           0x00000113   Thumb Code     0  startup_lpc407x_8x_177x_8x.o(.text)
    MCPWM_IRQHandler                         0x00000113   Thumb Code     0  startup_lpc407x_8x_177x_8x.o(.text)
    PLL0_IRQHandler                          0x00000113   Thumb Code     0  startup_lpc407x_8x_177x_8x.o(.text)
    PLL1_IRQHandler                          0x00000113   Thumb Code     0  startup_lpc407x_8x_177x_8x.o(.text)
    PWM0_IRQHandler                          0x00000113   Thumb Code     0  startup_lpc407x_8x_177x_8x.o(.text)
    PWM1_IRQHandler                          0x00000113   Thumb Code     0  startup_lpc407x_8x_177x_8x.o(.text)
    QEI_IRQHandler                           0x00000113   Thumb Code     0  startup_lpc407x_8x_177x_8x.o(.text)
    RTC_IRQHandler                           0x00000113   Thumb Code     0  startup_lpc407x_8x_177x_8x.o(.text)
    SSP0_IRQHandler                          0x00000113   Thumb Code     0  startup_lpc407x_8x_177x_8x.o(.text)
    SSP1_IRQHandler                          0x00000113   Thumb Code     0  startup_lpc407x_8x_177x_8x.o(.text)
    SSP2_IRQHandler                          0x00000113   Thumb Code     0  startup_lpc407x_8x_177x_8x.o(.text)
    TIMER0_IRQHandler                        0x00000113   Thumb Code     0  startup_lpc407x_8x_177x_8x.o(.text)
    TIMER1_IRQHandler                        0x00000113   Thumb Code     0  startup_lpc407x_8x_177x_8x.o(.text)
    TIMER2_IRQHandler                        0x00000113   Thumb Code     0  startup_lpc407x_8x_177x_8x.o(.text)
    TIMER3_IRQHandler                        0x00000113   Thumb Code     0  startup_lpc407x_8x_177x_8x.o(.text)
    UART1_IRQHandler                         0x00000113   Thumb Code     0  startup_lpc407x_8x_177x_8x.o(.text)
    UART2_IRQHandler                         0x00000113   Thumb Code     0  startup_lpc407x_8x_177x_8x.o(.text)
    UART4_IRQHandler                         0x00000113   Thumb Code     0  startup_lpc407x_8x_177x_8x.o(.text)
    USBActivity_IRQHandler                   0x00000113   Thumb Code     0  startup_lpc407x_8x_177x_8x.o(.text)
    USB_IRQHandler                           0x00000113   Thumb Code     0  startup_lpc407x_8x_177x_8x.o(.text)
    WDT_IRQHandler                           0x00000113   Thumb Code     0  startup_lpc407x_8x_177x_8x.o(.text)
    __scatterload                            0x0000011d   Thumb Code    28  init.o(.text)
    __scatterload_rt2                        0x0000011d   Thumb Code     0  init.o(.text)
    ADC_IRQHandler                           0x00000141   Thumb Code    36  adc.o(i.ADC_IRQHandler)
    ADC_Start                                0x00000171   Thumb Code    14  adc.o(i.ADC_Start)
    ADC_Stop                                 0x00000185   Thumb Code    14  adc.o(i.ADC_Stop)
    ESP8266_ReadData                         0x00000199   Thumb Code    20  esp8266.o(i.ESP8266_ReadData)
    Serial_Init                              0x000001b1   Thumb Code   204  serial.o(i.Serial_Init)
    Serial_ReadData                          0x00000291   Thumb Code     6  serial.o(i.Serial_ReadData)
    Serial_WriteData                         0x0000029d   Thumb Code    12  serial.o(i.Serial_WriteData)
    UART3_IRQHandler                         0x000002b1   Thumb Code    28  esp8266.o(i.UART3_IRQHandler)
    __scatterload_copy                       0x000002d5   Thumb Code    14  handlers.o(i.__scatterload_copy)
    __scatterload_null                       0x000002e3   Thumb Code     2  handlers.o(i.__scatterload_null)
    __scatterload_zeroinit                   0x000002e5   Thumb Code    14  handlers.o(i.__scatterload_zeroinit)
    init                                     0x000002f3   Thumb Code     8  main.o(i.init)
    SystemCoreClockUpdate                    0x00000301   Thumb Code   696  system_lpc407x_8x_177x_8x.o(i.SystemCoreClockUpdate)
    SystemInit                               0x000005d5   Thumb Code   220  system_lpc407x_8x_177x_8x.o(i.SystemInit)
    UART0_IRQHandler                         0x000006c1   Thumb Code    68  serial.o(i.UART0_IRQHandler)
    fpu_init                                 0x00000715   Thumb Code    62  system_lpc407x_8x_177x_8x.o(i.fpu_init)
    main                                     0x00000765   Thumb Code    46  main.o(i.main)
    update                                   0x000007a9   Thumb Code    14  main.o(i.update)
    Region$$Table$$Base                      0x000007bc   Number         0  anon$$obj.o(Region$$Table)
    Region$$Table$$Limit                     0x000007dc   Number         0  anon$$obj.o(Region$$Table)
    ADC_Last                                 0x10000000   Data           4  adc.o(.data)
    ADC_New_Data_Available                   0x10000004   Data           1  adc.o(.data)
    serialReceivedCharacter                  0x10000008   Data           1  serial.o(.data)
    serialTransmitData                       0x1000000c   Data           4  serial.o(.data)
    serialTransmitCompleted                  0x10000010   Data           1  serial.o(.data)
    esp8266CurrentBufferIndex                0x10000011   Data           1  esp8266.o(.data)
    esp8266ResponseStartIndex                0x10000012   Data           1  esp8266.o(.data)
    esp8266ResponseCurrentIndex              0x10000013   Data           1  esp8266.o(.data)
    SystemCoreClock                          0x10000014   Data           4  system_lpc407x_8x_177x_8x.o(.data)
    PeripheralClock                          0x10000018   Data           4  system_lpc407x_8x_177x_8x.o(.data)
    EMCClock                                 0x1000001c   Data           4  system_lpc407x_8x_177x_8x.o(.data)
    USBClock                                 0x10000020   Data           4  system_lpc407x_8x_177x_8x.o(.data)
    esp8266Buffer                            0x10000024   Data         256  esp8266.o(.bss)
    esp8266Response                          0x10000124   Data         256  esp8266.o(.bss)
    __initial_sp                             0x10000628   Data           0  startup_lpc407x_8x_177x_8x.o(STACK)



==============================================================================

Memory Map of the image

  Image Entry point : 0x000000f9

  Load Region LR_1 (Base: 0x00000000, Size: 0x00000800, Max: 0xffffffff, ABSOLUTE)

    Execution Region ER_RO (Base: 0x00000000, Size: 0x000007dc, Max: 0xffffffff, ABSOLUTE)

    Base Addr    Size         Type   Attr      Idx    E Section Name        Object

    0x00000000   0x000000e4   Data   RO          388    RESET               startup_lpc407x_8x_177x_8x.o
    0x000000e4   0x00000000   Code   RO          438  * .ARM.Collect$$$$00000000  mc_w.l(entry.o)
    0x000000e4   0x00000004   Code   RO          443    .ARM.Collect$$$$00000001  mc_w.l(entry2.o)
    0x000000e8   0x00000004   Code   RO          446    .ARM.Collect$$$$00000004  mc_w.l(entry5.o)
    0x000000ec   0x00000000   Code   RO          448    .ARM.Collect$$$$00000008  mc_w.l(entry7b.o)
    0x000000ec   0x00000000   Code   RO          450    .ARM.Collect$$$$0000000A  mc_w.l(entry8b.o)
    0x000000ec   0x00000008   Code   RO          451    .ARM.Collect$$$$0000000B  mc_w.l(entry9a.o)
    0x000000f4   0x00000000   Code   RO          453    .ARM.Collect$$$$0000000D  mc_w.l(entry10a.o)
    0x000000f4   0x00000000   Code   RO          455    .ARM.Collect$$$$0000000F  mc_w.l(entry11a.o)
    0x000000f4   0x00000004   Code   RO          444    .ARM.Collect$$$$00002712  mc_w.l(entry2.o)
    0x000000f8   0x00000024   Code   RO          390  * .text               startup_lpc407x_8x_177x_8x.o
    0x0000011c   0x00000024   Code   RO          457    .text               mc_w.l(init.o)
    0x00000140   0x00000030   Code   RO          133    i.ADC_IRQHandler    adc.o
    0x00000170   0x00000014   Code   RO          135    i.ADC_Start         adc.o
    0x00000184   0x00000014   Code   RO          136    i.ADC_Stop          adc.o
    0x00000198   0x00000018   Code   RO          241    i.ESP8266_ReadData  esp8266.o
    0x000001b0   0x000000e0   Code   RO          188    i.Serial_Init       serial.o
    0x00000290   0x0000000c   Code   RO          189    i.Serial_ReadData   serial.o
    0x0000029c   0x00000014   Code   RO          190    i.Serial_WriteData  serial.o
    0x000002b0   0x00000024   Code   RO          248    i.UART3_IRQHandler  esp8266.o
    0x000002d4   0x0000000e   Code   RO          461    i.__scatterload_copy  mc_w.l(handlers.o)
    0x000002e2   0x00000002   Code   RO          462    i.__scatterload_null  mc_w.l(handlers.o)
    0x000002e4   0x0000000e   Code   RO          463    i.__scatterload_zeroinit  mc_w.l(handlers.o)
    0x000002f2   0x00000008   Code   RO            4    i.init              main.o
    0x000002fa   0x00000002   PAD
    0x000002fc   0x00000004   Code   RO          389    .ARM.__at_0x02FC    startup_lpc407x_8x_177x_8x.o
    0x00000300   0x000002d4   Code   RO          399    i.SystemCoreClockUpdate  system_lpc407x_8x_177x_8x.o
    0x000005d4   0x000000ec   Code   RO          400    i.SystemInit        system_lpc407x_8x_177x_8x.o
    0x000006c0   0x00000054   Code   RO          191    i.UART0_IRQHandler  serial.o
    0x00000714   0x00000050   Code   RO          401    i.fpu_init          system_lpc407x_8x_177x_8x.o
    0x00000764   0x00000044   Code   RO            5    i.main              main.o
    0x000007a8   0x00000014   Code   RO            6    i.update            main.o
    0x000007bc   0x00000020   Data   RO          459    Region$$Table       anon$$obj.o


    Execution Region ER_RW (Base: 0x10000000, Size: 0x00000024, Max: 0xffffffff, ABSOLUTE)

    Base Addr    Size         Type   Attr      Idx    E Section Name        Object

    0x10000000   0x00000005   Data   RW          137    .data               adc.o
    0x10000005   0x00000003   PAD
    0x10000008   0x00000009   Data   RW          192    .data               serial.o
    0x10000011   0x00000003   Data   RW          250    .data               esp8266.o
    0x10000014   0x00000010   Data   RW          402    .data               system_lpc407x_8x_177x_8x.o


    Execution Region ER_ZI (Base: 0x10000024, Size: 0x00000604, Max: 0xffffffff, ABSOLUTE)

    Base Addr    Size         Type   Attr      Idx    E Section Name        Object

    0x10000024   0x00000200   Zero   RW          249    .bss                esp8266.o
    0x10000224   0x00000004   PAD
    0x10000228   0x00000400   Zero   RW          386    STACK               startup_lpc407x_8x_177x_8x.o


==============================================================================

Image component sizes


      Code (inc. data)   RO Data    RW Data    ZI Data      Debug   Object Name

        88         24          0          5          0       1610   adc.o
        60         12          0          3        512       1762   esp8266.o
        96         28          0          0          0      28111   main.o
       340         50          0          9          0      29274   serial.o
        40         12        228          0       1024       1108   startup_lpc407x_8x_177x_8x.o
      1040         62          0         16          0       4584   system_lpc407x_8x_177x_8x.o

    ----------------------------------------------------------------------
      1666        188        260         36       1540      66449   Object Totals
         0          0         32          0          0          0   (incl. Generated)
         2          0          0          3          4          0   (incl. Padding)

    ----------------------------------------------------------------------

      Code (inc. data)   RO Data    RW Data    ZI Data      Debug   Library Member Name

         0          0          0          0          0          0   entry.o
         0          0          0          0          0          0   entry10a.o
         0          0          0          0          0          0   entry11a.o
         8          4          0          0          0          0   entry2.o
         4          0          0          0          0          0   entry5.o
         0          0          0          0          0          0   entry7b.o
         0          0          0          0          0          0   entry8b.o
         8          4          0          0          0          0   entry9a.o
        30          0          0          0          0          0   handlers.o
        36          8          0          0          0         68   init.o

    ----------------------------------------------------------------------
        86         16          0          0          0         68   Library Totals
         0          0          0          0          0          0   (incl. Padding)

    ----------------------------------------------------------------------

      Code (inc. data)   RO Data    RW Data    ZI Data      Debug   Library Name

        86         16          0          0          0         68   mc_w.l

    ----------------------------------------------------------------------
        86         16          0          0          0         68   Library Totals

    ----------------------------------------------------------------------

==============================================================================


      Code (inc. data)   RO Data    RW Data    ZI Data      Debug   

      1752        204        260         36       1540      65721   Grand Totals
      1752        204        260         36       1540      65721   ELF Image Totals
      1752        204        260         36          0          0   ROM Totals

==============================================================================

    Total RO  Size (Code + RO Data)                 2012 (   1.96kB)
    Total RW  Size (RW Data + ZI Data)              1576 (   1.54kB)
    Total ROM Size (Code + RO Data + RW Data)       2048 (   2.00kB)

==============================================================================

