Component: ARM Compiler 5.06 update 3 (build 300) Tool: armlink [4d35c9]

==============================================================================

Section Cross References

    main.o(i.init) refers to mma7455.o(i.MMA7455_Init) for MMA7455_Init
    main.o(i.init) refers to mma7455.o(i.MMA7455_setMode) for MMA7455_setMode
    main.o(i.init) refers to mma7455.o(i.MMA7455_calibrate) for MMA7455_calibrate
    main.o(i.init) refers to carspeedoutput.o(i.CarOutputInit) for CarOutputInit
    main.o(i.init) refers to pwm.o(i.PWM_Init) for PWM_Init
    main.o(i.init) refers to serial.o(i.Serial_Init) for Serial_Init
    main.o(i.main) refers to main.o(i.init) for init
    main.o(i.main) refers to main.o(i.update) for update
    main.o(i.mapAccValue) refers to dflti.o(.text) for __aeabi_i2d
    main.o(i.mapAccValue) refers to ddiv.o(.text) for __aeabi_ddiv
    main.o(i.mapAccValue) refers to dmul.o(.text) for __aeabi_dmul
    main.o(i.mapAccValue) refers to dfixui.o(.text) for __aeabi_d2uiz
    main.o(i.update) refers to mma7455.o(i.MMA7455_read) for MMA7455_read
    main.o(i.update) refers to main.o(i.mapAccValue) for mapAccValue
    main.o(i.update) refers to pwm.o(i.PWM_Write) for PWM_Write
    main.o(i.update) refers to printf1.o(i.__0sprintf$1) for __2sprintf
    main.o(i.update) refers to serial.o(i.Serial_WriteData) for Serial_WriteData
    main.o(i.update) refers to main.o(.bss) for values
    main.o(i.update) refers to main.o(.data) for x
    main.o(i.update) refers to serial.o(.data) for serialTransmitData
    pwm.o(i.PWM_Init) refers to pwm.o(i.PWM_Write) for PWM_Write
    i2c.o(i.I2C_DoRead) refers to i2c.o(i.I2C_Wait_SI) for I2C_Wait_SI
    i2c.o(i.I2C_DoWrite) refers to i2c.o(i.I2C_Wait_SI) for I2C_Wait_SI
    i2c.o(i.I2C_Read) refers to i2c.o(i.I2C_ReadData) for I2C_ReadData
    i2c.o(i.I2C_ReadData) refers to i2c.o(i.I2C_Start) for I2C_Start
    i2c.o(i.I2C_ReadData) refers to i2c.o(i.I2C_Stop) for I2C_Stop
    i2c.o(i.I2C_ReadData) refers to i2c.o(i.I2C_DoWrite) for I2C_DoWrite
    i2c.o(i.I2C_ReadData) refers to i2c.o(i.I2C_DoRead) for I2C_DoRead
    i2c.o(i.I2C_Start) refers to i2c.o(i.I2C_Wait_SI) for I2C_Wait_SI
    i2c.o(i.I2C_Write) refers to i2c.o(i.I2C_WriteData) for I2C_WriteData
    i2c.o(i.I2C_WriteData) refers to i2c.o(i.I2C_Start) for I2C_Start
    i2c.o(i.I2C_WriteData) refers to i2c.o(i.I2C_Stop) for I2C_Stop
    i2c.o(i.I2C_WriteData) refers to i2c.o(i.I2C_DoWrite) for I2C_DoWrite
    mma7455.o(i.MMA7455_Init) refers to i2c.o(i.I2C_Init) for I2C_Init
    mma7455.o(i.MMA7455_calibrate) refers to mma7455.o(i.MMA7455_read) for MMA7455_read
    mma7455.o(i.MMA7455_calibrate) refers to wait.o(i.wait) for wait
    mma7455.o(i.MMA7455_calibrate) refers to mma7455.o(.data) for xOffset
    mma7455.o(i.MMA7455_getModeControl) refers to i2c.o(i.I2C_Write) for I2C_Write
    mma7455.o(i.MMA7455_getModeControl) refers to i2c.o(i.I2C_Read) for I2C_Read
    mma7455.o(i.MMA7455_getStatus) refers to i2c.o(i.I2C_Write) for I2C_Write
    mma7455.o(i.MMA7455_getStatus) refers to i2c.o(i.I2C_Read) for I2C_Read
    mma7455.o(i.MMA7455_read) refers to mma7455.o(i.MMA7455_getStatus) for MMA7455_getStatus
    mma7455.o(i.MMA7455_read) refers to i2c.o(i.I2C_Write) for I2C_Write
    mma7455.o(i.MMA7455_read) refers to i2c.o(i.I2C_Read) for I2C_Read
    mma7455.o(i.MMA7455_read) refers to mma7455.o(.data) for xOffset
    mma7455.o(i.MMA7455_setMode) refers to mma7455.o(i.MMA7455_getModeControl) for MMA7455_getModeControl
    mma7455.o(i.MMA7455_setMode) refers to mma7455.o(i.MMA7455_setModeControl) for MMA7455_setModeControl
    mma7455.o(i.MMA7455_setModeControl) refers to i2c.o(i.I2C_Write) for I2C_Write
    serial.o(i.Serial_WriteData) refers to serial.o(.data) for serialTransmitCompleted
    serial.o(i.UART0_IRQHandler) refers to serial.o(i.Serial_ReadData) for Serial_ReadData
    serial.o(i.UART0_IRQHandler) refers to serial.o(i.Serial_WriteData) for Serial_WriteData
    serial.o(i.UART0_IRQHandler) refers to serial.o(.data) for serialReceivedCharacter
    startup_lpc407x_8x_177x_8x.o(RESET) refers to startup_lpc407x_8x_177x_8x.o(STACK) for __initial_sp
    startup_lpc407x_8x_177x_8x.o(RESET) refers to startup_lpc407x_8x_177x_8x.o(.text) for Reset_Handler
    startup_lpc407x_8x_177x_8x.o(RESET) refers to serial.o(i.UART0_IRQHandler) for UART0_IRQHandler
    startup_lpc407x_8x_177x_8x.o(.text) refers to system_lpc407x_8x_177x_8x.o(i.SystemInit) for SystemInit
    startup_lpc407x_8x_177x_8x.o(.text) refers to entry.o(.ARM.Collect$$$$00000000) for __main
    system_lpc407x_8x_177x_8x.o(i.SystemCoreClockUpdate) refers to system_lpc407x_8x_177x_8x.o(.data) for SystemCoreClock
    system_lpc407x_8x_177x_8x.o(i.SystemInit) refers to system_lpc407x_8x_177x_8x.o(i.fpu_init) for fpu_init
    system_lpc407x_8x_177x_8x.o(i.SystemInit) refers to system_lpc407x_8x_177x_8x.o(i.SystemCoreClockUpdate) for SystemCoreClockUpdate
    entry.o(.ARM.Collect$$$$00000000) refers (Special) to entry10a.o(.ARM.Collect$$$$0000000D) for __rt_final_cpp
    entry.o(.ARM.Collect$$$$00000000) refers (Special) to entry11a.o(.ARM.Collect$$$$0000000F) for __rt_final_exit
    entry.o(.ARM.Collect$$$$00000000) refers (Special) to entry7b.o(.ARM.Collect$$$$00000008) for _main_clock
    entry.o(.ARM.Collect$$$$00000000) refers (Special) to entry8b.o(.ARM.Collect$$$$0000000A) for _main_cpp_init
    entry.o(.ARM.Collect$$$$00000000) refers (Special) to entry9a.o(.ARM.Collect$$$$0000000B) for _main_init
    entry.o(.ARM.Collect$$$$00000000) refers (Special) to entry5.o(.ARM.Collect$$$$00000004) for _main_scatterload
    entry.o(.ARM.Collect$$$$00000000) refers (Special) to entry2.o(.ARM.Collect$$$$00000001) for _main_stk
    printfb.o(i.__0fprintf$bare) refers to printfb.o(i._printf_core) for _printf_core
    printfb.o(i.__0fprintf$bare) refers to fputc.o(i.fputc) for fputc
    printfb.o(i.__0printf$bare) refers to printfb.o(i._printf_core) for _printf_core
    printfb.o(i.__0printf$bare) refers to fputc.o(i.fputc) for fputc
    printfb.o(i.__0printf$bare) refers to stdout.o(.data) for __stdout
    printfb.o(i.__0snprintf$bare) refers to printfb.o(i._printf_core) for _printf_core
    printfb.o(i.__0snprintf$bare) refers to printfb.o(i._snputc) for _snputc
    printfb.o(i.__0sprintf$bare) refers to printfb.o(i._printf_core) for _printf_core
    printfb.o(i.__0sprintf$bare) refers to printfb.o(i._sputc) for _sputc
    printfb.o(i.__0vfprintf$bare) refers to printfb.o(i._printf_core) for _printf_core
    printfb.o(i.__0vfprintf$bare) refers to fputc.o(i.fputc) for fputc
    printfb.o(i.__0vprintf$bare) refers to printfb.o(i._printf_core) for _printf_core
    printfb.o(i.__0vprintf$bare) refers to fputc.o(i.fputc) for fputc
    printfb.o(i.__0vprintf$bare) refers to stdout.o(.data) for __stdout
    printfb.o(i.__0vsnprintf$bare) refers to printfb.o(i._printf_core) for _printf_core
    printfb.o(i.__0vsnprintf$bare) refers to printfb.o(i._snputc) for _snputc
    printfb.o(i.__0vsprintf$bare) refers to printfb.o(i._printf_core) for _printf_core
    printfb.o(i.__0vsprintf$bare) refers to printfb.o(i._sputc) for _sputc
    printf0.o(i.__0fprintf$0) refers to printf0.o(i._printf_core) for _printf_core
    printf0.o(i.__0fprintf$0) refers to fputc.o(i.fputc) for fputc
    printf0.o(i.__0printf$0) refers to printf0.o(i._printf_core) for _printf_core
    printf0.o(i.__0printf$0) refers to fputc.o(i.fputc) for fputc
    printf0.o(i.__0printf$0) refers to stdout.o(.data) for __stdout
    printf0.o(i.__0snprintf$0) refers to printf0.o(i._printf_core) for _printf_core
    printf0.o(i.__0snprintf$0) refers to printf0.o(i._snputc) for _snputc
    printf0.o(i.__0sprintf$0) refers to printf0.o(i._printf_core) for _printf_core
    printf0.o(i.__0sprintf$0) refers to printf0.o(i._sputc) for _sputc
    printf0.o(i.__0vfprintf$0) refers to printf0.o(i._printf_core) for _printf_core
    printf0.o(i.__0vfprintf$0) refers to fputc.o(i.fputc) for fputc
    printf0.o(i.__0vprintf$0) refers to printf0.o(i._printf_core) for _printf_core
    printf0.o(i.__0vprintf$0) refers to fputc.o(i.fputc) for fputc
    printf0.o(i.__0vprintf$0) refers to stdout.o(.data) for __stdout
    printf0.o(i.__0vsnprintf$0) refers to printf0.o(i._printf_core) for _printf_core
    printf0.o(i.__0vsnprintf$0) refers to printf0.o(i._snputc) for _snputc
    printf0.o(i.__0vsprintf$0) refers to printf0.o(i._printf_core) for _printf_core
    printf0.o(i.__0vsprintf$0) refers to printf0.o(i._sputc) for _sputc
    printf1.o(i.__0fprintf$1) refers to printf1.o(i._printf_core) for _printf_core
    printf1.o(i.__0fprintf$1) refers to fputc.o(i.fputc) for fputc
    printf1.o(i.__0printf$1) refers to printf1.o(i._printf_core) for _printf_core
    printf1.o(i.__0printf$1) refers to fputc.o(i.fputc) for fputc
    printf1.o(i.__0printf$1) refers to stdout.o(.data) for __stdout
    printf1.o(i.__0snprintf$1) refers to printf1.o(i._printf_core) for _printf_core
    printf1.o(i.__0snprintf$1) refers to printf1.o(i._snputc) for _snputc
    printf1.o(i.__0sprintf$1) refers to printf1.o(i._printf_core) for _printf_core
    printf1.o(i.__0sprintf$1) refers to printf1.o(i._sputc) for _sputc
    printf1.o(i.__0vfprintf$1) refers to printf1.o(i._printf_core) for _printf_core
    printf1.o(i.__0vfprintf$1) refers to fputc.o(i.fputc) for fputc
    printf1.o(i.__0vprintf$1) refers to printf1.o(i._printf_core) for _printf_core
    printf1.o(i.__0vprintf$1) refers to fputc.o(i.fputc) for fputc
    printf1.o(i.__0vprintf$1) refers to stdout.o(.data) for __stdout
    printf1.o(i.__0vsnprintf$1) refers to printf1.o(i._printf_core) for _printf_core
    printf1.o(i.__0vsnprintf$1) refers to printf1.o(i._snputc) for _snputc
    printf1.o(i.__0vsprintf$1) refers to printf1.o(i._printf_core) for _printf_core
    printf1.o(i.__0vsprintf$1) refers to printf1.o(i._sputc) for _sputc
    printf1.o(i._printf_core) refers to uidiv.o(.text) for __aeabi_uidivmod
    printf2.o(i.__0fprintf$2) refers to printf2.o(i._printf_core) for _printf_core
    printf2.o(i.__0fprintf$2) refers to fputc.o(i.fputc) for fputc
    printf2.o(i.__0printf$2) refers to printf2.o(i._printf_core) for _printf_core
    printf2.o(i.__0printf$2) refers to fputc.o(i.fputc) for fputc
    printf2.o(i.__0printf$2) refers to stdout.o(.data) for __stdout
    printf2.o(i.__0snprintf$2) refers to printf2.o(i._printf_core) for _printf_core
    printf2.o(i.__0snprintf$2) refers to printf2.o(i._snputc) for _snputc
    printf2.o(i.__0sprintf$2) refers to printf2.o(i._printf_core) for _printf_core
    printf2.o(i.__0sprintf$2) refers to printf2.o(i._sputc) for _sputc
    printf2.o(i.__0vfprintf$2) refers to printf2.o(i._printf_core) for _printf_core
    printf2.o(i.__0vfprintf$2) refers to fputc.o(i.fputc) for fputc
    printf2.o(i.__0vprintf$2) refers to printf2.o(i._printf_core) for _printf_core
    printf2.o(i.__0vprintf$2) refers to fputc.o(i.fputc) for fputc
    printf2.o(i.__0vprintf$2) refers to stdout.o(.data) for __stdout
    printf2.o(i.__0vsnprintf$2) refers to printf2.o(i._printf_core) for _printf_core
    printf2.o(i.__0vsnprintf$2) refers to printf2.o(i._snputc) for _snputc
    printf2.o(i.__0vsprintf$2) refers to printf2.o(i._printf_core) for _printf_core
    printf2.o(i.__0vsprintf$2) refers to printf2.o(i._sputc) for _sputc
    printf3.o(i.__0fprintf$3) refers to printf3.o(i._printf_core) for _printf_core
    printf3.o(i.__0fprintf$3) refers to fputc.o(i.fputc) for fputc
    printf3.o(i.__0printf$3) refers to printf3.o(i._printf_core) for _printf_core
    printf3.o(i.__0printf$3) refers to fputc.o(i.fputc) for fputc
    printf3.o(i.__0printf$3) refers to stdout.o(.data) for __stdout
    printf3.o(i.__0snprintf$3) refers to printf3.o(i._printf_core) for _printf_core
    printf3.o(i.__0snprintf$3) refers to printf3.o(i._snputc) for _snputc
    printf3.o(i.__0sprintf$3) refers to printf3.o(i._printf_core) for _printf_core
    printf3.o(i.__0sprintf$3) refers to printf3.o(i._sputc) for _sputc
    printf3.o(i.__0vfprintf$3) refers to printf3.o(i._printf_core) for _printf_core
    printf3.o(i.__0vfprintf$3) refers to fputc.o(i.fputc) for fputc
    printf3.o(i.__0vprintf$3) refers to printf3.o(i._printf_core) for _printf_core
    printf3.o(i.__0vprintf$3) refers to fputc.o(i.fputc) for fputc
    printf3.o(i.__0vprintf$3) refers to stdout.o(.data) for __stdout
    printf3.o(i.__0vsnprintf$3) refers to printf3.o(i._printf_core) for _printf_core
    printf3.o(i.__0vsnprintf$3) refers to printf3.o(i._snputc) for _snputc
    printf3.o(i.__0vsprintf$3) refers to printf3.o(i._printf_core) for _printf_core
    printf3.o(i.__0vsprintf$3) refers to printf3.o(i._sputc) for _sputc
    printf3.o(i._printf_core) refers to uidiv.o(.text) for __aeabi_uidivmod
    printf4.o(i.__0fprintf$4) refers to printf4.o(i._printf_core) for _printf_core
    printf4.o(i.__0fprintf$4) refers to fputc.o(i.fputc) for fputc
    printf4.o(i.__0printf$4) refers to printf4.o(i._printf_core) for _printf_core
    printf4.o(i.__0printf$4) refers to fputc.o(i.fputc) for fputc
    printf4.o(i.__0printf$4) refers to stdout.o(.data) for __stdout
    printf4.o(i.__0snprintf$4) refers to printf4.o(i._printf_core) for _printf_core
    printf4.o(i.__0snprintf$4) refers to printf4.o(i._snputc) for _snputc
    printf4.o(i.__0sprintf$4) refers to printf4.o(i._printf_core) for _printf_core
    printf4.o(i.__0sprintf$4) refers to printf4.o(i._sputc) for _sputc
    printf4.o(i.__0vfprintf$4) refers to printf4.o(i._printf_core) for _printf_core
    printf4.o(i.__0vfprintf$4) refers to fputc.o(i.fputc) for fputc
    printf4.o(i.__0vprintf$4) refers to printf4.o(i._printf_core) for _printf_core
    printf4.o(i.__0vprintf$4) refers to fputc.o(i.fputc) for fputc
    printf4.o(i.__0vprintf$4) refers to stdout.o(.data) for __stdout
    printf4.o(i.__0vsnprintf$4) refers to printf4.o(i._printf_core) for _printf_core
    printf4.o(i.__0vsnprintf$4) refers to printf4.o(i._snputc) for _snputc
    printf4.o(i.__0vsprintf$4) refers to printf4.o(i._printf_core) for _printf_core
    printf4.o(i.__0vsprintf$4) refers to printf4.o(i._sputc) for _sputc
    printf4.o(i._printf_core) refers to uldiv.o(.text) for __aeabi_uldivmod
    printf5.o(i.__0fprintf$5) refers to printf5.o(i._printf_core) for _printf_core
    printf5.o(i.__0fprintf$5) refers to fputc.o(i.fputc) for fputc
    printf5.o(i.__0printf$5) refers to printf5.o(i._printf_core) for _printf_core
    printf5.o(i.__0printf$5) refers to fputc.o(i.fputc) for fputc
    printf5.o(i.__0printf$5) refers to stdout.o(.data) for __stdout
    printf5.o(i.__0snprintf$5) refers to printf5.o(i._printf_core) for _printf_core
    printf5.o(i.__0snprintf$5) refers to printf5.o(i._snputc) for _snputc
    printf5.o(i.__0sprintf$5) refers to printf5.o(i._printf_core) for _printf_core
    printf5.o(i.__0sprintf$5) refers to printf5.o(i._sputc) for _sputc
    printf5.o(i.__0vfprintf$5) refers to printf5.o(i._printf_core) for _printf_core
    printf5.o(i.__0vfprintf$5) refers to fputc.o(i.fputc) for fputc
    printf5.o(i.__0vprintf$5) refers to printf5.o(i._printf_core) for _printf_core
    printf5.o(i.__0vprintf$5) refers to fputc.o(i.fputc) for fputc
    printf5.o(i.__0vprintf$5) refers to stdout.o(.data) for __stdout
    printf5.o(i.__0vsnprintf$5) refers to printf5.o(i._printf_core) for _printf_core
    printf5.o(i.__0vsnprintf$5) refers to printf5.o(i._snputc) for _snputc
    printf5.o(i.__0vsprintf$5) refers to printf5.o(i._printf_core) for _printf_core
    printf5.o(i.__0vsprintf$5) refers to printf5.o(i._sputc) for _sputc
    printf5.o(i._printf_core) refers to uldiv.o(.text) for __aeabi_uldivmod
    printf6.o(i.__0fprintf$6) refers to printf6.o(i._printf_core) for _printf_core
    printf6.o(i.__0fprintf$6) refers to fputc.o(i.fputc) for fputc
    printf6.o(i.__0printf$6) refers to printf6.o(i._printf_core) for _printf_core
    printf6.o(i.__0printf$6) refers to fputc.o(i.fputc) for fputc
    printf6.o(i.__0printf$6) refers to stdout.o(.data) for __stdout
    printf6.o(i.__0snprintf$6) refers to printf6.o(i._printf_core) for _printf_core
    printf6.o(i.__0snprintf$6) refers to printf6.o(i._snputc) for _snputc
    printf6.o(i.__0sprintf$6) refers to printf6.o(i._printf_core) for _printf_core
    printf6.o(i.__0sprintf$6) refers to printf6.o(i._sputc) for _sputc
    printf6.o(i.__0vfprintf$6) refers to printf6.o(i._printf_core) for _printf_core
    printf6.o(i.__0vfprintf$6) refers to fputc.o(i.fputc) for fputc
    printf6.o(i.__0vprintf$6) refers to printf6.o(i._printf_core) for _printf_core
    printf6.o(i.__0vprintf$6) refers to fputc.o(i.fputc) for fputc
    printf6.o(i.__0vprintf$6) refers to stdout.o(.data) for __stdout
    printf6.o(i.__0vsnprintf$6) refers to printf6.o(i._printf_core) for _printf_core
    printf6.o(i.__0vsnprintf$6) refers to printf6.o(i._snputc) for _snputc
    printf6.o(i.__0vsprintf$6) refers to printf6.o(i._printf_core) for _printf_core
    printf6.o(i.__0vsprintf$6) refers to printf6.o(i._sputc) for _sputc
    printf6.o(i._printf_core) refers to printf6.o(i._printf_pre_padding) for _printf_pre_padding
    printf6.o(i._printf_core) refers to uidiv.o(.text) for __aeabi_uidivmod
    printf6.o(i._printf_core) refers to printf6.o(i._printf_post_padding) for _printf_post_padding
    printf7.o(i.__0fprintf$7) refers to printf7.o(i._printf_core) for _printf_core
    printf7.o(i.__0fprintf$7) refers to fputc.o(i.fputc) for fputc
    printf7.o(i.__0printf$7) refers to printf7.o(i._printf_core) for _printf_core
    printf7.o(i.__0printf$7) refers to fputc.o(i.fputc) for fputc
    printf7.o(i.__0printf$7) refers to stdout.o(.data) for __stdout
    printf7.o(i.__0snprintf$7) refers to printf7.o(i._printf_core) for _printf_core
    printf7.o(i.__0snprintf$7) refers to printf7.o(i._snputc) for _snputc
    printf7.o(i.__0sprintf$7) refers to printf7.o(i._printf_core) for _printf_core
    printf7.o(i.__0sprintf$7) refers to printf7.o(i._sputc) for _sputc
    printf7.o(i.__0vfprintf$7) refers to printf7.o(i._printf_core) for _printf_core
    printf7.o(i.__0vfprintf$7) refers to fputc.o(i.fputc) for fputc
    printf7.o(i.__0vprintf$7) refers to printf7.o(i._printf_core) for _printf_core
    printf7.o(i.__0vprintf$7) refers to fputc.o(i.fputc) for fputc
    printf7.o(i.__0vprintf$7) refers to stdout.o(.data) for __stdout
    printf7.o(i.__0vsnprintf$7) refers to printf7.o(i._printf_core) for _printf_core
    printf7.o(i.__0vsnprintf$7) refers to printf7.o(i._snputc) for _snputc
    printf7.o(i.__0vsprintf$7) refers to printf7.o(i._printf_core) for _printf_core
    printf7.o(i.__0vsprintf$7) refers to printf7.o(i._sputc) for _sputc
    printf7.o(i._printf_core) refers to printf7.o(i._printf_pre_padding) for _printf_pre_padding
    printf7.o(i._printf_core) refers to uldiv.o(.text) for __aeabi_uldivmod
    printf7.o(i._printf_core) refers to printf7.o(i._printf_post_padding) for _printf_post_padding
    printf8.o(i.__0fprintf$8) refers to printf8.o(i._printf_core) for _printf_core
    printf8.o(i.__0fprintf$8) refers to fputc.o(i.fputc) for fputc
    printf8.o(i.__0printf$8) refers to printf8.o(i._printf_core) for _printf_core
    printf8.o(i.__0printf$8) refers to fputc.o(i.fputc) for fputc
    printf8.o(i.__0printf$8) refers to stdout.o(.data) for __stdout
    printf8.o(i.__0snprintf$8) refers to printf8.o(i._printf_core) for _printf_core
    printf8.o(i.__0snprintf$8) refers to printf8.o(i._snputc) for _snputc
    printf8.o(i.__0sprintf$8) refers to printf8.o(i._printf_core) for _printf_core
    printf8.o(i.__0sprintf$8) refers to printf8.o(i._sputc) for _sputc
    printf8.o(i.__0vfprintf$8) refers to printf8.o(i._printf_core) for _printf_core
    printf8.o(i.__0vfprintf$8) refers to fputc.o(i.fputc) for fputc
    printf8.o(i.__0vprintf$8) refers to printf8.o(i._printf_core) for _printf_core
    printf8.o(i.__0vprintf$8) refers to fputc.o(i.fputc) for fputc
    printf8.o(i.__0vprintf$8) refers to stdout.o(.data) for __stdout
    printf8.o(i.__0vsnprintf$8) refers to printf8.o(i._printf_core) for _printf_core
    printf8.o(i.__0vsnprintf$8) refers to printf8.o(i._snputc) for _snputc
    printf8.o(i.__0vsprintf$8) refers to printf8.o(i._printf_core) for _printf_core
    printf8.o(i.__0vsprintf$8) refers to printf8.o(i._sputc) for _sputc
    printf8.o(i._printf_core) refers to printf8.o(i._printf_pre_padding) for _printf_pre_padding
    printf8.o(i._printf_core) refers to uldiv.o(.text) for __aeabi_uldivmod
    printf8.o(i._printf_core) refers to printf8.o(i._printf_post_padding) for _printf_post_padding
    printfa.o(i.__0fprintf) refers (Special) to iusefp.o(.text) for __I$use$fp
    printfa.o(i.__0fprintf) refers to printfa.o(i._printf_core) for _printf_core
    printfa.o(i.__0fprintf) refers to fputc.o(i.fputc) for fputc
    printfa.o(i.__0printf) refers (Special) to iusefp.o(.text) for __I$use$fp
    printfa.o(i.__0printf) refers to printfa.o(i._printf_core) for _printf_core
    printfa.o(i.__0printf) refers to fputc.o(i.fputc) for fputc
    printfa.o(i.__0printf) refers to stdout.o(.data) for __stdout
    printfa.o(i.__0snprintf) refers (Special) to iusefp.o(.text) for __I$use$fp
    printfa.o(i.__0snprintf) refers to printfa.o(i._printf_core) for _printf_core
    printfa.o(i.__0snprintf) refers to printfa.o(i._snputc) for _snputc
    printfa.o(i.__0sprintf) refers (Special) to iusefp.o(.text) for __I$use$fp
    printfa.o(i.__0sprintf) refers to printfa.o(i._printf_core) for _printf_core
    printfa.o(i.__0sprintf) refers to printfa.o(i._sputc) for _sputc
    printfa.o(i.__0vfprintf) refers (Special) to iusefp.o(.text) for __I$use$fp
    printfa.o(i.__0vfprintf) refers to printfa.o(i._printf_core) for _printf_core
    printfa.o(i.__0vfprintf) refers to fputc.o(i.fputc) for fputc
    printfa.o(i.__0vprintf) refers (Special) to iusefp.o(.text) for __I$use$fp
    printfa.o(i.__0vprintf) refers to printfa.o(i._printf_core) for _printf_core
    printfa.o(i.__0vprintf) refers to fputc.o(i.fputc) for fputc
    printfa.o(i.__0vprintf) refers to stdout.o(.data) for __stdout
    printfa.o(i.__0vsnprintf) refers (Special) to iusefp.o(.text) for __I$use$fp
    printfa.o(i.__0vsnprintf) refers to printfa.o(i._printf_core) for _printf_core
    printfa.o(i.__0vsnprintf) refers to printfa.o(i._snputc) for _snputc
    printfa.o(i.__0vsprintf) refers (Special) to iusefp.o(.text) for __I$use$fp
    printfa.o(i.__0vsprintf) refers to printfa.o(i._printf_core) for _printf_core
    printfa.o(i.__0vsprintf) refers to printfa.o(i._sputc) for _sputc
    printfa.o(i._fp_digits) refers (Special) to iusefp.o(.text) for __I$use$fp
    printfa.o(i._fp_digits) refers to dmul.o(.text) for __aeabi_dmul
    printfa.o(i._fp_digits) refers to ddiv.o(.text) for __aeabi_ddiv
    printfa.o(i._fp_digits) refers to cdrcmple.o(.text) for __aeabi_cdrcmple
    printfa.o(i._fp_digits) refers to dadd.o(.text) for __aeabi_dadd
    printfa.o(i._fp_digits) refers to dfixul.o(.text) for __aeabi_d2ulz
    printfa.o(i._fp_digits) refers to uldiv.o(.text) for __aeabi_uldivmod
    printfa.o(i._printf_core) refers (Special) to iusefp.o(.text) for __I$use$fp
    printfa.o(i._printf_core) refers to printfa.o(i._printf_pre_padding) for _printf_pre_padding
    printfa.o(i._printf_core) refers to uldiv.o(.text) for __aeabi_uldivmod
    printfa.o(i._printf_core) refers to printfa.o(i._printf_post_padding) for _printf_post_padding
    printfa.o(i._printf_core) refers to printfa.o(i._fp_digits) for _fp_digits
    printfa.o(i._printf_core) refers to uidiv.o(.text) for __aeabi_uidivmod
    printfa.o(i._printf_post_padding) refers (Special) to iusefp.o(.text) for __I$use$fp
    printfa.o(i._printf_pre_padding) refers (Special) to iusefp.o(.text) for __I$use$fp
    printfa.o(i._snputc) refers (Special) to iusefp.o(.text) for __I$use$fp
    printfa.o(i._sputc) refers (Special) to iusefp.o(.text) for __I$use$fp
    dmul.o(.text) refers (Special) to iusefp.o(.text) for __I$use$fp
    dmul.o(.text) refers to depilogue.o(.text) for _double_epilogue
    ddiv.o(.text) refers (Special) to iusefp.o(.text) for __I$use$fp
    ddiv.o(.text) refers to depilogue.o(.text) for _double_round
    dflti.o(.text) refers (Special) to iusefp.o(.text) for __I$use$fp
    dflti.o(.text) refers to depilogue.o(.text) for _double_epilogue
    dfixui.o(.text) refers (Special) to iusefp.o(.text) for __I$use$fp
    dfixui.o(.text) refers to llushr.o(.text) for __aeabi_llsr
    entry2.o(.ARM.Collect$$$$00000001) refers to entry2.o(.ARM.Collect$$$$00002712) for __lit__00000000
    entry2.o(.ARM.Collect$$$$00002712) refers to startup_lpc407x_8x_177x_8x.o(STACK) for __initial_sp
    entry2.o(__vectab_stack_and_reset_area) refers to startup_lpc407x_8x_177x_8x.o(STACK) for __initial_sp
    entry2.o(__vectab_stack_and_reset_area) refers to entry.o(.ARM.Collect$$$$00000000) for __main
    entry5.o(.ARM.Collect$$$$00000004) refers to init.o(.text) for __scatterload
    entry9a.o(.ARM.Collect$$$$0000000B) refers to main.o(i.main) for main
    entry9b.o(.ARM.Collect$$$$0000000C) refers to main.o(i.main) for main
    fputc.o(i.fputc) refers (Special) to iusesemip.o(.text) for __I$use$semihosting$fputc
    fputc.o(i.fputc) refers (Special) to semi.o(.text) for __semihosting_library_function
    uldiv.o(.text) refers to llushr.o(.text) for __aeabi_llsr
    uldiv.o(.text) refers to llshl.o(.text) for __aeabi_llsl
    depilogue.o(.text) refers to llshl.o(.text) for __aeabi_llsl
    depilogue.o(.text) refers to llushr.o(.text) for __aeabi_llsr
    dadd.o(.text) refers to llshl.o(.text) for __aeabi_llsl
    dadd.o(.text) refers to llsshr.o(.text) for __aeabi_lasr
    dadd.o(.text) refers to depilogue.o(.text) for _double_epilogue
    dfixul.o(.text) refers to llushr.o(.text) for __aeabi_llsr
    dfixul.o(.text) refers to llshl.o(.text) for __aeabi_llsl
    init.o(.text) refers to entry5.o(.ARM.Collect$$$$00000004) for __main_after_scatterload


==============================================================================

Removing Unused input sections from the image.

    Removing main.o(.rev16_text), (4 bytes).
    Removing main.o(.revsh_text), (4 bytes).
    Removing main.o(.rrx_text), (6 bytes).
    Removing pwm.o(.rev16_text), (4 bytes).
    Removing pwm.o(.revsh_text), (4 bytes).
    Removing pwm.o(.rrx_text), (6 bytes).
    Removing wait.o(.rev16_text), (4 bytes).
    Removing wait.o(.revsh_text), (4 bytes).
    Removing wait.o(.rrx_text), (6 bytes).
    Removing wait.o(i.waitMicroseconds), (18 bytes).
    Removing carspeedoutput.o(.rev16_text), (4 bytes).
    Removing carspeedoutput.o(.revsh_text), (4 bytes).
    Removing carspeedoutput.o(.rrx_text), (6 bytes).
    Removing i2c.o(.rev16_text), (4 bytes).
    Removing i2c.o(.revsh_text), (4 bytes).
    Removing i2c.o(.rrx_text), (6 bytes).
    Removing mma7455.o(.rev16_text), (4 bytes).
    Removing mma7455.o(.revsh_text), (4 bytes).
    Removing mma7455.o(.rrx_text), (6 bytes).
    Removing serial.o(.rev16_text), (4 bytes).
    Removing serial.o(.revsh_text), (4 bytes).
    Removing serial.o(.rrx_text), (6 bytes).
    Removing startup_lpc407x_8x_177x_8x.o(HEAP), (0 bytes).
    Removing system_lpc407x_8x_177x_8x.o(.rev16_text), (4 bytes).
    Removing system_lpc407x_8x_177x_8x.o(.revsh_text), (4 bytes).
    Removing system_lpc407x_8x_177x_8x.o(.rrx_text), (6 bytes).
    Removing dadd.o(.text), (334 bytes).
    Removing dfixul.o(.text), (48 bytes).
    Removing cdrcmple.o(.text), (48 bytes).

29 unused section(s) (total 560 bytes) removed from the image.

==============================================================================

Image Symbol Table

    Local Symbols

    Symbol Name                              Value     Ov Type        Size  Object(Section)

    RESET                                    0x00000000   Section      228  startup_lpc407x_8x_177x_8x.o(RESET)
    ../clib/microlib/division.c              0x00000000   Number         0  uldiv.o ABSOLUTE
    ../clib/microlib/division.c              0x00000000   Number         0  uidiv.o ABSOLUTE
    ../clib/microlib/init/entry.s            0x00000000   Number         0  entry2.o ABSOLUTE
    ../clib/microlib/init/entry.s            0x00000000   Number         0  entry10a.o ABSOLUTE
    ../clib/microlib/init/entry.s            0x00000000   Number         0  entry5.o ABSOLUTE
    ../clib/microlib/init/entry.s            0x00000000   Number         0  entry9a.o ABSOLUTE
    ../clib/microlib/init/entry.s            0x00000000   Number         0  entry10b.o ABSOLUTE
    ../clib/microlib/init/entry.s            0x00000000   Number         0  entry11a.o ABSOLUTE
    ../clib/microlib/init/entry.s            0x00000000   Number         0  entry7a.o ABSOLUTE
    ../clib/microlib/init/entry.s            0x00000000   Number         0  entry11b.o ABSOLUTE
    ../clib/microlib/init/entry.s            0x00000000   Number         0  entry.o ABSOLUTE
    ../clib/microlib/init/entry.s            0x00000000   Number         0  entry7b.o ABSOLUTE
    ../clib/microlib/init/entry.s            0x00000000   Number         0  entry8a.o ABSOLUTE
    ../clib/microlib/init/entry.s            0x00000000   Number         0  entry8b.o ABSOLUTE
    ../clib/microlib/init/entry.s            0x00000000   Number         0  entry9b.o ABSOLUTE
    ../clib/microlib/longlong.c              0x00000000   Number         0  llshl.o ABSOLUTE
    ../clib/microlib/longlong.c              0x00000000   Number         0  llsshr.o ABSOLUTE
    ../clib/microlib/longlong.c              0x00000000   Number         0  llushr.o ABSOLUTE
    ../clib/microlib/printf/printf.c         0x00000000   Number         0  printfb.o ABSOLUTE
    ../clib/microlib/printf/printf.c         0x00000000   Number         0  printf6.o ABSOLUTE
    ../clib/microlib/printf/printf.c         0x00000000   Number         0  printf4.o ABSOLUTE
    ../clib/microlib/printf/printf.c         0x00000000   Number         0  printf3.o ABSOLUTE
    ../clib/microlib/printf/printf.c         0x00000000   Number         0  printf2.o ABSOLUTE
    ../clib/microlib/printf/printf.c         0x00000000   Number         0  printf1.o ABSOLUTE
    ../clib/microlib/printf/printf.c         0x00000000   Number         0  printf5.o ABSOLUTE
    ../clib/microlib/printf/printf.c         0x00000000   Number         0  printf0.o ABSOLUTE
    ../clib/microlib/printf/printf.c         0x00000000   Number         0  printfa.o ABSOLUTE
    ../clib/microlib/printf/printf.c         0x00000000   Number         0  printf8.o ABSOLUTE
    ../clib/microlib/printf/printf.c         0x00000000   Number         0  printf7.o ABSOLUTE
    ../clib/microlib/printf/stubs.s          0x00000000   Number         0  stubs.o ABSOLUTE
    ../clib/microlib/stdio/fputc.c           0x00000000   Number         0  fputc.o ABSOLUTE
    ../clib/microlib/stdio/semi.s            0x00000000   Number         0  semi.o ABSOLUTE
    ../clib/microlib/stdio/streams.c         0x00000000   Number         0  stdout.o ABSOLUTE
    ../clib/microlib/stubs.s                 0x00000000   Number         0  iusesemip.o ABSOLUTE
    ../clib/microlib/stubs.s                 0x00000000   Number         0  iusefp.o ABSOLUTE
    ../fplib/microlib/fpadd.c                0x00000000   Number         0  dadd.o ABSOLUTE
    ../fplib/microlib/fpdiv.c                0x00000000   Number         0  ddiv.o ABSOLUTE
    ../fplib/microlib/fpepilogue.c           0x00000000   Number         0  depilogue.o ABSOLUTE
    ../fplib/microlib/fpfix.c                0x00000000   Number         0  dfixul.o ABSOLUTE
    ../fplib/microlib/fpfix.c                0x00000000   Number         0  dfixui.o ABSOLUTE
    ../fplib/microlib/fpflt.c                0x00000000   Number         0  dflti.o ABSOLUTE
    ../fplib/microlib/fpmul.c                0x00000000   Number         0  dmul.o ABSOLUTE
    CarSpeedOutput.c                         0x00000000   Number         0  carspeedoutput.o ABSOLUTE
    CarSpeedOutput.c                         0x00000000   Number         0  carspeedoutput.o ABSOLUTE
    I2C.c                                    0x00000000   Number         0  i2c.o ABSOLUTE
    I2C.c                                    0x00000000   Number         0  i2c.o ABSOLUTE
    MMA7455.c                                0x00000000   Number         0  mma7455.o ABSOLUTE
    MMA7455.c                                0x00000000   Number         0  mma7455.o ABSOLUTE
    PWM.c                                    0x00000000   Number         0  pwm.o ABSOLUTE
    PWM.c                                    0x00000000   Number         0  pwm.o ABSOLUTE
    RTE\Device\LPC4088FET208\startup_LPC407x_8x_177x_8x.s 0x00000000   Number         0  startup_lpc407x_8x_177x_8x.o ABSOLUTE
    RTE\Device\LPC4088FET208\system_LPC407x_8x_177x_8x.c 0x00000000   Number         0  system_lpc407x_8x_177x_8x.o ABSOLUTE
    RTE\\Device\\LPC4088FET208\\system_LPC407x_8x_177x_8x.c 0x00000000   Number         0  system_lpc407x_8x_177x_8x.o ABSOLUTE
    Serial.c                                 0x00000000   Number         0  serial.o ABSOLUTE
    Serial.c                                 0x00000000   Number         0  serial.o ABSOLUTE
    Wait.c                                   0x00000000   Number         0  wait.o ABSOLUTE
    Wait.c                                   0x00000000   Number         0  wait.o ABSOLUTE
    cdrcmple.s                               0x00000000   Number         0  cdrcmple.o ABSOLUTE
    dc.s                                     0x00000000   Number         0  dc.o ABSOLUTE
    handlers.s                               0x00000000   Number         0  handlers.o ABSOLUTE
    init.s                                   0x00000000   Number         0  init.o ABSOLUTE
    main.c                                   0x00000000   Number         0  main.o ABSOLUTE
    main.c                                   0x00000000   Number         0  main.o ABSOLUTE
    .ARM.Collect$$$$00000000                 0x000000e4   Section        0  entry.o(.ARM.Collect$$$$00000000)
    .ARM.Collect$$$$00000001                 0x000000e4   Section        4  entry2.o(.ARM.Collect$$$$00000001)
    .ARM.Collect$$$$00000004                 0x000000e8   Section        4  entry5.o(.ARM.Collect$$$$00000004)
    .ARM.Collect$$$$00000008                 0x000000ec   Section        0  entry7b.o(.ARM.Collect$$$$00000008)
    .ARM.Collect$$$$0000000A                 0x000000ec   Section        0  entry8b.o(.ARM.Collect$$$$0000000A)
    .ARM.Collect$$$$0000000B                 0x000000ec   Section        8  entry9a.o(.ARM.Collect$$$$0000000B)
    .ARM.Collect$$$$0000000D                 0x000000f4   Section        0  entry10a.o(.ARM.Collect$$$$0000000D)
    .ARM.Collect$$$$0000000F                 0x000000f4   Section        0  entry11a.o(.ARM.Collect$$$$0000000F)
    .ARM.Collect$$$$00002712                 0x000000f4   Section        4  entry2.o(.ARM.Collect$$$$00002712)
    __lit__00000000                          0x000000f4   Data           4  entry2.o(.ARM.Collect$$$$00002712)
    .text                                    0x000000f8   Section       36  startup_lpc407x_8x_177x_8x.o(.text)
    $v0                                      0x000000f8   Number         0  startup_lpc407x_8x_177x_8x.o(.text)
    .text                                    0x0000011c   Section        0  dmul.o(.text)
    .text                                    0x00000200   Section        0  ddiv.o(.text)
    .text                                    0x000002de   Section        0  iusefp.o(.text)
    .text                                    0x000002de   Section        0  llshl.o(.text)
    .ARM.__at_0x02FC                         0x000002fc   Section        4  startup_lpc407x_8x_177x_8x.o(.ARM.__at_0x02FC)
    .text                                    0x00000300   Section        0  dflti.o(.text)
    .text                                    0x00000322   Section        0  dfixui.o(.text)
    .text                                    0x00000354   Section        0  uidiv.o(.text)
    .text                                    0x00000380   Section        0  llushr.o(.text)
    .text                                    0x000003a0   Section        0  depilogue.o(.text)
    .text                                    0x0000045c   Section       36  init.o(.text)
    i.CarOutputInit                          0x00000480   Section        0  carspeedoutput.o(i.CarOutputInit)
    i.I2C_DoRead                             0x000004b4   Section        0  i2c.o(i.I2C_DoRead)
    i.I2C_DoWrite                            0x000004e0   Section        0  i2c.o(i.I2C_DoWrite)
    i.I2C_Init                               0x000004fc   Section        0  i2c.o(i.I2C_Init)
    i.I2C_Read                               0x00000558   Section        0  i2c.o(i.I2C_Read)
    i.I2C_ReadData                           0x00000588   Section        0  i2c.o(i.I2C_ReadData)
    i.I2C_Start                              0x0000061c   Section        0  i2c.o(i.I2C_Start)
    i.I2C_Stop                               0x00000644   Section        0  i2c.o(i.I2C_Stop)
    i.I2C_Wait_SI                            0x00000678   Section        0  i2c.o(i.I2C_Wait_SI)
    i.I2C_Write                              0x000006a4   Section        0  i2c.o(i.I2C_Write)
    i.I2C_WriteData                          0x000006d4   Section        0  i2c.o(i.I2C_WriteData)
    i.MMA7455_Init                           0x0000073e   Section        0  mma7455.o(i.MMA7455_Init)
    i.MMA7455_calibrate                      0x00000748   Section        0  mma7455.o(i.MMA7455_calibrate)
    i.MMA7455_getModeControl                 0x000007e8   Section        0  mma7455.o(i.MMA7455_getModeControl)
    i.MMA7455_getStatus                      0x00000820   Section        0  mma7455.o(i.MMA7455_getStatus)
    i.MMA7455_read                           0x00000858   Section        0  mma7455.o(i.MMA7455_read)
    i.MMA7455_setMode                        0x00000948   Section        0  mma7455.o(i.MMA7455_setMode)
    i.MMA7455_setModeControl                 0x00000978   Section        0  mma7455.o(i.MMA7455_setModeControl)
    i.PWM_Init                               0x000009a8   Section        0  pwm.o(i.PWM_Init)
    i.PWM_Write                              0x00000a0c   Section        0  pwm.o(i.PWM_Write)
    i.Serial_Init                            0x00000a44   Section        0  serial.o(i.Serial_Init)
    i.Serial_ReadData                        0x00000b24   Section        0  serial.o(i.Serial_ReadData)
    i.Serial_WriteData                       0x00000b30   Section        0  serial.o(i.Serial_WriteData)
    i.SystemCoreClockUpdate                  0x00000b44   Section        0  system_lpc407x_8x_177x_8x.o(i.SystemCoreClockUpdate)
    i.SystemInit                             0x00000e18   Section        0  system_lpc407x_8x_177x_8x.o(i.SystemInit)
    i.UART0_IRQHandler                       0x00000f04   Section        0  serial.o(i.UART0_IRQHandler)
    i.__0sprintf$1                           0x00000f58   Section        0  printf1.o(i.__0sprintf$1)
    i.__scatterload_copy                     0x00000f80   Section       14  handlers.o(i.__scatterload_copy)
    i.__scatterload_null                     0x00000f8e   Section        2  handlers.o(i.__scatterload_null)
    i.__scatterload_zeroinit                 0x00000f90   Section       14  handlers.o(i.__scatterload_zeroinit)
    i._printf_core                           0x00000fa0   Section        0  printf1.o(i._printf_core)
    _printf_core                             0x00000fa1   Thumb Code   336  printf1.o(i._printf_core)
    i._sputc                                 0x000010f4   Section        0  printf1.o(i._sputc)
    _sputc                                   0x000010f5   Thumb Code    10  printf1.o(i._sputc)
    i.fpu_init                               0x00001100   Section        0  system_lpc407x_8x_177x_8x.o(i.fpu_init)
    i.init                                   0x00001150   Section        0  main.o(i.init)
    i.main                                   0x0000116e   Section        0  main.o(i.main)
    i.mapAccValue                            0x0000117c   Section        0  main.o(i.mapAccValue)
    i.update                                 0x000011c8   Section        0  main.o(i.update)
    i.wait                                   0x00001294   Section        0  wait.o(i.wait)
    .data                                    0x10000000   Section       20  main.o(.data)
    xOffset                                  0x10000000   Data           4  main.o(.data)
    yOffset                                  0x10000004   Data           4  main.o(.data)
    zOffset                                  0x10000008   Data           4  main.o(.data)
    .data                                    0x10000014   Section       12  mma7455.o(.data)
    xOffset                                  0x10000014   Data           4  mma7455.o(.data)
    yOffset                                  0x10000018   Data           4  mma7455.o(.data)
    zOffset                                  0x1000001c   Data           4  mma7455.o(.data)
    .data                                    0x10000020   Section        9  serial.o(.data)
    .data                                    0x1000002c   Section       16  system_lpc407x_8x_177x_8x.o(.data)
    .bss                                     0x1000003c   Section       44  main.o(.bss)
    STACK                                    0x10000068   Section     1024  startup_lpc407x_8x_177x_8x.o(STACK)

    Global Symbols

    Symbol Name                              Value     Ov Type        Size  Object(Section)

    BuildAttributes$$THM_ISAv4$E$P$D$K$B$S$7EM$VFPi3$EXTD16$VFPS$VFMA$PE$A:L22UL41UL21$X:L11$S22US41US21$IEEE1$IW$USESV6$~STKCKD$USESV7$~SHL$OSPACE$ROPI$EBA8$MICROLIB$REQ8$PRES8$EABIv2 0x00000000   Number         0  anon$$obj.o ABSOLUTE
    __ARM_use_no_argv                        0x00000000   Number         0  main.o ABSOLUTE
    __Vectors                                0x00000000   Data           4  startup_lpc407x_8x_177x_8x.o(RESET)
    _printf_a                                0x00000000   Number         0  stubs.o ABSOLUTE
    _printf_c                                0x00000000   Number         0  stubs.o ABSOLUTE
    _printf_charcount                        0x00000000   Number         0  stubs.o ABSOLUTE
    _printf_d                                0x00000000   Number         0  stubs.o ABSOLUTE
    _printf_e                                0x00000000   Number         0  stubs.o ABSOLUTE
    _printf_f                                0x00000000   Number         0  stubs.o ABSOLUTE
    _printf_flags                            0x00000000   Number         0  stubs.o ABSOLUTE
    _printf_fp_dec                           0x00000000   Number         0  stubs.o ABSOLUTE
    _printf_fp_hex                           0x00000000   Number         0  stubs.o ABSOLUTE
    _printf_g                                0x00000000   Number         0  stubs.o ABSOLUTE
    _printf_i                                0x00000000   Number         0  stubs.o ABSOLUTE
    _printf_int_dec                          0x00000000   Number         0  stubs.o ABSOLUTE
    _printf_l                                0x00000000   Number         0  stubs.o ABSOLUTE
    _printf_lc                               0x00000000   Number         0  stubs.o ABSOLUTE
    _printf_ll                               0x00000000   Number         0  stubs.o ABSOLUTE
    _printf_lld                              0x00000000   Number         0  stubs.o ABSOLUTE
    _printf_lli                              0x00000000   Number         0  stubs.o ABSOLUTE
    _printf_llo                              0x00000000   Number         0  stubs.o ABSOLUTE
    _printf_llu                              0x00000000   Number         0  stubs.o ABSOLUTE
    _printf_llx                              0x00000000   Number         0  stubs.o ABSOLUTE
    _printf_longlong_dec                     0x00000000   Number         0  stubs.o ABSOLUTE
    _printf_longlong_hex                     0x00000000   Number         0  stubs.o ABSOLUTE
    _printf_longlong_oct                     0x00000000   Number         0  stubs.o ABSOLUTE
    _printf_ls                               0x00000000   Number         0  stubs.o ABSOLUTE
    _printf_mbtowc                           0x00000000   Number         0  stubs.o ABSOLUTE
    _printf_n                                0x00000000   Number         0  stubs.o ABSOLUTE
    _printf_o                                0x00000000   Number         0  stubs.o ABSOLUTE
    _printf_p                                0x00000000   Number         0  stubs.o ABSOLUTE
    _printf_percent                          0x00000000   Number         0  stubs.o ABSOLUTE
    _printf_pre_padding                      0x00000000   Number         0  stubs.o ABSOLUTE
    _printf_return_value                     0x00000000   Number         0  stubs.o ABSOLUTE
    _printf_s                                0x00000000   Number         0  stubs.o ABSOLUTE
    _printf_sizespec                         0x00000000   Number         0  stubs.o ABSOLUTE
    _printf_str                              0x00000000   Number         0  stubs.o ABSOLUTE
    _printf_truncate_signed                  0x00000000   Number         0  stubs.o ABSOLUTE
    _printf_truncate_unsigned                0x00000000   Number         0  stubs.o ABSOLUTE
    _printf_u                                0x00000000   Number         0  stubs.o ABSOLUTE
    _printf_wc                               0x00000000   Number         0  stubs.o ABSOLUTE
    _printf_wctomb                           0x00000000   Number         0  stubs.o ABSOLUTE
    _printf_widthprec                        0x00000000   Number         0  stubs.o ABSOLUTE
    _printf_x                                0x00000000   Number         0  stubs.o ABSOLUTE
    __cpp_initialize__aeabi_                  - Undefined Weak Reference
    __cxa_finalize                            - Undefined Weak Reference
    __decompress                              - Undefined Weak Reference
    _clock_init                               - Undefined Weak Reference
    _microlib_exit                            - Undefined Weak Reference
    __main                                   0x000000e5   Thumb Code     0  entry.o(.ARM.Collect$$$$00000000)
    _main_stk                                0x000000e5   Thumb Code     0  entry2.o(.ARM.Collect$$$$00000001)
    _main_scatterload                        0x000000e9   Thumb Code     0  entry5.o(.ARM.Collect$$$$00000004)
    __main_after_scatterload                 0x000000ed   Thumb Code     0  entry5.o(.ARM.Collect$$$$00000004)
    _main_clock                              0x000000ed   Thumb Code     0  entry7b.o(.ARM.Collect$$$$00000008)
    _main_cpp_init                           0x000000ed   Thumb Code     0  entry8b.o(.ARM.Collect$$$$0000000A)
    _main_init                               0x000000ed   Thumb Code     0  entry9a.o(.ARM.Collect$$$$0000000B)
    __rt_final_cpp                           0x000000f5   Thumb Code     0  entry10a.o(.ARM.Collect$$$$0000000D)
    __rt_final_exit                          0x000000f5   Thumb Code     0  entry11a.o(.ARM.Collect$$$$0000000F)
    Reset_Handler                            0x000000f9   Thumb Code     8  startup_lpc407x_8x_177x_8x.o(.text)
    NMI_Handler                              0x00000101   Thumb Code     2  startup_lpc407x_8x_177x_8x.o(.text)
    HardFault_Handler                        0x00000103   Thumb Code     2  startup_lpc407x_8x_177x_8x.o(.text)
    MemManage_Handler                        0x00000105   Thumb Code     2  startup_lpc407x_8x_177x_8x.o(.text)
    BusFault_Handler                         0x00000107   Thumb Code     2  startup_lpc407x_8x_177x_8x.o(.text)
    UsageFault_Handler                       0x00000109   Thumb Code     2  startup_lpc407x_8x_177x_8x.o(.text)
    SVC_Handler                              0x0000010b   Thumb Code     2  startup_lpc407x_8x_177x_8x.o(.text)
    DebugMon_Handler                         0x0000010d   Thumb Code     2  startup_lpc407x_8x_177x_8x.o(.text)
    PendSV_Handler                           0x0000010f   Thumb Code     2  startup_lpc407x_8x_177x_8x.o(.text)
    SysTick_Handler                          0x00000111   Thumb Code     2  startup_lpc407x_8x_177x_8x.o(.text)
    ADC_IRQHandler                           0x00000113   Thumb Code     0  startup_lpc407x_8x_177x_8x.o(.text)
    BOD_IRQHandler                           0x00000113   Thumb Code     0  startup_lpc407x_8x_177x_8x.o(.text)
    CANActivity_IRQHandler                   0x00000113   Thumb Code     0  startup_lpc407x_8x_177x_8x.o(.text)
    CAN_IRQHandler                           0x00000113   Thumb Code     0  startup_lpc407x_8x_177x_8x.o(.text)
    DMA_IRQHandler                           0x00000113   Thumb Code     0  startup_lpc407x_8x_177x_8x.o(.text)
    EEPROM_IRQHandler                        0x00000113   Thumb Code     0  startup_lpc407x_8x_177x_8x.o(.text)
    EINT0_IRQHandler                         0x00000113   Thumb Code     0  startup_lpc407x_8x_177x_8x.o(.text)
    EINT1_IRQHandler                         0x00000113   Thumb Code     0  startup_lpc407x_8x_177x_8x.o(.text)
    EINT2_IRQHandler                         0x00000113   Thumb Code     0  startup_lpc407x_8x_177x_8x.o(.text)
    EINT3_IRQHandler                         0x00000113   Thumb Code     0  startup_lpc407x_8x_177x_8x.o(.text)
    ENET_IRQHandler                          0x00000113   Thumb Code     0  startup_lpc407x_8x_177x_8x.o(.text)
    GPIO_IRQHandler                          0x00000113   Thumb Code     0  startup_lpc407x_8x_177x_8x.o(.text)
    I2C0_IRQHandler                          0x00000113   Thumb Code     0  startup_lpc407x_8x_177x_8x.o(.text)
    I2C1_IRQHandler                          0x00000113   Thumb Code     0  startup_lpc407x_8x_177x_8x.o(.text)
    I2C2_IRQHandler                          0x00000113   Thumb Code     0  startup_lpc407x_8x_177x_8x.o(.text)
    I2S_IRQHandler                           0x00000113   Thumb Code     0  startup_lpc407x_8x_177x_8x.o(.text)
    LCD_IRQHandler                           0x00000113   Thumb Code     0  startup_lpc407x_8x_177x_8x.o(.text)
    MCI_IRQHandler                           0x00000113   Thumb Code     0  startup_lpc407x_8x_177x_8x.o(.text)
    MCPWM_IRQHandler                         0x00000113   Thumb Code     0  startup_lpc407x_8x_177x_8x.o(.text)
    PLL0_IRQHandler                          0x00000113   Thumb Code     0  startup_lpc407x_8x_177x_8x.o(.text)
    PLL1_IRQHandler                          0x00000113   Thumb Code     0  startup_lpc407x_8x_177x_8x.o(.text)
    PWM0_IRQHandler                          0x00000113   Thumb Code     0  startup_lpc407x_8x_177x_8x.o(.text)
    PWM1_IRQHandler                          0x00000113   Thumb Code     0  startup_lpc407x_8x_177x_8x.o(.text)
    QEI_IRQHandler                           0x00000113   Thumb Code     0  startup_lpc407x_8x_177x_8x.o(.text)
    RTC_IRQHandler                           0x00000113   Thumb Code     0  startup_lpc407x_8x_177x_8x.o(.text)
    SSP0_IRQHandler                          0x00000113   Thumb Code     0  startup_lpc407x_8x_177x_8x.o(.text)
    SSP1_IRQHandler                          0x00000113   Thumb Code     0  startup_lpc407x_8x_177x_8x.o(.text)
    SSP2_IRQHandler                          0x00000113   Thumb Code     0  startup_lpc407x_8x_177x_8x.o(.text)
    TIMER0_IRQHandler                        0x00000113   Thumb Code     0  startup_lpc407x_8x_177x_8x.o(.text)
    TIMER1_IRQHandler                        0x00000113   Thumb Code     0  startup_lpc407x_8x_177x_8x.o(.text)
    TIMER2_IRQHandler                        0x00000113   Thumb Code     0  startup_lpc407x_8x_177x_8x.o(.text)
    TIMER3_IRQHandler                        0x00000113   Thumb Code     0  startup_lpc407x_8x_177x_8x.o(.text)
    UART1_IRQHandler                         0x00000113   Thumb Code     0  startup_lpc407x_8x_177x_8x.o(.text)
    UART2_IRQHandler                         0x00000113   Thumb Code     0  startup_lpc407x_8x_177x_8x.o(.text)
    UART3_IRQHandler                         0x00000113   Thumb Code     0  startup_lpc407x_8x_177x_8x.o(.text)
    UART4_IRQHandler                         0x00000113   Thumb Code     0  startup_lpc407x_8x_177x_8x.o(.text)
    USBActivity_IRQHandler                   0x00000113   Thumb Code     0  startup_lpc407x_8x_177x_8x.o(.text)
    USB_IRQHandler                           0x00000113   Thumb Code     0  startup_lpc407x_8x_177x_8x.o(.text)
    WDT_IRQHandler                           0x00000113   Thumb Code     0  startup_lpc407x_8x_177x_8x.o(.text)
    __aeabi_dmul                             0x0000011d   Thumb Code   228  dmul.o(.text)
    __aeabi_ddiv                             0x00000201   Thumb Code   222  ddiv.o(.text)
    __I$use$fp                               0x000002df   Thumb Code     0  iusefp.o(.text)
    __aeabi_llsl                             0x000002df   Thumb Code    30  llshl.o(.text)
    _ll_shift_l                              0x000002df   Thumb Code     0  llshl.o(.text)
    __aeabi_i2d                              0x00000301   Thumb Code    34  dflti.o(.text)
    __aeabi_d2uiz                            0x00000323   Thumb Code    50  dfixui.o(.text)
    __aeabi_uidiv                            0x00000355   Thumb Code     0  uidiv.o(.text)
    __aeabi_uidivmod                         0x00000355   Thumb Code    44  uidiv.o(.text)
    __aeabi_llsr                             0x00000381   Thumb Code    32  llushr.o(.text)
    _ll_ushift_r                             0x00000381   Thumb Code     0  llushr.o(.text)
    _double_round                            0x000003a1   Thumb Code    30  depilogue.o(.text)
    _double_epilogue                         0x000003bf   Thumb Code   156  depilogue.o(.text)
    __scatterload                            0x0000045d   Thumb Code    28  init.o(.text)
    __scatterload_rt2                        0x0000045d   Thumb Code     0  init.o(.text)
    CarOutputInit                            0x00000481   Thumb Code    46  carspeedoutput.o(i.CarOutputInit)
    I2C_DoRead                               0x000004b5   Thumb Code    38  i2c.o(i.I2C_DoRead)
    I2C_DoWrite                              0x000004e1   Thumb Code    24  i2c.o(i.I2C_DoWrite)
    I2C_Init                                 0x000004fd   Thumb Code    78  i2c.o(i.I2C_Init)
    I2C_Read                                 0x00000559   Thumb Code    48  i2c.o(i.I2C_Read)
    I2C_ReadData                             0x00000589   Thumb Code   142  i2c.o(i.I2C_ReadData)
    I2C_Start                                0x0000061d   Thumb Code    36  i2c.o(i.I2C_Start)
    I2C_Stop                                 0x00000645   Thumb Code    42  i2c.o(i.I2C_Stop)
    I2C_Wait_SI                              0x00000679   Thumb Code    34  i2c.o(i.I2C_Wait_SI)
    I2C_Write                                0x000006a5   Thumb Code    48  i2c.o(i.I2C_Write)
    I2C_WriteData                            0x000006d5   Thumb Code   106  i2c.o(i.I2C_WriteData)
    MMA7455_Init                             0x0000073f   Thumb Code     8  mma7455.o(i.MMA7455_Init)
    MMA7455_calibrate                        0x00000749   Thumb Code   148  mma7455.o(i.MMA7455_calibrate)
    MMA7455_getModeControl                   0x000007e9   Thumb Code    56  mma7455.o(i.MMA7455_getModeControl)
    MMA7455_getStatus                        0x00000821   Thumb Code    56  mma7455.o(i.MMA7455_getStatus)
    MMA7455_read                             0x00000859   Thumb Code   228  mma7455.o(i.MMA7455_read)
    MMA7455_setMode                          0x00000949   Thumb Code    48  mma7455.o(i.MMA7455_setMode)
    MMA7455_setModeControl                   0x00000979   Thumb Code    46  mma7455.o(i.MMA7455_setModeControl)
    PWM_Init                                 0x000009a9   Thumb Code    86  pwm.o(i.PWM_Init)
    PWM_Write                                0x00000a0d   Thumb Code    52  pwm.o(i.PWM_Write)
    Serial_Init                              0x00000a45   Thumb Code   204  serial.o(i.Serial_Init)
    Serial_ReadData                          0x00000b25   Thumb Code     6  serial.o(i.Serial_ReadData)
    Serial_WriteData                         0x00000b31   Thumb Code    12  serial.o(i.Serial_WriteData)
    SystemCoreClockUpdate                    0x00000b45   Thumb Code   696  system_lpc407x_8x_177x_8x.o(i.SystemCoreClockUpdate)
    SystemInit                               0x00000e19   Thumb Code   220  system_lpc407x_8x_177x_8x.o(i.SystemInit)
    UART0_IRQHandler                         0x00000f05   Thumb Code    68  serial.o(i.UART0_IRQHandler)
    __0sprintf$1                             0x00000f59   Thumb Code    34  printf1.o(i.__0sprintf$1)
    __1sprintf$1                             0x00000f59   Thumb Code     0  printf1.o(i.__0sprintf$1)
    __2sprintf                               0x00000f59   Thumb Code     0  printf1.o(i.__0sprintf$1)
    __scatterload_copy                       0x00000f81   Thumb Code    14  handlers.o(i.__scatterload_copy)
    __scatterload_null                       0x00000f8f   Thumb Code     2  handlers.o(i.__scatterload_null)
    __scatterload_zeroinit                   0x00000f91   Thumb Code    14  handlers.o(i.__scatterload_zeroinit)
    fpu_init                                 0x00001101   Thumb Code    62  system_lpc407x_8x_177x_8x.o(i.fpu_init)
    init                                     0x00001151   Thumb Code    30  main.o(i.init)
    main                                     0x0000116f   Thumb Code    12  main.o(i.main)
    mapAccValue                              0x0000117d   Thumb Code    60  main.o(i.mapAccValue)
    update                                   0x000011c9   Thumb Code   136  main.o(i.update)
    wait                                     0x00001295   Thumb Code    20  wait.o(i.wait)
    Region$$Table$$Base                      0x000012a8   Number         0  anon$$obj.o(Region$$Table)
    Region$$Table$$Limit                     0x000012c8   Number         0  anon$$obj.o(Region$$Table)
    x                                        0x1000000c   Data           4  main.o(.data)
    carOutput                                0x10000010   Data           4  main.o(.data)
    serialReceivedCharacter                  0x10000020   Data           1  serial.o(.data)
    serialTransmitData                       0x10000024   Data           4  serial.o(.data)
    serialTransmitCompleted                  0x10000028   Data           1  serial.o(.data)
    SystemCoreClock                          0x1000002c   Data           4  system_lpc407x_8x_177x_8x.o(.data)
    PeripheralClock                          0x10000030   Data           4  system_lpc407x_8x_177x_8x.o(.data)
    EMCClock                                 0x10000034   Data           4  system_lpc407x_8x_177x_8x.o(.data)
    USBClock                                 0x10000038   Data           4  system_lpc407x_8x_177x_8x.o(.data)
    stringValue                              0x1000003c   Data          30  main.o(.bss)
    values                                   0x1000005c   Data          12  main.o(.bss)
    __initial_sp                             0x10000468   Data           0  startup_lpc407x_8x_177x_8x.o(STACK)



==============================================================================

Memory Map of the image

  Image Entry point : 0x000000f9

  Load Region LR_1 (Base: 0x00000000, Size: 0x00001304, Max: 0xffffffff, ABSOLUTE)

    Execution Region ER_RO (Base: 0x00000000, Size: 0x000012c8, Max: 0xffffffff, ABSOLUTE)

    Base Addr    Size         Type   Attr      Idx    E Section Name        Object

    0x00000000   0x000000e4   Data   RO          380    RESET               startup_lpc407x_8x_177x_8x.o
    0x000000e4   0x00000000   Code   RO          430  * .ARM.Collect$$$$00000000  mc_w.l(entry.o)
    0x000000e4   0x00000004   Code   RO          702    .ARM.Collect$$$$00000001  mc_w.l(entry2.o)
    0x000000e8   0x00000004   Code   RO          705    .ARM.Collect$$$$00000004  mc_w.l(entry5.o)
    0x000000ec   0x00000000   Code   RO          707    .ARM.Collect$$$$00000008  mc_w.l(entry7b.o)
    0x000000ec   0x00000000   Code   RO          709    .ARM.Collect$$$$0000000A  mc_w.l(entry8b.o)
    0x000000ec   0x00000008   Code   RO          710    .ARM.Collect$$$$0000000B  mc_w.l(entry9a.o)
    0x000000f4   0x00000000   Code   RO          712    .ARM.Collect$$$$0000000D  mc_w.l(entry10a.o)
    0x000000f4   0x00000000   Code   RO          714    .ARM.Collect$$$$0000000F  mc_w.l(entry11a.o)
    0x000000f4   0x00000004   Code   RO          703    .ARM.Collect$$$$00002712  mc_w.l(entry2.o)
    0x000000f8   0x00000024   Code   RO          382  * .text               startup_lpc407x_8x_177x_8x.o
    0x0000011c   0x000000e4   Code   RO          694    .text               mf_w.l(dmul.o)
    0x00000200   0x000000de   Code   RO          696    .text               mf_w.l(ddiv.o)
    0x000002de   0x00000000   Code   RO          725    .text               mc_w.l(iusefp.o)
    0x000002de   0x0000001e   Code   RO          737    .text               mc_w.l(llshl.o)
    0x000002fc   0x00000004   Code   RO          381    .ARM.__at_0x02FC    startup_lpc407x_8x_177x_8x.o
    0x00000300   0x00000022   Code   RO          698    .text               mf_w.l(dflti.o)
    0x00000322   0x00000032   Code   RO          700    .text               mf_w.l(dfixui.o)
    0x00000354   0x0000002c   Code   RO          719    .text               mc_w.l(uidiv.o)
    0x00000380   0x00000020   Code   RO          723    .text               mc_w.l(llushr.o)
    0x000003a0   0x000000ba   Code   RO          726    .text               mf_w.l(depilogue.o)
    0x0000045a   0x00000002   PAD
    0x0000045c   0x00000024   Code   RO          734    .text               mc_w.l(init.o)
    0x00000480   0x00000034   Code   RO          165    i.CarOutputInit     carspeedoutput.o
    0x000004b4   0x0000002c   Code   RO          189    i.I2C_DoRead        i2c.o
    0x000004e0   0x0000001c   Code   RO          190    i.I2C_DoWrite       i2c.o
    0x000004fc   0x0000005c   Code   RO          191    i.I2C_Init          i2c.o
    0x00000558   0x00000030   Code   RO          192    i.I2C_Read          i2c.o
    0x00000588   0x00000094   Code   RO          193    i.I2C_ReadData      i2c.o
    0x0000061c   0x00000028   Code   RO          194    i.I2C_Start         i2c.o
    0x00000644   0x00000034   Code   RO          195    i.I2C_Stop          i2c.o
    0x00000678   0x0000002c   Code   RO          196    i.I2C_Wait_SI       i2c.o
    0x000006a4   0x00000030   Code   RO          197    i.I2C_Write         i2c.o
    0x000006d4   0x0000006a   Code   RO          198    i.I2C_WriteData     i2c.o
    0x0000073e   0x00000008   Code   RO          267    i.MMA7455_Init      mma7455.o
    0x00000746   0x00000002   PAD
    0x00000748   0x000000a0   Code   RO          268    i.MMA7455_calibrate  mma7455.o
    0x000007e8   0x00000038   Code   RO          269    i.MMA7455_getModeControl  mma7455.o
    0x00000820   0x00000038   Code   RO          270    i.MMA7455_getStatus  mma7455.o
    0x00000858   0x000000f0   Code   RO          271    i.MMA7455_read      mma7455.o
    0x00000948   0x00000030   Code   RO          272    i.MMA7455_setMode   mma7455.o
    0x00000978   0x0000002e   Code   RO          273    i.MMA7455_setModeControl  mma7455.o
    0x000009a6   0x00000002   PAD
    0x000009a8   0x00000064   Code   RO          105    i.PWM_Init          pwm.o
    0x00000a0c   0x00000038   Code   RO          106    i.PWM_Write         pwm.o
    0x00000a44   0x000000e0   Code   RO          329    i.Serial_Init       serial.o
    0x00000b24   0x0000000c   Code   RO          330    i.Serial_ReadData   serial.o
    0x00000b30   0x00000014   Code   RO          331    i.Serial_WriteData  serial.o
    0x00000b44   0x000002d4   Code   RO          391    i.SystemCoreClockUpdate  system_lpc407x_8x_177x_8x.o
    0x00000e18   0x000000ec   Code   RO          392    i.SystemInit        system_lpc407x_8x_177x_8x.o
    0x00000f04   0x00000054   Code   RO          332    i.UART0_IRQHandler  serial.o
    0x00000f58   0x00000028   Code   RO          480    i.__0sprintf$1      mc_w.l(printf1.o)
    0x00000f80   0x0000000e   Code   RO          744    i.__scatterload_copy  mc_w.l(handlers.o)
    0x00000f8e   0x00000002   Code   RO          745    i.__scatterload_null  mc_w.l(handlers.o)
    0x00000f90   0x0000000e   Code   RO          746    i.__scatterload_zeroinit  mc_w.l(handlers.o)
    0x00000f9e   0x00000002   PAD
    0x00000fa0   0x00000154   Code   RO          485    i._printf_core      mc_w.l(printf1.o)
    0x000010f4   0x0000000a   Code   RO          487    i._sputc            mc_w.l(printf1.o)
    0x000010fe   0x00000002   PAD
    0x00001100   0x00000050   Code   RO          393    i.fpu_init          system_lpc407x_8x_177x_8x.o
    0x00001150   0x0000001e   Code   RO            4    i.init              main.o
    0x0000116e   0x0000000c   Code   RO            5    i.main              main.o
    0x0000117a   0x00000002   PAD
    0x0000117c   0x0000004c   Code   RO            6    i.mapAccValue       main.o
    0x000011c8   0x000000cc   Code   RO            7    i.update            main.o
    0x00001294   0x00000014   Code   RO          135    i.wait              wait.o
    0x000012a8   0x00000020   Data   RO          742    Region$$Table       anon$$obj.o


    Execution Region ER_RW (Base: 0x10000000, Size: 0x0000003c, Max: 0xffffffff, ABSOLUTE)

    Base Addr    Size         Type   Attr      Idx    E Section Name        Object

    0x10000000   0x00000014   Data   RW            9    .data               main.o
    0x10000014   0x0000000c   Data   RW          274    .data               mma7455.o
    0x10000020   0x00000009   Data   RW          333    .data               serial.o
    0x10000029   0x00000003   PAD
    0x1000002c   0x00000010   Data   RW          394    .data               system_lpc407x_8x_177x_8x.o


    Execution Region ER_ZI (Base: 0x1000003c, Size: 0x0000042c, Max: 0xffffffff, ABSOLUTE)

    Base Addr    Size         Type   Attr      Idx    E Section Name        Object

    0x1000003c   0x0000002c   Zero   RW            8    .bss                main.o
    0x10000068   0x00000400   Zero   RW          378    STACK               startup_lpc407x_8x_177x_8x.o


==============================================================================

Image component sizes


      Code (inc. data)   RO Data    RW Data    ZI Data      Debug   Object Name

        52          6          0          0          0        456   carspeedoutput.o
       650         54          0          0          0       6517   i2c.o
       322         84          0         20         44      29570   main.o
       614         24          0         12          0       4706   mma7455.o
       156         18          0          0          0        983   pwm.o
       340         50          0          9          0      29202   serial.o
        40         12        228          0       1024       1108   startup_lpc407x_8x_177x_8x.o
      1040         62          0         16          0       4584   system_lpc407x_8x_177x_8x.o
        20          0          0          0          0        495   wait.o

    ----------------------------------------------------------------------
      3240        310        260         60       1068      77621   Object Totals
         0          0         32          0          0          0   (incl. Generated)
         6          0          0          3          0          0   (incl. Padding)

    ----------------------------------------------------------------------

      Code (inc. data)   RO Data    RW Data    ZI Data      Debug   Library Member Name

         0          0          0          0          0          0   entry.o
         0          0          0          0          0          0   entry10a.o
         0          0          0          0          0          0   entry11a.o
         8          4          0          0          0          0   entry2.o
         4          0          0          0          0          0   entry5.o
         0          0          0          0          0          0   entry7b.o
         0          0          0          0          0          0   entry8b.o
         8          4          0          0          0          0   entry9a.o
        30          0          0          0          0          0   handlers.o
        36          8          0          0          0         68   init.o
         0          0          0          0          0          0   iusefp.o
        30          0          0          0          0         68   llshl.o
        32          0          0          0          0         68   llushr.o
       390         10          0          0          0        252   printf1.o
        44          0          0          0          0         80   uidiv.o
       222          0          0          0          0        100   ddiv.o
       186          0          0          0          0        176   depilogue.o
        50          0          0          0          0         76   dfixui.o
        34          0          0          0          0         76   dflti.o
       228          0          0          0          0         96   dmul.o

    ----------------------------------------------------------------------
      1308         26          0          0          0       1060   Library Totals
         6          0          0          0          0          0   (incl. Padding)

    ----------------------------------------------------------------------

      Code (inc. data)   RO Data    RW Data    ZI Data      Debug   Library Name

       582         26          0          0          0        536   mc_w.l
       720          0          0          0          0        524   mf_w.l

    ----------------------------------------------------------------------
      1308         26          0          0          0       1060   Library Totals

    ----------------------------------------------------------------------

==============================================================================


      Code (inc. data)   RO Data    RW Data    ZI Data      Debug   

      4548        336        260         60       1068      75665   Grand Totals
      4548        336        260         60       1068      75665   ELF Image Totals
      4548        336        260         60          0          0   ROM Totals

==============================================================================

    Total RO  Size (Code + RO Data)                 4808 (   4.70kB)
    Total RW  Size (RW Data + ZI Data)              1128 (   1.10kB)
    Total ROM Size (Code + RO Data + RW Data)       4868 (   4.75kB)

==============================================================================

