Component: ARM Compiler 5.06 update 3 (build 300) Tool: armlink [4d35c9]

==============================================================================

Section Cross References

    main.o(i.init) refers to carspeedoutput.o(i.CarOutputInit) for CarOutputInit
    main.o(i.init) refers to pwm.o(i.PWM_Init) for PWM_Init
    main.o(i.main) refers to main.o(i.init) for init
    main.o(i.main) refers to main.o(i.update) for update
    main.o(i.update) refers to pwm.o(i.PWM_Write) for PWM_Write
    main.o(i.update) refers to wait.o(i.wait) for wait
    main.o(i.update) refers to main.o(.data) for x
    startup_lpc407x_8x_177x_8x.o(RESET) refers to startup_lpc407x_8x_177x_8x.o(STACK) for __initial_sp
    startup_lpc407x_8x_177x_8x.o(RESET) refers to startup_lpc407x_8x_177x_8x.o(.text) for Reset_Handler
    startup_lpc407x_8x_177x_8x.o(.text) refers to system_lpc407x_8x_177x_8x.o(i.SystemInit) for SystemInit
    startup_lpc407x_8x_177x_8x.o(.text) refers to entry.o(.ARM.Collect$$$$00000000) for __main
    system_lpc407x_8x_177x_8x.o(i.SystemCoreClockUpdate) refers to system_lpc407x_8x_177x_8x.o(.data) for SystemCoreClock
    system_lpc407x_8x_177x_8x.o(i.SystemInit) refers to system_lpc407x_8x_177x_8x.o(i.fpu_init) for fpu_init
    system_lpc407x_8x_177x_8x.o(i.SystemInit) refers to system_lpc407x_8x_177x_8x.o(i.SystemCoreClockUpdate) for SystemCoreClockUpdate
    entry.o(.ARM.Collect$$$$00000000) refers (Special) to entry10a.o(.ARM.Collect$$$$0000000D) for __rt_final_cpp
    entry.o(.ARM.Collect$$$$00000000) refers (Special) to entry11a.o(.ARM.Collect$$$$0000000F) for __rt_final_exit
    entry.o(.ARM.Collect$$$$00000000) refers (Special) to entry7b.o(.ARM.Collect$$$$00000008) for _main_clock
    entry.o(.ARM.Collect$$$$00000000) refers (Special) to entry8b.o(.ARM.Collect$$$$0000000A) for _main_cpp_init
    entry.o(.ARM.Collect$$$$00000000) refers (Special) to entry9a.o(.ARM.Collect$$$$0000000B) for _main_init
    entry.o(.ARM.Collect$$$$00000000) refers (Special) to entry5.o(.ARM.Collect$$$$00000004) for _main_scatterload
    entry.o(.ARM.Collect$$$$00000000) refers (Special) to entry2.o(.ARM.Collect$$$$00000001) for _main_stk
    entry2.o(.ARM.Collect$$$$00000001) refers to entry2.o(.ARM.Collect$$$$00002712) for __lit__00000000
    entry2.o(.ARM.Collect$$$$00002712) refers to startup_lpc407x_8x_177x_8x.o(STACK) for __initial_sp
    entry2.o(__vectab_stack_and_reset_area) refers to startup_lpc407x_8x_177x_8x.o(STACK) for __initial_sp
    entry2.o(__vectab_stack_and_reset_area) refers to entry.o(.ARM.Collect$$$$00000000) for __main
    entry5.o(.ARM.Collect$$$$00000004) refers to init.o(.text) for __scatterload
    entry9a.o(.ARM.Collect$$$$0000000B) refers to main.o(i.main) for main
    entry9b.o(.ARM.Collect$$$$0000000C) refers to main.o(i.main) for main
    init.o(.text) refers to entry5.o(.ARM.Collect$$$$00000004) for __main_after_scatterload


==============================================================================

Removing Unused input sections from the image.

    Removing main.o(.rev16_text), (4 bytes).
    Removing main.o(.revsh_text), (4 bytes).
    Removing main.o(.rrx_text), (6 bytes).
    Removing pwm.o(.rev16_text), (4 bytes).
    Removing pwm.o(.revsh_text), (4 bytes).
    Removing pwm.o(.rrx_text), (6 bytes).
    Removing wait.o(.rev16_text), (4 bytes).
    Removing wait.o(.revsh_text), (4 bytes).
    Removing wait.o(.rrx_text), (6 bytes).
    Removing wait.o(i.waitMicroseconds), (18 bytes).
    Removing carspeedoutput.o(.rev16_text), (4 bytes).
    Removing carspeedoutput.o(.revsh_text), (4 bytes).
    Removing carspeedoutput.o(.rrx_text), (6 bytes).
    Removing startup_lpc407x_8x_177x_8x.o(HEAP), (0 bytes).
    Removing system_lpc407x_8x_177x_8x.o(.rev16_text), (4 bytes).
    Removing system_lpc407x_8x_177x_8x.o(.revsh_text), (4 bytes).
    Removing system_lpc407x_8x_177x_8x.o(.rrx_text), (6 bytes).

17 unused section(s) (total 88 bytes) removed from the image.

==============================================================================

Image Symbol Table

    Local Symbols

    Symbol Name                              Value     Ov Type        Size  Object(Section)

    RESET                                    0x00000000   Section      228  startup_lpc407x_8x_177x_8x.o(RESET)
    ../clib/microlib/init/entry.s            0x00000000   Number         0  entry.o ABSOLUTE
    ../clib/microlib/init/entry.s            0x00000000   Number         0  entry11b.o ABSOLUTE
    ../clib/microlib/init/entry.s            0x00000000   Number         0  entry11a.o ABSOLUTE
    ../clib/microlib/init/entry.s            0x00000000   Number         0  entry10b.o ABSOLUTE
    ../clib/microlib/init/entry.s            0x00000000   Number         0  entry10a.o ABSOLUTE
    ../clib/microlib/init/entry.s            0x00000000   Number         0  entry9b.o ABSOLUTE
    ../clib/microlib/init/entry.s            0x00000000   Number         0  entry9a.o ABSOLUTE
    ../clib/microlib/init/entry.s            0x00000000   Number         0  entry8b.o ABSOLUTE
    ../clib/microlib/init/entry.s            0x00000000   Number         0  entry8a.o ABSOLUTE
    ../clib/microlib/init/entry.s            0x00000000   Number         0  entry7b.o ABSOLUTE
    ../clib/microlib/init/entry.s            0x00000000   Number         0  entry7a.o ABSOLUTE
    ../clib/microlib/init/entry.s            0x00000000   Number         0  entry5.o ABSOLUTE
    ../clib/microlib/init/entry.s            0x00000000   Number         0  entry2.o ABSOLUTE
    CarSpeedOutput.c                         0x00000000   Number         0  carspeedoutput.o ABSOLUTE
    CarSpeedOutput.c                         0x00000000   Number         0  carspeedoutput.o ABSOLUTE
    PWM.c                                    0x00000000   Number         0  pwm.o ABSOLUTE
    PWM.c                                    0x00000000   Number         0  pwm.o ABSOLUTE
    RTE\Device\LPC4088FET208\startup_LPC407x_8x_177x_8x.s 0x00000000   Number         0  startup_lpc407x_8x_177x_8x.o ABSOLUTE
    RTE\Device\LPC4088FET208\system_LPC407x_8x_177x_8x.c 0x00000000   Number         0  system_lpc407x_8x_177x_8x.o ABSOLUTE
    RTE\\Device\\LPC4088FET208\\system_LPC407x_8x_177x_8x.c 0x00000000   Number         0  system_lpc407x_8x_177x_8x.o ABSOLUTE
    Wait.c                                   0x00000000   Number         0  wait.o ABSOLUTE
    Wait.c                                   0x00000000   Number         0  wait.o ABSOLUTE
    dc.s                                     0x00000000   Number         0  dc.o ABSOLUTE
    handlers.s                               0x00000000   Number         0  handlers.o ABSOLUTE
    init.s                                   0x00000000   Number         0  init.o ABSOLUTE
    main.c                                   0x00000000   Number         0  main.o ABSOLUTE
    main.c                                   0x00000000   Number         0  main.o ABSOLUTE
    .ARM.Collect$$$$00000000                 0x000000e4   Section        0  entry.o(.ARM.Collect$$$$00000000)
    .ARM.Collect$$$$00000001                 0x000000e4   Section        4  entry2.o(.ARM.Collect$$$$00000001)
    .ARM.Collect$$$$00000004                 0x000000e8   Section        4  entry5.o(.ARM.Collect$$$$00000004)
    .ARM.Collect$$$$00000008                 0x000000ec   Section        0  entry7b.o(.ARM.Collect$$$$00000008)
    .ARM.Collect$$$$0000000A                 0x000000ec   Section        0  entry8b.o(.ARM.Collect$$$$0000000A)
    .ARM.Collect$$$$0000000B                 0x000000ec   Section        8  entry9a.o(.ARM.Collect$$$$0000000B)
    .ARM.Collect$$$$0000000D                 0x000000f4   Section        0  entry10a.o(.ARM.Collect$$$$0000000D)
    .ARM.Collect$$$$0000000F                 0x000000f4   Section        0  entry11a.o(.ARM.Collect$$$$0000000F)
    .ARM.Collect$$$$00002712                 0x000000f4   Section        4  entry2.o(.ARM.Collect$$$$00002712)
    __lit__00000000                          0x000000f4   Data           4  entry2.o(.ARM.Collect$$$$00002712)
    .text                                    0x000000f8   Section       36  startup_lpc407x_8x_177x_8x.o(.text)
    $v0                                      0x000000f8   Number         0  startup_lpc407x_8x_177x_8x.o(.text)
    .text                                    0x0000011c   Section       36  init.o(.text)
    i.CarOutputInit                          0x00000140   Section        0  carspeedoutput.o(i.CarOutputInit)
    i.PWM_Init                               0x00000174   Section        0  pwm.o(i.PWM_Init)
    i.PWM_Write                              0x000001d0   Section        0  pwm.o(i.PWM_Write)
    i.SystemInit                             0x00000208   Section        0  system_lpc407x_8x_177x_8x.o(i.SystemInit)
    i.__scatterload_null                     0x000002f4   Section        2  handlers.o(i.__scatterload_null)
    .ARM.__at_0x02FC                         0x000002fc   Section        4  startup_lpc407x_8x_177x_8x.o(.ARM.__at_0x02FC)
    i.SystemCoreClockUpdate                  0x00000300   Section        0  system_lpc407x_8x_177x_8x.o(i.SystemCoreClockUpdate)
    i.__scatterload_copy                     0x000005d4   Section       14  handlers.o(i.__scatterload_copy)
    i.__scatterload_zeroinit                 0x000005e2   Section       14  handlers.o(i.__scatterload_zeroinit)
    i.fpu_init                               0x000005f0   Section        0  system_lpc407x_8x_177x_8x.o(i.fpu_init)
    i.init                                   0x00000640   Section        0  main.o(i.init)
    i.main                                   0x0000064c   Section        0  main.o(i.main)
    i.update                                 0x00000658   Section        0  main.o(i.update)
    i.wait                                   0x00000688   Section        0  wait.o(i.wait)
    .data                                    0x10000000   Section        4  main.o(.data)
    .data                                    0x10000004   Section       16  system_lpc407x_8x_177x_8x.o(.data)
    STACK                                    0x10000018   Section     1024  startup_lpc407x_8x_177x_8x.o(STACK)

    Global Symbols

    Symbol Name                              Value     Ov Type        Size  Object(Section)

    BuildAttributes$$THM_ISAv4$E$P$D$K$B$S$7EM$VFPi3$EXTD16$VFPS$VFMA$PE$A:L22UL41UL21$X:L11$S22US41US21$IEEE1$IW$USESV6$~STKCKD$USESV7$~SHL$OSPACE$EBA8$MICROLIB$REQ8$PRES8$EABIv2 0x00000000   Number         0  anon$$obj.o ABSOLUTE
    __ARM_use_no_argv                        0x00000000   Number         0  main.o ABSOLUTE
    __Vectors                                0x00000000   Data           4  startup_lpc407x_8x_177x_8x.o(RESET)
    __cpp_initialize__aeabi_                  - Undefined Weak Reference
    __cxa_finalize                            - Undefined Weak Reference
    __decompress                              - Undefined Weak Reference
    _clock_init                               - Undefined Weak Reference
    _microlib_exit                            - Undefined Weak Reference
    __main                                   0x000000e5   Thumb Code     0  entry.o(.ARM.Collect$$$$00000000)
    _main_stk                                0x000000e5   Thumb Code     0  entry2.o(.ARM.Collect$$$$00000001)
    _main_scatterload                        0x000000e9   Thumb Code     0  entry5.o(.ARM.Collect$$$$00000004)
    __main_after_scatterload                 0x000000ed   Thumb Code     0  entry5.o(.ARM.Collect$$$$00000004)
    _main_clock                              0x000000ed   Thumb Code     0  entry7b.o(.ARM.Collect$$$$00000008)
    _main_cpp_init                           0x000000ed   Thumb Code     0  entry8b.o(.ARM.Collect$$$$0000000A)
    _main_init                               0x000000ed   Thumb Code     0  entry9a.o(.ARM.Collect$$$$0000000B)
    __rt_final_cpp                           0x000000f5   Thumb Code     0  entry10a.o(.ARM.Collect$$$$0000000D)
    __rt_final_exit                          0x000000f5   Thumb Code     0  entry11a.o(.ARM.Collect$$$$0000000F)
    Reset_Handler                            0x000000f9   Thumb Code     8  startup_lpc407x_8x_177x_8x.o(.text)
    NMI_Handler                              0x00000101   Thumb Code     2  startup_lpc407x_8x_177x_8x.o(.text)
    HardFault_Handler                        0x00000103   Thumb Code     2  startup_lpc407x_8x_177x_8x.o(.text)
    MemManage_Handler                        0x00000105   Thumb Code     2  startup_lpc407x_8x_177x_8x.o(.text)
    BusFault_Handler                         0x00000107   Thumb Code     2  startup_lpc407x_8x_177x_8x.o(.text)
    UsageFault_Handler                       0x00000109   Thumb Code     2  startup_lpc407x_8x_177x_8x.o(.text)
    SVC_Handler                              0x0000010b   Thumb Code     2  startup_lpc407x_8x_177x_8x.o(.text)
    DebugMon_Handler                         0x0000010d   Thumb Code     2  startup_lpc407x_8x_177x_8x.o(.text)
    PendSV_Handler                           0x0000010f   Thumb Code     2  startup_lpc407x_8x_177x_8x.o(.text)
    SysTick_Handler                          0x00000111   Thumb Code     2  startup_lpc407x_8x_177x_8x.o(.text)
    ADC_IRQHandler                           0x00000113   Thumb Code     0  startup_lpc407x_8x_177x_8x.o(.text)
    BOD_IRQHandler                           0x00000113   Thumb Code     0  startup_lpc407x_8x_177x_8x.o(.text)
    CANActivity_IRQHandler                   0x00000113   Thumb Code     0  startup_lpc407x_8x_177x_8x.o(.text)
    CAN_IRQHandler                           0x00000113   Thumb Code     0  startup_lpc407x_8x_177x_8x.o(.text)
    DMA_IRQHandler                           0x00000113   Thumb Code     0  startup_lpc407x_8x_177x_8x.o(.text)
    EEPROM_IRQHandler                        0x00000113   Thumb Code     0  startup_lpc407x_8x_177x_8x.o(.text)
    EINT0_IRQHandler                         0x00000113   Thumb Code     0  startup_lpc407x_8x_177x_8x.o(.text)
    EINT1_IRQHandler                         0x00000113   Thumb Code     0  startup_lpc407x_8x_177x_8x.o(.text)
    EINT2_IRQHandler                         0x00000113   Thumb Code     0  startup_lpc407x_8x_177x_8x.o(.text)
    EINT3_IRQHandler                         0x00000113   Thumb Code     0  startup_lpc407x_8x_177x_8x.o(.text)
    ENET_IRQHandler                          0x00000113   Thumb Code     0  startup_lpc407x_8x_177x_8x.o(.text)
    GPIO_IRQHandler                          0x00000113   Thumb Code     0  startup_lpc407x_8x_177x_8x.o(.text)
    I2C0_IRQHandler                          0x00000113   Thumb Code     0  startup_lpc407x_8x_177x_8x.o(.text)
    I2C1_IRQHandler                          0x00000113   Thumb Code     0  startup_lpc407x_8x_177x_8x.o(.text)
    I2C2_IRQHandler                          0x00000113   Thumb Code     0  startup_lpc407x_8x_177x_8x.o(.text)
    I2S_IRQHandler                           0x00000113   Thumb Code     0  startup_lpc407x_8x_177x_8x.o(.text)
    LCD_IRQHandler                           0x00000113   Thumb Code     0  startup_lpc407x_8x_177x_8x.o(.text)
    MCI_IRQHandler                           0x00000113   Thumb Code     0  startup_lpc407x_8x_177x_8x.o(.text)
    MCPWM_IRQHandler                         0x00000113   Thumb Code     0  startup_lpc407x_8x_177x_8x.o(.text)
    PLL0_IRQHandler                          0x00000113   Thumb Code     0  startup_lpc407x_8x_177x_8x.o(.text)
    PLL1_IRQHandler                          0x00000113   Thumb Code     0  startup_lpc407x_8x_177x_8x.o(.text)
    PWM0_IRQHandler                          0x00000113   Thumb Code     0  startup_lpc407x_8x_177x_8x.o(.text)
    PWM1_IRQHandler                          0x00000113   Thumb Code     0  startup_lpc407x_8x_177x_8x.o(.text)
    QEI_IRQHandler                           0x00000113   Thumb Code     0  startup_lpc407x_8x_177x_8x.o(.text)
    RTC_IRQHandler                           0x00000113   Thumb Code     0  startup_lpc407x_8x_177x_8x.o(.text)
    SSP0_IRQHandler                          0x00000113   Thumb Code     0  startup_lpc407x_8x_177x_8x.o(.text)
    SSP1_IRQHandler                          0x00000113   Thumb Code     0  startup_lpc407x_8x_177x_8x.o(.text)
    SSP2_IRQHandler                          0x00000113   Thumb Code     0  startup_lpc407x_8x_177x_8x.o(.text)
    TIMER0_IRQHandler                        0x00000113   Thumb Code     0  startup_lpc407x_8x_177x_8x.o(.text)
    TIMER1_IRQHandler                        0x00000113   Thumb Code     0  startup_lpc407x_8x_177x_8x.o(.text)
    TIMER2_IRQHandler                        0x00000113   Thumb Code     0  startup_lpc407x_8x_177x_8x.o(.text)
    TIMER3_IRQHandler                        0x00000113   Thumb Code     0  startup_lpc407x_8x_177x_8x.o(.text)
    UART0_IRQHandler                         0x00000113   Thumb Code     0  startup_lpc407x_8x_177x_8x.o(.text)
    UART1_IRQHandler                         0x00000113   Thumb Code     0  startup_lpc407x_8x_177x_8x.o(.text)
    UART2_IRQHandler                         0x00000113   Thumb Code     0  startup_lpc407x_8x_177x_8x.o(.text)
    UART3_IRQHandler                         0x00000113   Thumb Code     0  startup_lpc407x_8x_177x_8x.o(.text)
    UART4_IRQHandler                         0x00000113   Thumb Code     0  startup_lpc407x_8x_177x_8x.o(.text)
    USBActivity_IRQHandler                   0x00000113   Thumb Code     0  startup_lpc407x_8x_177x_8x.o(.text)
    USB_IRQHandler                           0x00000113   Thumb Code     0  startup_lpc407x_8x_177x_8x.o(.text)
    WDT_IRQHandler                           0x00000113   Thumb Code     0  startup_lpc407x_8x_177x_8x.o(.text)
    __scatterload                            0x0000011d   Thumb Code    28  init.o(.text)
    __scatterload_rt2                        0x0000011d   Thumb Code     0  init.o(.text)
    CarOutputInit                            0x00000141   Thumb Code    46  carspeedoutput.o(i.CarOutputInit)
    PWM_Init                                 0x00000175   Thumb Code    78  pwm.o(i.PWM_Init)
    PWM_Write                                0x000001d1   Thumb Code    52  pwm.o(i.PWM_Write)
    SystemInit                               0x00000209   Thumb Code   220  system_lpc407x_8x_177x_8x.o(i.SystemInit)
    __scatterload_null                       0x000002f5   Thumb Code     2  handlers.o(i.__scatterload_null)
    SystemCoreClockUpdate                    0x00000301   Thumb Code   696  system_lpc407x_8x_177x_8x.o(i.SystemCoreClockUpdate)
    __scatterload_copy                       0x000005d5   Thumb Code    14  handlers.o(i.__scatterload_copy)
    __scatterload_zeroinit                   0x000005e3   Thumb Code    14  handlers.o(i.__scatterload_zeroinit)
    fpu_init                                 0x000005f1   Thumb Code    62  system_lpc407x_8x_177x_8x.o(i.fpu_init)
    init                                     0x00000641   Thumb Code    12  main.o(i.init)
    main                                     0x0000064d   Thumb Code    12  main.o(i.main)
    update                                   0x00000659   Thumb Code    44  main.o(i.update)
    wait                                     0x00000689   Thumb Code    20  wait.o(i.wait)
    Region$$Table$$Base                      0x0000069c   Number         0  anon$$obj.o(Region$$Table)
    Region$$Table$$Limit                     0x000006bc   Number         0  anon$$obj.o(Region$$Table)
    x                                        0x10000000   Data           4  main.o(.data)
    SystemCoreClock                          0x10000004   Data           4  system_lpc407x_8x_177x_8x.o(.data)
    PeripheralClock                          0x10000008   Data           4  system_lpc407x_8x_177x_8x.o(.data)
    EMCClock                                 0x1000000c   Data           4  system_lpc407x_8x_177x_8x.o(.data)
    USBClock                                 0x10000010   Data           4  system_lpc407x_8x_177x_8x.o(.data)
    __initial_sp                             0x10000418   Data           0  startup_lpc407x_8x_177x_8x.o(STACK)



==============================================================================

Memory Map of the image

  Image Entry point : 0x000000f9

  Load Region LR_1 (Base: 0x00000000, Size: 0x000006d0, Max: 0xffffffff, ABSOLUTE)

    Execution Region ER_RO (Base: 0x00000000, Size: 0x000006bc, Max: 0xffffffff, ABSOLUTE)

    Base Addr    Size         Type   Attr      Idx    E Section Name        Object

    0x00000000   0x000000e4   Data   RO          167    RESET               startup_lpc407x_8x_177x_8x.o
    0x000000e4   0x00000000   Code   RO          217  * .ARM.Collect$$$$00000000  mc_w.l(entry.o)
    0x000000e4   0x00000004   Code   RO          220    .ARM.Collect$$$$00000001  mc_w.l(entry2.o)
    0x000000e8   0x00000004   Code   RO          223    .ARM.Collect$$$$00000004  mc_w.l(entry5.o)
    0x000000ec   0x00000000   Code   RO          225    .ARM.Collect$$$$00000008  mc_w.l(entry7b.o)
    0x000000ec   0x00000000   Code   RO          227    .ARM.Collect$$$$0000000A  mc_w.l(entry8b.o)
    0x000000ec   0x00000008   Code   RO          228    .ARM.Collect$$$$0000000B  mc_w.l(entry9a.o)
    0x000000f4   0x00000000   Code   RO          230    .ARM.Collect$$$$0000000D  mc_w.l(entry10a.o)
    0x000000f4   0x00000000   Code   RO          232    .ARM.Collect$$$$0000000F  mc_w.l(entry11a.o)
    0x000000f4   0x00000004   Code   RO          221    .ARM.Collect$$$$00002712  mc_w.l(entry2.o)
    0x000000f8   0x00000024   Code   RO          169  * .text               startup_lpc407x_8x_177x_8x.o
    0x0000011c   0x00000024   Code   RO          234    .text               mc_w.l(init.o)
    0x00000140   0x00000034   Code   RO          144    i.CarOutputInit     carspeedoutput.o
    0x00000174   0x0000005c   Code   RO           84    i.PWM_Init          pwm.o
    0x000001d0   0x00000038   Code   RO           85    i.PWM_Write         pwm.o
    0x00000208   0x000000ec   Code   RO          179    i.SystemInit        system_lpc407x_8x_177x_8x.o
    0x000002f4   0x00000002   Code   RO          239    i.__scatterload_null  mc_w.l(handlers.o)
    0x000002f6   0x00000006   PAD
    0x000002fc   0x00000004   Code   RO          168    .ARM.__at_0x02FC    startup_lpc407x_8x_177x_8x.o
    0x00000300   0x000002d4   Code   RO          178    i.SystemCoreClockUpdate  system_lpc407x_8x_177x_8x.o
    0x000005d4   0x0000000e   Code   RO          238    i.__scatterload_copy  mc_w.l(handlers.o)
    0x000005e2   0x0000000e   Code   RO          240    i.__scatterload_zeroinit  mc_w.l(handlers.o)
    0x000005f0   0x00000050   Code   RO          180    i.fpu_init          system_lpc407x_8x_177x_8x.o
    0x00000640   0x0000000c   Code   RO            4    i.init              main.o
    0x0000064c   0x0000000c   Code   RO            5    i.main              main.o
    0x00000658   0x00000030   Code   RO            6    i.update            main.o
    0x00000688   0x00000014   Code   RO          114    i.wait              wait.o
    0x0000069c   0x00000020   Data   RO          236    Region$$Table       anon$$obj.o


    Execution Region ER_RW (Base: 0x10000000, Size: 0x00000014, Max: 0xffffffff, ABSOLUTE)

    Base Addr    Size         Type   Attr      Idx    E Section Name        Object

    0x10000000   0x00000004   Data   RW            7    .data               main.o
    0x10000004   0x00000010   Data   RW          181    .data               system_lpc407x_8x_177x_8x.o


    Execution Region ER_ZI (Base: 0x10000014, Size: 0x00000404, Max: 0xffffffff, ABSOLUTE)

    Base Addr    Size         Type   Attr      Idx    E Section Name        Object

    0x10000014   0x00000004   PAD
    0x10000018   0x00000400   Zero   RW          165    STACK               startup_lpc407x_8x_177x_8x.o


==============================================================================

Image component sizes


      Code (inc. data)   RO Data    RW Data    ZI Data      Debug   Object Name

        52          6          0          0          0        440   carspeedoutput.o
        72          4          0          4          0       5991   main.o
       148         18          0          0          0        923   pwm.o
        40         12        228          0       1024       1072   startup_lpc407x_8x_177x_8x.o
      1040         62          0         16          0       4504   system_lpc407x_8x_177x_8x.o
        20          0          0          0          0        479   wait.o

    ----------------------------------------------------------------------
      1372        102        260         20       1028      13409   Object Totals
         0          0         32          0          0          0   (incl. Generated)
         0          0          0          0          4          0   (incl. Padding)

    ----------------------------------------------------------------------

      Code (inc. data)   RO Data    RW Data    ZI Data      Debug   Library Member Name

         0          0          0          0          0          0   entry.o
         0          0          0          0          0          0   entry10a.o
         0          0          0          0          0          0   entry11a.o
         8          4          0          0          0          0   entry2.o
         4          0          0          0          0          0   entry5.o
         0          0          0          0          0          0   entry7b.o
         0          0          0          0          0          0   entry8b.o
         8          4          0          0          0          0   entry9a.o
        30          0          0          0          0          0   handlers.o
        36          8          0          0          0         68   init.o

    ----------------------------------------------------------------------
        92         16          0          0          0         68   Library Totals
         6          0          0          0          0          0   (incl. Padding)

    ----------------------------------------------------------------------

      Code (inc. data)   RO Data    RW Data    ZI Data      Debug   Library Name

        86         16          0          0          0         68   mc_w.l

    ----------------------------------------------------------------------
        92         16          0          0          0         68   Library Totals

    ----------------------------------------------------------------------

==============================================================================


      Code (inc. data)   RO Data    RW Data    ZI Data      Debug   

      1464        118        260         20       1028      12981   Grand Totals
      1464        118        260         20       1028      12981   ELF Image Totals
      1464        118        260         20          0          0   ROM Totals

==============================================================================

    Total RO  Size (Code + RO Data)                 1724 (   1.68kB)
    Total RW  Size (RW Data + ZI Data)              1048 (   1.02kB)
    Total ROM Size (Code + RO Data + RW Data)       1744 (   1.70kB)

==============================================================================

